Component: ARM Compiler 5.06 update 5 (build 528) Tool: armlink [4d35e2]

==============================================================================

Section Cross References

    startup_stm32f103xb.o(STACK) refers (Special) to heapauxi.o(.text) for __use_two_region_memory
    startup_stm32f103xb.o(HEAP) refers (Special) to heapauxi.o(.text) for __use_two_region_memory
    startup_stm32f103xb.o(RESET) refers (Special) to heapauxi.o(.text) for __use_two_region_memory
    startup_stm32f103xb.o(RESET) refers to startup_stm32f103xb.o(STACK) for __initial_sp
    startup_stm32f103xb.o(RESET) refers to startup_stm32f103xb.o(.text) for Reset_Handler
    startup_stm32f103xb.o(RESET) refers to stm32f1xx_it.o(i.NMI_Handler) for NMI_Handler
    startup_stm32f103xb.o(RESET) refers to stm32f1xx_it.o(i.HardFault_Handler) for HardFault_Handler
    startup_stm32f103xb.o(RESET) refers to stm32f1xx_it.o(i.MemManage_Handler) for MemManage_Handler
    startup_stm32f103xb.o(RESET) refers to stm32f1xx_it.o(i.BusFault_Handler) for BusFault_Handler
    startup_stm32f103xb.o(RESET) refers to stm32f1xx_it.o(i.UsageFault_Handler) for UsageFault_Handler
    startup_stm32f103xb.o(RESET) refers to stm32f1xx_it.o(i.SVC_Handler) for SVC_Handler
    startup_stm32f103xb.o(RESET) refers to stm32f1xx_it.o(i.DebugMon_Handler) for DebugMon_Handler
    startup_stm32f103xb.o(RESET) refers to stm32f1xx_it.o(i.PendSV_Handler) for PendSV_Handler
    startup_stm32f103xb.o(RESET) refers to stm32f1xx_it.o(i.SysTick_Handler) for SysTick_Handler
    startup_stm32f103xb.o(RESET) refers to stm32f1xx_it.o(i.USB_LP_CAN1_RX0_IRQHandler) for USB_LP_CAN1_RX0_IRQHandler
    startup_stm32f103xb.o(RESET) refers to stm32f1xx_it.o(i.TIM1_BRK_IRQHandler) for TIM1_BRK_IRQHandler
    startup_stm32f103xb.o(RESET) refers to stm32f1xx_it.o(i.TIM1_UP_IRQHandler) for TIM1_UP_IRQHandler
    startup_stm32f103xb.o(RESET) refers to stm32f1xx_it.o(i.TIM1_TRG_COM_IRQHandler) for TIM1_TRG_COM_IRQHandler
    startup_stm32f103xb.o(RESET) refers to stm32f1xx_it.o(i.TIM1_CC_IRQHandler) for TIM1_CC_IRQHandler
    startup_stm32f103xb.o(.text) refers (Special) to heapauxi.o(.text) for __use_two_region_memory
    startup_stm32f103xb.o(.text) refers to system_stm32f1xx.o(i.SystemInit) for SystemInit
    startup_stm32f103xb.o(.text) refers to __main.o(!!!main) for __main
    startup_stm32f103xb.o(.text) refers to startup_stm32f103xb.o(HEAP) for Heap_Mem
    startup_stm32f103xb.o(.text) refers to startup_stm32f103xb.o(STACK) for Stack_Mem
    main.o(i.SystemClock_Config) refers to rt_memclr_w.o(.text) for __aeabi_memclr4
    main.o(i.SystemClock_Config) refers to stm32f1xx_hal_rcc.o(i.HAL_RCC_OscConfig) for HAL_RCC_OscConfig
    main.o(i.SystemClock_Config) refers to stm32f1xx_hal_rcc.o(i.HAL_RCC_ClockConfig) for HAL_RCC_ClockConfig
    main.o(i.SystemClock_Config) refers to stm32f1xx_hal_rcc_ex.o(i.HAL_RCCEx_PeriphCLKConfig) for HAL_RCCEx_PeriphCLKConfig
    main.o(i.main) refers to stm32f1xx_hal.o(i.HAL_Init) for HAL_Init
    main.o(i.main) refers to main.o(i.SystemClock_Config) for SystemClock_Config
    main.o(i.main) refers to gpio.o(i.MX_GPIO_Init) for MX_GPIO_Init
    main.o(i.main) refers to usb_device.o(i.MX_USB_DEVICE_Init) for MX_USB_DEVICE_Init
    main.o(i.main) refers to tim.o(i.MX_TIM1_Init) for MX_TIM1_Init
    main.o(i.main) refers to usart.o(i.MX_USART3_UART_Init) for MX_USART3_UART_Init
    main.o(i.main) refers to oled.o(i.OLED_Init) for OLED_Init
    main.o(i.main) refers to hc_06.o(i.HC06_Init) for HC06_Init
    main.o(i.main) refers to rotary_encoder.o(i.Encoder_Init) for Encoder_Init
    main.o(i.main) refers to rotary_encoder.o(i.Encoder_Detection) for Encoder_Detection
    main.o(i.main) refers to oled.o(i.OLED_Printf) for OLED_Printf
    main.o(i.main) refers to oled.o(i.OLED_Update) for OLED_Update
    main.o(i.main) refers to rotary_encoder.o(.data) for Rotary_Encoder_Count
    gpio.o(i.MX_GPIO_Init) refers to stm32f1xx_hal_gpio.o(i.HAL_GPIO_WritePin) for HAL_GPIO_WritePin
    gpio.o(i.MX_GPIO_Init) refers to stm32f1xx_hal_gpio.o(i.HAL_GPIO_Init) for HAL_GPIO_Init
    tim.o(i.HAL_TIM_Encoder_MspDeInit) refers to stm32f1xx_hal_gpio.o(i.HAL_GPIO_DeInit) for HAL_GPIO_DeInit
    tim.o(i.HAL_TIM_Encoder_MspDeInit) refers to stm32f1xx_hal_cortex.o(i.HAL_NVIC_DisableIRQ) for HAL_NVIC_DisableIRQ
    tim.o(i.HAL_TIM_Encoder_MspInit) refers to stm32f1xx_hal_gpio.o(i.HAL_GPIO_Init) for HAL_GPIO_Init
    tim.o(i.HAL_TIM_Encoder_MspInit) refers to stm32f1xx_hal_cortex.o(i.HAL_NVIC_SetPriority) for HAL_NVIC_SetPriority
    tim.o(i.HAL_TIM_Encoder_MspInit) refers to stm32f1xx_hal_cortex.o(i.HAL_NVIC_EnableIRQ) for HAL_NVIC_EnableIRQ
    tim.o(i.MX_TIM1_Init) refers to rt_memclr_w.o(.text) for __aeabi_memclr4
    tim.o(i.MX_TIM1_Init) refers to stm32f1xx_hal_tim.o(i.HAL_TIM_Encoder_Init) for HAL_TIM_Encoder_Init
    tim.o(i.MX_TIM1_Init) refers to main.o(i.Error_Handler) for Error_Handler
[...]
    mem                                      0x20000ad0   Data          20  usbd_conf.o(.bss)
    .bss                                     0x20000dd4   Section       96  libspace.o(.bss)
    HEAP                                     0x20000e38   Section      512  startup_stm32f103xb.o(HEAP)
    Heap_Mem                                 0x20000e38   Data         512  startup_stm32f103xb.o(HEAP)
    STACK                                    0x20001038   Section     1024  startup_stm32f103xb.o(STACK)
    Stack_Mem                                0x20001038   Data        1024  startup_stm32f103xb.o(STACK)
    __initial_sp                             0x20001438   Data           0  startup_stm32f103xb.o(STACK)

    Global Symbols

    Symbol Name                              Value     Ov Type        Size  Object(Section)

    BuildAttributes$$THM_ISAv4$P$D$K$B$S$PE$A:L22UL41UL21$X:L11$S22US41US21$IEEE1$IW$USESV6$~STKCKD$USESV7$~SHL$OTIME$ROPI$IEEEX$EBA8$UX$STANDARDLIB$REQ8$PRES8$EABIv2 0x00000000   Number         0  anon$$obj.o ABSOLUTE
    __ARM_use_no_argv                        0x00000000   Number         0  main.o ABSOLUTE
    _printf_flags                            0x00000000   Number         0  printf_stubs.o ABSOLUTE
    _printf_return_value                     0x00000000   Number         0  printf_stubs.o ABSOLUTE
    _printf_sizespec                         0x00000000   Number         0  printf_stubs.o ABSOLUTE
    _printf_widthprec                        0x00000000   Number         0  printf_stubs.o ABSOLUTE
    __ARM_exceptions_init                     - Undefined Weak Reference
    __alloca_initialize                       - Undefined Weak Reference
    __arm_preinit_                            - Undefined Weak Reference
    __cpp_initialize__aeabi_                  - Undefined Weak Reference
    __cxa_finalize                            - Undefined Weak Reference
    __sigvec_lookup                           - Undefined Weak Reference
    _atexit_init                              - Undefined Weak Reference
    _call_atexit_fns                          - Undefined Weak Reference
    _clock_init                               - Undefined Weak Reference
    _fp_trap_init                             - Undefined Weak Reference
    _fp_trap_shutdown                         - Undefined Weak Reference
    _get_lc_collate                           - Undefined Weak Reference
    _get_lc_monetary                          - Undefined Weak Reference
    _get_lc_time                              - Undefined Weak Reference
    _getenv_init                              - Undefined Weak Reference
    _handle_redirection                       - Undefined Weak Reference
    _init_alloc                               - Undefined Weak Reference
    _init_user_alloc                          - Undefined Weak Reference
    _initio                                   - Undefined Weak Reference
    _printf_mbtowc                            - Undefined Weak Reference
    _printf_wc                                - Undefined Weak Reference
    _rand_init                                - Undefined Weak Reference
    _signal_finish                            - Undefined Weak Reference
    _signal_init                              - Undefined Weak Reference
    _terminate_alloc                          - Undefined Weak Reference
    _terminate_user_alloc                     - Undefined Weak Reference
    _terminateio                              - Undefined Weak Reference
    __Vectors_Size                           0x000000ec   Number         0  startup_stm32f103xb.o ABSOLUTE
    __Vectors                                0x08000000   Data           4  startup_stm32f103xb.o(RESET)
    __Vectors_End                            0x080000ec   Data           0  startup_stm32f103xb.o(RESET)
    __main                                   0x080000ed   Thumb Code     8  __main.o(!!!main)
    __scatterload                            0x080000f5   Thumb Code     0  __scatter.o(!!!scatter)
    __scatterload_rt2                        0x080000f5   Thumb Code    44  __scatter.o(!!!scatter)
    __scatterload_rt2_thumb_only             0x080000f5   Thumb Code     0  __scatter.o(!!!scatter)
    __scatterload_null                       0x08000103   Thumb Code     0  __scatter.o(!!!scatter)
    __decompress                             0x08000129   Thumb Code    90  __dczerorl2.o(!!dczerorl2)
    __decompress1                            0x08000129   Thumb Code     0  __dczerorl2.o(!!dczerorl2)
    __scatterload_zeroinit                   0x08000185   Thumb Code    28  __scatter_zi.o(!!handler_zi)
    _printf_n                                0x080001a1   Thumb Code     0  _printf_n.o(.ARM.Collect$$_printf_percent$$00000001)
    _printf_percent                          0x080001a1   Thumb Code     0  _printf_percent.o(.ARM.Collect$$_printf_percent$$00000000)
    _printf_p                                0x080001a7   Thumb Code     0  _printf_p.o(.ARM.Collect$$_printf_percent$$00000002)
    _printf_f                                0x080001ad   Thumb Code     0  _printf_f.o(.ARM.Collect$$_printf_percent$$00000003)
    _printf_e                                0x080001b3   Thumb Code     0  _printf_e.o(.ARM.Collect$$_printf_percent$$00000004)
    _printf_g                                0x080001b9   Thumb Code     0  _printf_g.o(.ARM.Collect$$_printf_percent$$00000005)
    _printf_a                                0x080001bf   Thumb Code     0  _printf_a.o(.ARM.Collect$$_printf_percent$$00000006)
    _printf_ll                               0x080001c5   Thumb Code     0  _printf_ll.o(.ARM.Collect$$_printf_percent$$00000007)
    _printf_i                                0x080001cf   Thumb Code     0  _printf_i.o(.ARM.Collect$$_printf_percent$$00000008)
    _printf_d                                0x080001d5   Thumb Code     0  _printf_d.o(.ARM.Collect$$_printf_percent$$00000009)
    _printf_u                                0x080001db   Thumb Code     0  _printf_u.o(.ARM.Collect$$_printf_percent$$0000000A)
    _printf_o                                0x080001e1   Thumb Code     0  _printf_o.o(.ARM.Collect$$_printf_percent$$0000000B)
    _printf_x                                0x080001e7   Thumb Code     0  _printf_x.o(.ARM.Collect$$_printf_percent$$0000000C)
    _printf_lli                              0x080001ed   Thumb Code     0  _printf_lli.o(.ARM.Collect$$_printf_percent$$0000000D)
    _printf_lld                              0x080001f3   Thumb Code     0  _printf_lld.o(.ARM.Collect$$_printf_percent$$0000000E)
    _printf_llu                              0x080001f9   Thumb Code     0  _printf_llu.o(.ARM.Collect$$_printf_percent$$0000000F)
    _printf_llo                              0x080001ff   Thumb Code     0  _printf_llo.o(.ARM.Collect$$_printf_percent$$00000010)
    _printf_llx                              0x08000205   Thumb Code     0  _printf_llx.o(.ARM.Collect$$_printf_percent$$00000011)
    _printf_l                                0x0800020b   Thumb Code     0  _printf_l.o(.ARM.Collect$$_printf_percent$$00000012)
    _printf_c                                0x08000215   Thumb Code     0  _printf_c.o(.ARM.Collect$$_printf_percent$$00000013)
    _printf_s                                0x0800021b   Thumb Code     0  _printf_s.o(.ARM.Collect$$_printf_percent$$00000014)
    _printf_lc                               0x08000221   Thumb Code     0  _printf_lc.o(.ARM.Collect$$_printf_percent$$00000015)
    _printf_ls                               0x08000227   Thumb Code     0  _printf_ls.o(.ARM.Collect$$_printf_percent$$00000016)
    _printf_percent_end                      0x0800022d   Thumb Code     0  _printf_percent_end.o(.ARM.Collect$$_printf_percent$$00000017)
    __rt_lib_init                            0x08000231   Thumb Code     0  libinit.o(.ARM.Collect$$libinit$$00000000)
    __rt_lib_init_fp_1                       0x08000233   Thumb Code     0  libinit2.o(.ARM.Collect$$libinit$$00000002)
    __rt_lib_init_heap_1                     0x08000233   Thumb Code     0  libinit2.o(.ARM.Collect$$libinit$$0000000A)
    __rt_lib_init_lc_common                  0x08000233   Thumb Code     0  libinit2.o(.ARM.Collect$$libinit$$0000000F)
    __rt_lib_init_preinit_1                  0x08000233   Thumb Code     0  libinit2.o(.ARM.Collect$$libinit$$00000004)
    __rt_lib_init_rand_1                     0x08000233   Thumb Code     0  libinit2.o(.ARM.Collect$$libinit$$0000000E)
    __rt_lib_init_user_alloc_1               0x08000233   Thumb Code     0  libinit2.o(.ARM.Collect$$libinit$$0000000C)
    __rt_lib_init_lc_collate_1               0x08000239   Thumb Code     0  libinit2.o(.ARM.Collect$$libinit$$00000011)
    __rt_lib_init_lc_ctype_2                 0x08000239   Thumb Code     0  libinit2.o(.ARM.Collect$$libinit$$00000012)
    __rt_lib_init_lc_ctype_1                 0x08000245   Thumb Code     0  libinit2.o(.ARM.Collect$$libinit$$00000013)
    __rt_lib_init_lc_monetary_1              0x08000245   Thumb Code     0  libinit2.o(.ARM.Collect$$libinit$$00000015)
    __rt_lib_init_lc_numeric_2               0x08000245   Thumb Code     0  libinit2.o(.ARM.Collect$$libinit$$00000016)
    __rt_lib_init_alloca_1                   0x0800024f   Thumb Code     0  libinit2.o(.ARM.Collect$$libinit$$0000002E)
    __rt_lib_init_argv_1                     0x0800024f   Thumb Code     0  libinit2.o(.ARM.Collect$$libinit$$0000002C)
    __rt_lib_init_atexit_1                   0x0800024f   Thumb Code     0  libinit2.o(.ARM.Collect$$libinit$$0000001B)
    __rt_lib_init_clock_1                    0x0800024f   Thumb Code     0  libinit2.o(.ARM.Collect$$libinit$$00000021)
    __rt_lib_init_cpp_1                      0x0800024f   Thumb Code     0  libinit2.o(.ARM.Collect$$libinit$$00000032)
    __rt_lib_init_exceptions_1               0x0800024f   Thumb Code     0  libinit2.o(.ARM.Collect$$libinit$$00000030)
    __rt_lib_init_fp_trap_1                  0x0800024f   Thumb Code     0  libinit2.o(.ARM.Collect$$libinit$$0000001F)
    __rt_lib_init_getenv_1                   0x0800024f   Thumb Code     0  libinit2.o(.ARM.Collect$$libinit$$00000023)
    __rt_lib_init_lc_numeric_1               0x0800024f   Thumb Code     0  libinit2.o(.ARM.Collect$$libinit$$00000017)
    __rt_lib_init_lc_time_1                  0x0800024f   Thumb Code     0  libinit2.o(.ARM.Collect$$libinit$$00000019)
    __rt_lib_init_return                     0x0800024f   Thumb Code     0  libinit2.o(.ARM.Collect$$libinit$$00000033)
    __rt_lib_init_signal_1                   0x0800024f   Thumb Code     0  libinit2.o(.ARM.Collect$$libinit$$0000001D)
    __rt_lib_init_stdio_1                    0x0800024f   Thumb Code     0  libinit2.o(.ARM.Collect$$libinit$$00000025)
    __rt_lib_shutdown                        0x08000251   Thumb Code     0  libshutdown.o(.ARM.Collect$$libshutdown$$00000000)
    __rt_lib_shutdown_cpp_1                  0x08000253   Thumb Code     0  libshutdown2.o(.ARM.Collect$$libshutdown$$00000002)
    __rt_lib_shutdown_fp_trap_1              0x08000253   Thumb Code     0  libshutdown2.o(.ARM.Collect$$libshutdown$$00000007)
    __rt_lib_shutdown_heap_1                 0x08000253   Thumb Code     0  libshutdown2.o(.ARM.Collect$$libshutdown$$0000000F)
    __rt_lib_shutdown_return                 0x08000253   Thumb Code     0  libshutdown2.o(.ARM.Collect$$libshutdown$$00000010)
    __rt_lib_shutdown_signal_1               0x08000253   Thumb Code     0  libshutdown2.o(.ARM.Collect$$libshutdown$$0000000A)
    __rt_lib_shutdown_stdio_1                0x08000253   Thumb Code     0  libshutdown2.o(.ARM.Collect$$libshutdown$$00000004)
    __rt_lib_shutdown_user_alloc_1           0x08000253   Thumb Code     0  libshutdown2.o(.ARM.Collect$$libshutdown$$0000000C)
    __rt_entry                               0x08000255   Thumb Code     0  __rtentry.o(.ARM.Collect$$rtentry$$00000000)
    __rt_entry_presh_1                       0x08000255   Thumb Code     0  __rtentry2.o(.ARM.Collect$$rtentry$$00000002)
    __rt_entry_sh                            0x08000255   Thumb Code     0  __rtentry4.o(.ARM.Collect$$rtentry$$00000004)
    __rt_entry_li                            0x0800025b   Thumb Code     0  __rtentry2.o(.ARM.Collect$$rtentry$$0000000A)
    __rt_entry_postsh_1                      0x0800025b   Thumb Code     0  __rtentry2.o(.ARM.Collect$$rtentry$$00000009)
    __rt_entry_main                          0x0800025f   Thumb Code     0  __rtentry2.o(.ARM.Collect$$rtentry$$0000000D)
    __rt_entry_postli_1                      0x0800025f   Thumb Code     0  __rtentry2.o(.ARM.Collect$$rtentry$$0000000C)
    __rt_exit                                0x08000267   Thumb Code     0  rtexit.o(.ARM.Collect$$rtexit$$00000000)
    __rt_exit_ls                             0x08000269   Thumb Code     0  rtexit2.o(.ARM.Collect$$rtexit$$00000003)
    __rt_exit_prels_1                        0x08000269   Thumb Code     0  rtexit2.o(.ARM.Collect$$rtexit$$00000002)
    __rt_exit_exit                           0x0800026d   Thumb Code     0  rtexit2.o(.ARM.Collect$$rtexit$$00000004)
    Reset_Handler                            0x08000275   Thumb Code     8  startup_stm32f103xb.o(.text)
    ADC1_2_IRQHandler                        0x0800028f   Thumb Code     0  startup_stm32f103xb.o(.text)
    CAN1_RX1_IRQHandler                      0x0800028f   Thumb Code     0  startup_stm32f103xb.o(.text)
    CAN1_SCE_IRQHandler                      0x0800028f   Thumb Code     0  startup_stm32f103xb.o(.text)
    DMA1_Channel1_IRQHandler                 0x0800028f   Thumb Code     0  startup_stm32f103xb.o(.text)
    DMA1_Channel2_IRQHandler                 0x0800028f   Thumb Code     0  startup_stm32f103xb.o(.text)
    DMA1_Channel3_IRQHandler                 0x0800028f   Thumb Code     0  startup_stm32f103xb.o(.text)
    DMA1_Channel4_IRQHandler                 0x0800028f   Thumb Code     0  startup_stm32f103xb.o(.text)
    DMA1_Channel5_IRQHandler                 0x0800028f   Thumb Code     0  startup_stm32f103xb.o(.text)
    DMA1_Channel6_IRQHandler                 0x0800028f   Thumb Code     0  startup_stm32f103xb.o(.text)
    DMA1_Channel7_IRQHandler                 0x0800028f   Thumb Code     0  startup_stm32f103xb.o(.text)
    EXTI0_IRQHandler                         0x0800028f   Thumb Code     0  startup_stm32f103xb.o(.text)
    EXTI15_10_IRQHandler                     0x0800028f   Thumb Code     0  startup_stm32f103xb.o(.text)
    EXTI1_IRQHandler                         0x0800028f   Thumb Code     0  startup_stm32f103xb.o(.text)
    EXTI2_IRQHandler                         0x0800028f   Thumb Code     0  startup_stm32f103xb.o(.text)
    EXTI3_IRQHandler                         0x0800028f   Thumb Code     0  startup_stm32f103xb.o(.text)
    EXTI4_IRQHandler                         0x0800028f   Thumb Code     0  startup_stm32f103xb.o(.text)
    EXTI9_5_IRQHandler                       0x0800028f   Thumb Code     0  startup_stm32f103xb.o(.text)
    FLASH_IRQHandler                         0x0800028f   Thumb Code     0  startup_stm32f103xb.o(.text)
    I2C1_ER_IRQHandler                       0x0800028f   Thumb Code     0  startup_stm32f103xb.o(.text)
    I2C1_EV_IRQHandler                       0x0800028f   Thumb Code     0  startup_stm32f103xb.o(.text)
    I2C2_ER_IRQHandler                       0x0800028f   Thumb Code     0  startup_stm32f103xb.o(.text)
    I2C2_EV_IRQHandler                       0x0800028f   Thumb Code     0  startup_stm32f103xb.o(.text)
    PVD_IRQHandler                           0x0800028f   Thumb Code     0  startup_stm32f103xb.o(.text)
    RCC_IRQHandler                           0x0800028f   Thumb Code     0  startup_stm32f103xb.o(.text)
    RTC_Alarm_IRQHandler                     0x0800028f   Thumb Code     0  startup_stm32f103xb.o(.text)
    RTC_IRQHandler                           0x0800028f   Thumb Code     0  startup_stm32f103xb.o(.text)
    SPI1_IRQHandler                          0x0800028f   Thumb Code     0  startup_stm32f103xb.o(.text)
    SPI2_IRQHandler                          0x0800028f   Thumb Code     0  startup_stm32f103xb.o(.text)
    TAMPER_IRQHandler                        0x0800028f   Thumb Code     0  startup_stm32f103xb.o(.text)
    TIM2_IRQHandler                          0x0800028f   Thumb Code     0  startup_stm32f103xb.o(.text)
    TIM3_IRQHandler                          0x0800028f   Thumb Code     0  startup_stm32f103xb.o(.text)
    TIM4_IRQHandler                          0x0800028f   Thumb Code     0  startup_stm32f103xb.o(.text)
    USART1_IRQHandler                        0x0800028f   Thumb Code     0  startup_stm32f103xb.o(.text)
    USART2_IRQHandler                        0x0800028f   Thumb Code     0  startup_stm32f103xb.o(.text)
    USART3_IRQHandler                        0x0800028f   Thumb Code     0  startup_stm32f103xb.o(.text)
    USBWakeUp_IRQHandler                     0x0800028f   Thumb Code     0  startup_stm32f103xb.o(.text)
    USB_HP_CAN1_TX_IRQHandler                0x0800028f   Thumb Code     0  startup_stm32f103xb.o(.text)
    WWDG_IRQHandler                          0x0800028f   Thumb Code     0  startup_stm32f103xb.o(.text)
    __user_initial_stackheap                 0x08000291   Thumb Code     0  startup_stm32f103xb.o(.text)
    vsprintf                                 0x080002b5   Thumb Code    32  vsprintf.o(.text)
    __aeabi_memcpy4                          0x080002d9   Thumb Code     0  rt_memcpy_w.o(.text)
    __aeabi_memcpy8                          0x080002d9   Thumb Code     0  rt_memcpy_w.o(.text)
    __rt_memcpy_w                            0x080002d9   Thumb Code   100  rt_memcpy_w.o(.text)
    _memcpy_lastbytes_aligned                0x08000321   Thumb Code     0  rt_memcpy_w.o(.text)
    __aeabi_memclr4                          0x0800033d   Thumb Code     0  rt_memclr_w.o(.text)
    __aeabi_memclr8                          0x0800033d   Thumb Code     0  rt_memclr_w.o(.text)
    __rt_memclr_w                            0x0800033d   Thumb Code    78  rt_memclr_w.o(.text)
    _memset_w                                0x08000341   Thumb Code     0  rt_memclr_w.o(.text)
    strcmp                                   0x0800038d   Thumb Code   128  strcmpv7m.o(.text)
    __use_two_region_memory                  0x0800040d   Thumb Code     2  heapauxi.o(.text)
    __rt_heap_escrow$2region                 0x0800040f   Thumb Code     2  heapauxi.o(.text)
    __rt_heap_expand$2region                 0x08000411   Thumb Code     2  heapauxi.o(.text)
    _printf_pre_padding                      0x08000413   Thumb Code    44  _printf_pad.o(.text)
    _printf_post_padding                     0x0800043f   Thumb Code    34  _printf_pad.o(.text)
    _printf_truncate_signed                  0x08000461   Thumb Code    18  _printf_truncate.o(.text)
    _printf_truncate_unsigned                0x08000473   Thumb Code    18  _printf_truncate.o(.text)
    _printf_str                              0x08000485   Thumb Code    82  _printf_str.o(.text)
    _printf_int_dec                          0x080004d9   Thumb Code   104  _printf_dec.o(.text)
    _printf_charcount                        0x08000551   Thumb Code    40  _printf_charcount.o(.text)
    _printf_char_common                      0x08000583   Thumb Code    32  _printf_char_common.o(.text)
    _sputc                                   0x080005a9   Thumb Code    10  _sputc.o(.text)
    _printf_wctomb                           0x080005b5   Thumb Code   182  _printf_wctomb.o(.text)
    _printf_longlong_dec                     0x08000671   Thumb Code   108  _printf_longlong_dec.o(.text)
    _printf_longlong_oct                     0x080006ed   Thumb Code    66  _printf_oct_int_ll.o(.text)
    _printf_int_oct                          0x0800072f   Thumb Code    24  _printf_oct_int_ll.o(.text)
    _printf_ll_oct                           0x08000747   Thumb Code    12  _printf_oct_int_ll.o(.text)
    _printf_longlong_hex                     0x0800075d   Thumb Code    86  _printf_hex_int_ll_ptr.o(.text)
    _printf_int_hex                          0x080007b3   Thumb Code    28  _printf_hex_int_ll_ptr.o(.text)
    _printf_ll_hex                           0x080007cf   Thumb Code    12  _printf_hex_int_ll_ptr.o(.text)
    _printf_hex_ptr                          0x080007db   Thumb Code    18  _printf_hex_int_ll_ptr.o(.text)
    __printf                                 0x080007f1   Thumb Code   388  __printf_flags_ss_wp.o(.text)
    _ll_udiv10                               0x08000979   Thumb Code   138  lludiv10.o(.text)
    _printf_int_common                       0x08000a03   Thumb Code   178  _printf_intcommon.o(.text)
    __lib_sel_fp_printf                      0x08000ab5   Thumb Code     2  _printf_fp_dec.o(.text)
    _printf_fp_dec_real                      0x08000c67   Thumb Code   620  _printf_fp_dec.o(.text)
    _printf_fp_hex_real                      0x08000ed5   Thumb Code   756  _printf_fp_hex.o(.text)
    _printf_cs_common                        0x080011d1   Thumb Code    20  _printf_char.o(.text)
    _printf_char                             0x080011e5   Thumb Code    16  _printf_char.o(.text)
    _printf_string                           0x080011f5   Thumb Code     8  _printf_char.o(.text)
    _printf_lcs_common                       0x080011fd   Thumb Code    20  _printf_wchar.o(.text)
    _printf_wchar                            0x08001211   Thumb Code    16  _printf_wchar.o(.text)
    _printf_wstring                          0x08001221   Thumb Code     8  _printf_wchar.o(.text)
    _wcrtomb                                 0x08001229   Thumb Code    64  _wcrtomb.o(.text)
    __user_libspace                          0x08001269   Thumb Code     8  libspace.o(.text)
    __user_perproc_libspace                  0x08001269   Thumb Code     0  libspace.o(.text)
    __user_perthread_libspace                0x08001269   Thumb Code     0  libspace.o(.text)
    __user_setup_stackheap                   0x08001271   Thumb Code    74  sys_stackheap_outer.o(.text)
    __rt_ctype_table                         0x080012bd   Thumb Code    16  rt_ctype_table.o(.text)
    __rt_locale                              0x080012cd   Thumb Code     8  rt_locale_intlibspace.o(.text)
    _printf_fp_infnan                        0x080012d5   Thumb Code   112  _printf_fp_infnan.o(.text)
    _btod_etento                             0x08001355   Thumb Code   224  bigflt0.o(.text)
    exit                                     0x08001439   Thumb Code    18  exit.o(.text)
    _sys_exit                                0x0800144d   Thumb Code     8  sys_exit.o(.text)
    __I$use$semihosting                      0x08001459   Thumb Code     0  use_no_semi.o(.text)
    __use_no_semihosting_swi                 0x08001459   Thumb Code     2  use_no_semi.o(.text)
    __semihosting_library_function           0x0800145b   Thumb Code     0  indicate_semi.o(.text)
    _btod_d2e                                0x0800145b   Thumb Code    62  btod.o(CL$$btod_d2e)
    _d2e_denorm_low                          0x08001499   Thumb Code    70  btod.o(CL$$btod_d2e_denorm_low)
    _d2e_norm_op1                            0x080014df   Thumb Code    96  btod.o(CL$$btod_d2e_norm_op1)
    __btod_div_common                        0x0800153f   Thumb Code   696  btod.o(CL$$btod_div_common)
    _e2e                                     0x08001877   Thumb Code   220  btod.o(CL$$btod_e2e)
    _btod_ediv                               0x08001953   Thumb Code    42  btod.o(CL$$btod_ediv)
    _btod_emul                               0x0800197d   Thumb Code    42  btod.o(CL$$btod_emul)
    __btod_mult_common                       0x080019a7   Thumb Code   580  btod.o(CL$$btod_mult_common)
    BusFault_Handler                         0x08001beb   Thumb Code     2  stm32f1xx_it.o(i.BusFault_Handler)
    DebugMon_Handler                         0x08001bed   Thumb Code     2  stm32f1xx_it.o(i.DebugMon_Handler)
    Encoder_Detection                        0x08001bf1   Thumb Code    34  rotary_encoder.o(i.Encoder_Detection)
    Encoder_Init                             0x08001c19   Thumb Code    32  rotary_encoder.o(i.Encoder_Init)
    Error_Handler                            0x08001c3d   Thumb Code     4  main.o(i.Error_Handler)
    HAL_GPIO_Init                            0x08001c41   Thumb Code   446  stm32f1xx_hal_gpio.o(i.HAL_GPIO_Init)
    HAL_GPIO_ReadPin                         0x08001e21   Thumb Code    10  stm32f1xx_hal_gpio.o(i.HAL_GPIO_ReadPin)
    HAL_GPIO_WritePin                        0x08001e2b   Thumb Code    10  stm32f1xx_hal_gpio.o(i.HAL_GPIO_WritePin)
    HAL_GetTick                              0x08001e35   Thumb Code     6  stm32f1xx_hal.o(i.HAL_GetTick)
    HAL_IncTick                              0x08001e41   Thumb Code    12  stm32f1xx_hal.o(i.HAL_IncTick)
    HAL_Init                                 0x08001e51   Thumb Code    32  stm32f1xx_hal.o(i.HAL_Init)
    HAL_InitTick                             0x08001e75   Thumb Code    54  stm32f1xx_hal.o(i.HAL_InitTick)
    HAL_MspInit                              0x08001eb5   Thumb Code    52  stm32f1xx_hal_msp.o(i.HAL_MspInit)
    HAL_NVIC_EnableIRQ                       0x08001ef1   Thumb Code    26  stm32f1xx_hal_cortex.o(i.HAL_NVIC_EnableIRQ)
    HAL_NVIC_SetPriority                     0x08001f0d   Thumb Code    60  stm32f1xx_hal_cortex.o(i.HAL_NVIC_SetPriority)
    HAL_NVIC_SetPriorityGrouping             0x08001f4d   Thumb Code    26  stm32f1xx_hal_cortex.o(i.HAL_NVIC_SetPriorityGrouping)
    HAL_PCDEx_PMAConfig                      0x08001f71   Thumb Code    60  stm32f1xx_hal_pcd_ex.o(i.HAL_PCDEx_PMAConfig)
    HAL_PCDEx_SetConnectionState             0x08001fad   Thumb Code     2  usbd_conf.o(i.HAL_PCDEx_SetConnectionState)
    HAL_PCD_DataInStageCallback              0x08001faf   Thumb Code    18  usbd_conf.o(i.HAL_PCD_DataInStageCallback)
    HAL_PCD_DataOutStageCallback             0x08001fc1   Thumb Code    20  usbd_conf.o(i.HAL_PCD_DataOutStageCallback)
    HAL_PCD_EP_Close                         0x08001fd5   Thumb Code    76  stm32f1xx_hal_pcd.o(i.HAL_PCD_EP_Close)
    HAL_PCD_EP_ClrStall                      0x08002021   Thumb Code    92  stm32f1xx_hal_pcd.o(i.HAL_PCD_EP_ClrStall)
    HAL_PCD_EP_Open                          0x0800249b   Thumb Code    90  stm32f1xx_hal_pcd.o(i.HAL_PCD_EP_Open)
    HAL_PCD_EP_Receive                       0x080024f5   Thumb Code    46  stm32f1xx_hal_pcd.o(i.HAL_PCD_EP_Receive)
    HAL_PCD_EP_SetStall                      0x08002523   Thumb Code   114  stm32f1xx_hal_pcd.o(i.HAL_PCD_EP_SetStall)
    HAL_PCD_EP_Transmit                      0x08002595   Thumb Code    48  stm32f1xx_hal_pcd.o(i.HAL_PCD_EP_Transmit)
    HAL_PCD_IRQHandler                       0x080025c5   Thumb Code   308  stm32f1xx_hal_pcd.o(i.HAL_PCD_IRQHandler)
    HAL_PCD_Init                             0x080026f9   Thumb Code   218  stm32f1xx_hal_pcd.o(i.HAL_PCD_Init)
    HAL_PCD_MspInit                          0x080027d5   Thumb Code    50  usbd_conf.o(i.HAL_PCD_MspInit)
    HAL_PCD_ResetCallback                    0x08002811   Thumb Code    38  usbd_conf.o(i.HAL_PCD_ResetCallback)
    HAL_PCD_ResumeCallback                   0x08002837   Thumb Code     8  usbd_conf.o(i.HAL_PCD_ResumeCallback)
    HAL_PCD_SOFCallback                      0x0800283f   Thumb Code     8  usbd_conf.o(i.HAL_PCD_SOFCallback)
    HAL_PCD_SetAddress                       0x08002847   Thumb Code    40  stm32f1xx_hal_pcd.o(i.HAL_PCD_SetAddress)
    HAL_PCD_SetupStageCallback               0x0800286f   Thumb Code    14  usbd_conf.o(i.HAL_PCD_SetupStageCallback)
    HAL_PCD_Start                            0x0800287d   Thumb Code    50  stm32f1xx_hal_pcd.o(i.HAL_PCD_Start)
    HAL_PCD_SuspendCallback                  0x080028b1   Thumb Code    30  usbd_conf.o(i.HAL_PCD_SuspendCallback)
    HAL_RCCEx_PeriphCLKConfig                0x080028d5   Thumb Code   224  stm32f1xx_hal_rcc_ex.o(i.HAL_RCCEx_PeriphCLKConfig)
    HAL_RCC_ClockConfig                      0x080029c1   Thumb Code   280  stm32f1xx_hal_rcc.o(i.HAL_RCC_ClockConfig)
    HAL_RCC_GetPCLK1Freq                     0x08002aed   Thumb Code    20  stm32f1xx_hal_rcc.o(i.HAL_RCC_GetPCLK1Freq)
    HAL_RCC_GetPCLK2Freq                     0x08002b0d   Thumb Code    20  stm32f1xx_hal_rcc.o(i.HAL_RCC_GetPCLK2Freq)
    HAL_RCC_GetSysClockFreq                  0x08002b2d   Thumb Code    58  stm32f1xx_hal_rcc.o(i.HAL_RCC_GetSysClockFreq)
    HAL_RCC_OscConfig                        0x08002b79   Thumb Code   778  stm32f1xx_hal_rcc.o(i.HAL_RCC_OscConfig)
    HAL_SYSTICK_Config                       0x08002e99   Thumb Code    40  stm32f1xx_hal_cortex.o(i.HAL_SYSTICK_Config)
    HAL_TIMEx_BreakCallback                  0x08002ec1   Thumb Code     2  stm32f1xx_hal_tim_ex.o(i.HAL_TIMEx_BreakCallback)
    HAL_TIMEx_CommutCallback                 0x08002ec3   Thumb Code     2  stm32f1xx_hal_tim_ex.o(i.HAL_TIMEx_CommutCallback)
    HAL_TIMEx_MasterConfigSynchronization    0x08002ec5   Thumb Code    92  stm32f1xx_hal_tim_ex.o(i.HAL_TIMEx_MasterConfigSynchronization)
    HAL_TIM_Encoder_Init                     0x08002f2d   Thumb Code   164  stm32f1xx_hal_tim.o(i.HAL_TIM_Encoder_Init)
    HAL_TIM_Encoder_MspInit                  0x08002fd1   Thumb Code   138  tim.o(i.HAL_TIM_Encoder_MspInit)
    HAL_TIM_Encoder_Start                    0x08003069   Thumb Code   142  stm32f1xx_hal_tim.o(i.HAL_TIM_Encoder_Start)
    HAL_TIM_IC_CaptureCallback               0x080030f9   Thumb Code    40  rotary_encoder.o(i.HAL_TIM_IC_CaptureCallback)
    HAL_TIM_IRQHandler                       0x0800312d   Thumb Code   358  stm32f1xx_hal_tim.o(i.HAL_TIM_IRQHandler)
    HAL_TIM_OC_DelayElapsedCallback          0x08003293   Thumb Code     2  stm32f1xx_hal_tim.o(i.HAL_TIM_OC_DelayElapsedCallback)
    HAL_TIM_PWM_PulseFinishedCallback        0x08003295   Thumb Code     2  stm32f1xx_hal_tim.o(i.HAL_TIM_PWM_PulseFinishedCallback)
    HAL_TIM_PeriodElapsedCallback            0x08003299   Thumb Code    44  rotary_encoder.o(i.HAL_TIM_PeriodElapsedCallback)
    HAL_TIM_TriggerCallback                  0x080032cd   Thumb Code     2  stm32f1xx_hal_tim.o(i.HAL_TIM_TriggerCallback)
    HAL_UARTEx_ReceiveToIdle_IT              0x080032cf   Thumb Code    78  stm32f1xx_hal_uart.o(i.HAL_UARTEx_ReceiveToIdle_IT)
    HAL_UART_Init                            0x0800331d   Thumb Code   100  stm32f1xx_hal_uart.o(i.HAL_UART_Init)
    HAL_UART_MspInit                         0x08003381   Thumb Code   100  usart.o(i.HAL_UART_MspInit)
    HC06_Init                                0x080033f1   Thumb Code    10  hc_06.o(i.HC06_Init)
    HardFault_Handler                        0x08003405   Thumb Code     2  stm32f1xx_it.o(i.HardFault_Handler)
    MX_GPIO_Init                             0x08003441   Thumb Code   104  gpio.o(i.MX_GPIO_Init)
    MX_TIM1_Init                             0x080034b1   Thumb Code    98  tim.o(i.MX_TIM1_Init)
    MX_USART3_UART_Init                      0x0800351d   Thumb Code    48  usart.o(i.MX_USART3_UART_Init)
    MX_USB_DEVICE_Init                       0x08003555   Thumb Code    52  usb_device.o(i.MX_USB_DEVICE_Init)
    MemManage_Handler                        0x08003595   Thumb Code     2  stm32f1xx_it.o(i.MemManage_Handler)
    NMI_Handler                              0x08003597   Thumb Code     2  stm32f1xx_it.o(i.NMI_Handler)
    OLED_Clear                               0x08003599   Thumb Code    34  oled.o(i.OLED_Clear)
    OLED_ClearArea                           0x080035c1   Thumb Code    94  oled.o(i.OLED_ClearArea)
    OLED_GPIO_Init                           0x08003625   Thumb Code    42  oled.o(i.OLED_GPIO_Init)
    OLED_I2C_SendByte                        0x0800364f   Thumb Code    58  oled.o(i.OLED_I2C_SendByte)
    OLED_I2C_Start                           0x08003689   Thumb Code    30  oled.o(i.OLED_I2C_Start)
    OLED_I2C_Stop                            0x080036a7   Thumb Code    24  oled.o(i.OLED_I2C_Stop)
    OLED_Init                                0x080036bf   Thumb Code   156  oled.o(i.OLED_Init)
    OLED_Printf                              0x0800375b   Thumb Code    42  oled.o(i.OLED_Printf)
    OLED_SetCursor                           0x08003785   Thumb Code    34  oled.o(i.OLED_SetCursor)
    OLED_ShowChar                            0x080037a9   Thumb Code    60  oled.o(i.OLED_ShowChar)
    OLED_ShowImage                           0x080037ed   Thumb Code   170  oled.o(i.OLED_ShowImage)
    OLED_ShowString                          0x0800389d   Thumb Code    44  oled.o(i.OLED_ShowString)
    OLED_Update                              0x080038c9   Thumb Code    34  oled.o(i.OLED_Update)
    OLED_W_SCL                               0x080038f1   Thumb Code    12  oled.o(i.OLED_W_SCL)
    OLED_W_SDA                               0x08003901   Thumb Code    12  oled.o(i.OLED_W_SDA)
    OLED_WriteCommand                        0x08003911   Thumb Code    34  oled.o(i.OLED_WriteCommand)
    OLED_WriteData                           0x08003933   Thumb Code    48  oled.o(i.OLED_WriteData)
    PendSV_Handler                           0x08003d0f   Thumb Code     2  stm32f1xx_it.o(i.PendSV_Handler)
    SVC_Handler                              0x08003d11   Thumb Code     2  stm32f1xx_it.o(i.SVC_Handler)
    SysTick_Handler                          0x08003d13   Thumb Code     4  stm32f1xx_it.o(i.SysTick_Handler)
    SystemClock_Config                       0x08003d17   Thumb Code   118  main.o(i.SystemClock_Config)
    SystemInit                               0x08003d8d   Thumb Code     2  system_stm32f1xx.o(i.SystemInit)
    TIM1_BRK_IRQHandler                      0x08003d91   Thumb Code     6  stm32f1xx_it.o(i.TIM1_BRK_IRQHandler)
    TIM1_CC_IRQHandler                       0x08003d9d   Thumb Code     6  stm32f1xx_it.o(i.TIM1_CC_IRQHandler)
    TIM1_TRG_COM_IRQHandler                  0x08003da9   Thumb Code     6  stm32f1xx_it.o(i.TIM1_TRG_COM_IRQHandler)
    TIM1_UP_IRQHandler                       0x08003db5   Thumb Code     6  stm32f1xx_it.o(i.TIM1_UP_IRQHandler)
    TIM_Base_SetConfig                       0x08003dc1   Thumb Code    94  stm32f1xx_hal_tim.o(i.TIM_Base_SetConfig)
    TIM_CCxChannelCmd                        0x08003e2d   Thumb Code    26  stm32f1xx_hal_tim.o(i.TIM_CCxChannelCmd)
    UART_Start_Receive_IT                    0x08003f01   Thumb Code    54  stm32f1xx_hal_uart.o(i.UART_Start_Receive_IT)
    USBD_ClrClassConfig                      0x08003f37   Thumb Code    14  usbd_core.o(i.USBD_ClrClassConfig)
    USBD_CtlContinueRx                       0x08003f45   Thumb Code    16  usbd_ioreq.o(i.USBD_CtlContinueRx)
    USBD_CtlContinueSendData                 0x08003f55   Thumb Code    16  usbd_ioreq.o(i.USBD_CtlContinueSendData)
    USBD_CtlError                            0x08003f65   Thumb Code    22  usbd_ctlreq.o(i.USBD_CtlError)
    USBD_CtlReceiveStatus                    0x08003f7b   Thumb Code    22  usbd_ioreq.o(i.USBD_CtlReceiveStatus)
    USBD_CtlSendData                         0x08003f91   Thumb Code    26  usbd_ioreq.o(i.USBD_CtlSendData)
    USBD_CtlSendStatus                       0x08003fab   Thumb Code    22  usbd_ioreq.o(i.USBD_CtlSendStatus)
    USBD_FS_ConfigStrDescriptor              0x08003fc1   Thumb Code    16  usbd_desc.o(i.USBD_FS_ConfigStrDescriptor)
    USBD_FS_DeviceDescriptor                 0x08003fe1   Thumb Code     8  usbd_desc.o(i.USBD_FS_DeviceDescriptor)
    USBD_FS_InterfaceStrDescriptor           0x08003fed   Thumb Code    16  usbd_desc.o(i.USBD_FS_InterfaceStrDescriptor)
    USBD_FS_LangIDStrDescriptor              0x08004011   Thumb Code     8  usbd_desc.o(i.USBD_FS_LangIDStrDescriptor)
    USBD_FS_ManufacturerStrDescriptor        0x0800401d   Thumb Code    16  usbd_desc.o(i.USBD_FS_ManufacturerStrDescriptor)
    USBD_FS_ProductStrDescriptor             0x08004045   Thumb Code    16  usbd_desc.o(i.USBD_FS_ProductStrDescriptor)
    USBD_FS_SerialStrDescriptor              0x08004071   Thumb Code    48  usbd_desc.o(i.USBD_FS_SerialStrDescriptor)
    USBD_GetString                           0x08004191   Thumb Code    72  usbd_ctlreq.o(i.USBD_GetString)
    USBD_Init                                0x08004341   Thumb Code    42  usbd_core.o(i.USBD_Init)
    USBD_LL_ClearStallEP                     0x0800436b   Thumb Code    18  usbd_conf.o(i.USBD_LL_ClearStallEP)
    USBD_LL_CloseEP                          0x0800437d   Thumb Code    18  usbd_conf.o(i.USBD_LL_CloseEP)
    USBD_LL_DataInStage                      0x0800438f   Thumb Code   198  usbd_core.o(i.USBD_LL_DataInStage)
    USBD_LL_DataOutStage                     0x08004455   Thumb Code   130  usbd_core.o(i.USBD_LL_DataOutStage)
    USBD_LL_Init                             0x080044d9   Thumb Code    94  usbd_conf.o(i.USBD_LL_Init)
    USBD_LL_IsStallEP                        0x08004541   Thumb Code    32  usbd_conf.o(i.USBD_LL_IsStallEP)
    USBD_LL_OpenEP                           0x08004561   Thumb Code    24  usbd_conf.o(i.USBD_LL_OpenEP)
    USBD_LL_PrepareReceive                   0x08004579   Thumb Code    18  usbd_conf.o(i.USBD_LL_PrepareReceive)
    USBD_LL_Reset                            0x0800458b   Thumb Code    80  usbd_core.o(i.USBD_LL_Reset)
    USBD_LL_Resume                           0x080045db   Thumb Code    20  usbd_core.o(i.USBD_LL_Resume)
    USBD_LL_SOF                              0x080045ef   Thumb Code    24  usbd_core.o(i.USBD_LL_SOF)
    USBD_LL_SetSpeed                         0x08004607   Thumb Code     6  usbd_core.o(i.USBD_LL_SetSpeed)
    USBD_LL_SetUSBAddress                    0x0800460d   Thumb Code    18  usbd_conf.o(i.USBD_LL_SetUSBAddress)
    USBD_LL_SetupStage                       0x0800461f   Thumb Code    90  usbd_core.o(i.USBD_LL_SetupStage)
    USBD_LL_StallEP                          0x08004679   Thumb Code    18  usbd_conf.o(i.USBD_LL_StallEP)
    USBD_LL_Start                            0x0800468b   Thumb Code    18  usbd_conf.o(i.USBD_LL_Start)
    USBD_LL_Suspend                          0x0800469d   Thumb Code    18  usbd_core.o(i.USBD_LL_Suspend)
    USBD_LL_Transmit                         0x080046af   Thumb Code    18  usbd_conf.o(i.USBD_LL_Transmit)
    USBD_ParseSetupRequest                   0x080046c1   Thumb Code    40  usbd_ctlreq.o(i.USBD_ParseSetupRequest)
    USBD_RegisterClass                       0x080046e9   Thumb Code    16  usbd_core.o(i.USBD_RegisterClass)
    USBD_SetClassConfig                      0x080046f9   Thumb Code    22  usbd_core.o(i.USBD_SetClassConfig)
    USBD_Start                               0x08004795   Thumb Code    10  usbd_core.o(i.USBD_Start)
    USBD_StdDevReq                           0x0800479f   Thumb Code   274  usbd_ctlreq.o(i.USBD_StdDevReq)
    USBD_StdEPReq                            0x080048b1   Thumb Code   336  usbd_ctlreq.o(i.USBD_StdEPReq)
    USBD_StdItfReq                           0x08004a01   Thumb Code    78  usbd_ctlreq.o(i.USBD_StdItfReq)
    USBD_static_free                         0x08004a4f   Thumb Code     2  usbd_conf.o(i.USBD_static_free)
    USBD_static_malloc                       0x08004a51   Thumb Code     4  usbd_conf.o(i.USBD_static_malloc)
    USB_ActivateEndpoint                     0x08004a59   Thumb Code   668  stm32f1xx_ll_usb.o(i.USB_ActivateEndpoint)
    USB_CoreInit                             0x08004cf5   Thumb Code     4  stm32f1xx_ll_usb.o(i.USB_CoreInit)
    USB_DeactivateEndpoint                   0x08004cf9   Thumb Code   270  stm32f1xx_ll_usb.o(i.USB_DeactivateEndpoint)
    USB_DevConnect                           0x08004e07   Thumb Code     4  stm32f1xx_ll_usb.o(i.USB_DevConnect)
    USB_DevDisconnect                        0x08004e0b   Thumb Code     4  stm32f1xx_ll_usb.o(i.USB_DevDisconnect)
    USB_DevInit                              0x08004e0f   Thumb Code    18  stm32f1xx_ll_usb.o(i.USB_DevInit)
    USB_DisableGlobalInt                     0x08004e21   Thumb Code    14  stm32f1xx_ll_usb.o(i.USB_DisableGlobalInt)
    USB_EP0_OutStart                         0x08004e2f   Thumb Code     4  stm32f1xx_ll_usb.o(i.USB_EP0_OutStart)
    USB_EPClearStall                         0x08004e33   Thumb Code   120  stm32f1xx_ll_usb.o(i.USB_EPClearStall)
    USB_EPSetStall                           0x08004eab   Thumb Code    50  stm32f1xx_ll_usb.o(i.USB_EPSetStall)
    USB_EPStartXfer                          0x08004edd   Thumb Code  1250  stm32f1xx_ll_usb.o(i.USB_EPStartXfer)
    USB_EnableGlobalInt                      0x080053bf   Thumb Code    18  stm32f1xx_ll_usb.o(i.USB_EnableGlobalInt)
    USB_LP_CAN1_RX0_IRQHandler               0x080053d1   Thumb Code     6  stm32f1xx_it.o(i.USB_LP_CAN1_RX0_IRQHandler)
    USB_ReadInterrupts                       0x080053dd   Thumb Code     6  stm32f1xx_ll_usb.o(i.USB_ReadInterrupts)
    USB_ReadPMA                              0x080053e5   Thumb Code    44  stm32f1xx_ll_usb.o(i.USB_ReadPMA)
    USB_SetCurrentMode                       0x08005411   Thumb Code     4  stm32f1xx_ll_usb.o(i.USB_SetCurrentMode)
    USB_SetDevAddress                        0x08005415   Thumb Code    12  stm32f1xx_ll_usb.o(i.USB_SetDevAddress)
    USB_WritePMA                             0x08005421   Thumb Code    38  stm32f1xx_ll_usb.o(i.USB_WritePMA)
    UsageFault_Handler                       0x08005447   Thumb Code     2  stm32f1xx_it.o(i.UsageFault_Handler)
    __ARM_fpclassify                         0x08005449   Thumb Code    40  fpclassify.o(i.__ARM_fpclassify)
    _is_digit                                0x08005491   Thumb Code    14  __printf_wp.o(i._is_digit)
    main                                     0x080054a1   Thumb Code    88  main.o(i.main)
    _get_lc_numeric                          0x0800551d   Thumb Code    44  lc_numeric_c.o(locale$$code)
    _get_lc_ctype                            0x08005549   Thumb Code    44  lc_ctype_c.o(locale$$code)
    _printf_fp_dec                           0x08005575   Thumb Code     4  printf1.o(x$fpl$printf1)
    _printf_fp_hex                           0x08005579   Thumb Code     4  printf2.o(x$fpl$printf2)
    __I$use$fp                               0x0800557c   Number         0  usenofp.o(x$fpl$usenofp)
    AHBPrescTable                            0x0800558e   Data          16  system_stm32f1xx.o(.constdata)
    APBPrescTable                            0x0800559e   Data           8  system_stm32f1xx.o(.constdata)
    OLED_F8x16                               0x080055a6   Data        1520  oled_data.o(.constdata)
    OLED_F6x8                                0x08005b96   Data         570  oled_data.o(.constdata)
    Region$$Table$$Base                      0x08005ecc   Number         0  anon$$obj.o(Region$$Table)
    Region$$Table$$Limit                     0x08005eec   Number         0  anon$$obj.o(Region$$Table)
    __ctype                                  0x08005f15   Data           0  lc_ctype_c.o(locale$$data)
    uwTickFreq                               0x20000000   Data           1  stm32f1xx_hal.o(.data)
    uwTickPrio                               0x20000004   Data           4  stm32f1xx_hal.o(.data)
    uwTick                                   0x20000008   Data           4  stm32f1xx_hal.o(.data)
    SystemCoreClock                          0x2000000c   Data           4  system_stm32f1xx.o(.data)
    x                                        0x20000010   Data           1  hc_06.o(.data)
    y                                        0x20000011   Data           1  hc_06.o(.data)
    key                                      0x20000012   Data           1  hc_06.o(.data)
    Receive_Data                             0x20000013   Data           2  hc_06.o(.data)
    Cache_Count                              0x20000018   Data           4  hc_06.o(.data)
    Degree                                   0x2000001c   Data           1  rotary_encoder.o(.data)
    Rotary_Encoder_Count                     0x20000020   Data           4  rotary_encoder.o(.data)
    FS_Desc                                  0x20000024   Data          28  usbd_desc.o(.data)
    USBD_LangIDDesc                          0x20000040   Data           4  usbd_desc.o(.data)
    USBD_FS_DeviceDesc                       0x20000044   Data          18  usbd_desc.o(.data)
    USBD_StringSerial                        0x20000058   Data          26  usbd_desc.o(.data)
    USBD_HID                                 0x20000074   Data          56  usbd_hid.o(.data)
    htim1                                    0x2000017c   Data          72  tim.o(.bss)
    huart3                                   0x200001c4   Data          72  usart.o(.bss)
    OLED_DisplayBuf                          0x2000020c   Data        1024  oled.o(.bss)
    hUsbDeviceFS                             0x2000060c   Data         708  usb_device.o(.bss)
    USBD_StrDesc                             0x200008d0   Data         512  usbd_desc.o(.bss)
    hpcd_USB_FS                              0x20000ae4   Data         752  usbd_conf.o(.bss)
    __libspace_start                         0x20000dd4   Data          96  libspace.o(.bss)
    __temporary_stack_top$libspace           0x20000e34   Data           0  libspace.o(.bss)



==============================================================================

Memory Map of the image

  Image Entry point : 0x080000ed

  Load Region LR_IROM1 (Base: 0x08000000, Size: 0x00006194, Max: 0x00010000, ABSOLUTE, COMPRESSED[0x000060f0])

    Execution Region ER_IROM1 (Exec base: 0x08000000, Load base: 0x08000000, Size: 0x00006018, Max: 0x00010000, ABSOLUTE)

    Exec Addr    Load Addr    Size         Type   Attr      Idx    E Section Name        Object

    0x08000000   0x08000000   0x000000ec   Data   RO            3    RESET               startup_stm32f103xb.o
    0x080000ec   0x080000ec   0x00000008   Code   RO         4323  * !!!main             c_w.l(__main.o)
    0x080000f4   0x080000f4   0x00000034   Code   RO         4752    !!!scatter          c_w.l(__scatter.o)
    0x08000128   0x08000128   0x0000005a   Code   RO         4750    !!dczerorl2         c_w.l(__dczerorl2.o)
    0x08000182   0x08000182   0x00000002   PAD
    0x08000184   0x08000184   0x0000001c   Code   RO         4754    !!handler_zi        c_w.l(__scatter_zi.o)
    0x080001a0   0x080001a0   0x00000000   Code   RO         4463    .ARM.Collect$$_printf_percent$$00000000  c_w.l(_printf_percent.o)
    0x080001a0   0x080001a0   0x00000006   Code   RO         4452    .ARM.Collect$$_printf_percent$$00000001  c_w.l(_printf_n.o)
    0x080001a6   0x080001a6   0x00000006   Code   RO         4454    .ARM.Collect$$_printf_percent$$00000002  c_w.l(_printf_p.o)
    0x080001ac   0x080001ac   0x00000006   Code   RO         4459    .ARM.Collect$$_printf_percent$$00000003  c_w.l(_printf_f.o)
    0x080001b2   0x080001b2   0x00000006   Code   RO         4460    .ARM.Collect$$_printf_percent$$00000004  c_w.l(_printf_e.o)
    0x080001b8   0x080001b8   0x00000006   Code   RO         4461    .ARM.Collect$$_printf_percent$$00000005  c_w.l(_printf_g.o)
    0x080001be   0x080001be   0x00000006   Code   RO         4462    .ARM.Collect$$_printf_percent$$00000006  c_w.l(_printf_a.o)
    0x080001c4   0x080001c4   0x0000000a   Code   RO         4467    .ARM.Collect$$_printf_percent$$00000007  c_w.l(_printf_ll.o)
    0x080001ce   0x080001ce   0x00000006   Code   RO         4456    .ARM.Collect$$_printf_percent$$00000008  c_w.l(_printf_i.o)
    0x080001d4   0x080001d4   0x00000006   Code   RO         4457    .ARM.Collect$$_printf_percent$$00000009  c_w.l(_printf_d.o)
    0x080001da   0x080001da   0x00000006   Code   RO         4458    .ARM.Collect$$_printf_percent$$0000000A  c_w.l(_printf_u.o)
    0x080001e0   0x080001e0   0x00000006   Code   RO         4455    .ARM.Collect$$_printf_percent$$0000000B  c_w.l(_printf_o.o)
    0x080001e6   0x080001e6   0x00000006   Code   RO         4453    .ARM.Collect$$_printf_percent$$0000000C  c_w.l(_printf_x.o)
    0x080001ec   0x080001ec   0x00000006   Code   RO         4464    .ARM.Collect$$_printf_percent$$0000000D  c_w.l(_printf_lli.o)
    0x080001f2   0x080001f2   0x00000006   Code   RO         4465    .ARM.Collect$$_printf_percent$$0000000E  c_w.l(_printf_lld.o)
    0x080001f8   0x080001f8   0x00000006   Code   RO         4466    .ARM.Collect$$_printf_percent$$0000000F  c_w.l(_printf_llu.o)
    0x080001fe   0x080001fe   0x00000006   Code   RO         4471    .ARM.Collect$$_printf_percent$$00000010  c_w.l(_printf_llo.o)
    0x08000204   0x08000204   0x00000006   Code   RO         4472    .ARM.Collect$$_printf_percent$$00000011  c_w.l(_printf_llx.o)
    0x0800020a   0x0800020a   0x0000000a   Code   RO         4468    .ARM.Collect$$_printf_percent$$00000012  c_w.l(_printf_l.o)
    0x08000214   0x08000214   0x00000006   Code   RO         4450    .ARM.Collect$$_printf_percent$$00000013  c_w.l(_printf_c.o)
    0x0800021a   0x0800021a   0x00000006   Code   RO         4451    .ARM.Collect$$_printf_percent$$00000014  c_w.l(_printf_s.o)
    0x08000220   0x08000220   0x00000006   Code   RO         4469    .ARM.Collect$$_printf_percent$$00000015  c_w.l(_printf_lc.o)
    0x08000226   0x08000226   0x00000006   Code   RO         4470    .ARM.Collect$$_printf_percent$$00000016  c_w.l(_printf_ls.o)
    0x0800022c   0x0800022c   0x00000004   Code   RO         4554    .ARM.Collect$$_printf_percent$$00000017  c_w.l(_printf_percent_end.o)
    0x08000230   0x08000230   0x00000002   Code   RO         4612    .ARM.Collect$$libinit$$00000000  c_w.l(libinit.o)
    0x08000232   0x08000232   0x00000000   Code   RO         4623    .ARM.Collect$$libinit$$00000002  c_w.l(libinit2.o)
    0x08000232   0x08000232   0x00000000   Code   RO         4625    .ARM.Collect$$libinit$$00000004  c_w.l(libinit2.o)
    0x08000232   0x08000232   0x00000000   Code   RO         4628    .ARM.Collect$$libinit$$0000000A  c_w.l(libinit2.o)
    0x08000232   0x08000232   0x00000000   Code   RO         4630    .ARM.Collect$$libinit$$0000000C  c_w.l(libinit2.o)
    0x08000232   0x08000232   0x00000000   Code   RO         4632    .ARM.Collect$$libinit$$0000000E  c_w.l(libinit2.o)
    0x08000232   0x08000232   0x00000006   Code   RO         4633    .ARM.Collect$$libinit$$0000000F  c_w.l(libinit2.o)
    0x08000238   0x08000238   0x00000000   Code   RO         4635    .ARM.Collect$$libinit$$00000011  c_w.l(libinit2.o)
    0x08000238   0x08000238   0x0000000c   Code   RO         4636    .ARM.Collect$$libinit$$00000012  c_w.l(libinit2.o)
    0x08000244   0x08000244   0x00000000   Code   RO         4637    .ARM.Collect$$libinit$$00000013  c_w.l(libinit2.o)
    0x08000244   0x08000244   0x00000000   Code   RO         4639    .ARM.Collect$$libinit$$00000015  c_w.l(libinit2.o)
    0x08000244   0x08000244   0x0000000a   Code   RO         4640    .ARM.Collect$$libinit$$00000016  c_w.l(libinit2.o)
    0x0800024e   0x0800024e   0x00000000   Code   RO         4641    .ARM.Collect$$libinit$$00000017  c_w.l(libinit2.o)
    0x0800024e   0x0800024e   0x00000000   Code   RO         4643    .ARM.Collect$$libinit$$00000019  c_w.l(libinit2.o)
    0x0800024e   0x0800024e   0x00000000   Code   RO         4645    .ARM.Collect$$libinit$$0000001B  c_w.l(libinit2.o)
    0x0800024e   0x0800024e   0x00000000   Code   RO         4647    .ARM.Collect$$libinit$$0000001D  c_w.l(libinit2.o)
    0x0800024e   0x0800024e   0x00000000   Code   RO         4649    .ARM.Collect$$libinit$$0000001F  c_w.l(libinit2.o)
    0x0800024e   0x0800024e   0x00000000   Code   RO         4651    .ARM.Collect$$libinit$$00000021  c_w.l(libinit2.o)
    0x0800024e   0x0800024e   0x00000000   Code   RO         4653    .ARM.Collect$$libinit$$00000023  c_w.l(libinit2.o)
    0x0800024e   0x0800024e   0x00000000   Code   RO         4655    .ARM.Collect$$libinit$$00000025  c_w.l(libinit2.o)
    0x0800024e   0x0800024e   0x00000000   Code   RO         4659    .ARM.Collect$$libinit$$0000002C  c_w.l(libinit2.o)
    0x0800024e   0x0800024e   0x00000000   Code   RO         4661    .ARM.Collect$$libinit$$0000002E  c_w.l(libinit2.o)
    0x0800024e   0x0800024e   0x00000000   Code   RO         4663    .ARM.Collect$$libinit$$00000030  c_w.l(libinit2.o)
    0x0800024e   0x0800024e   0x00000000   Code   RO         4665    .ARM.Collect$$libinit$$00000032  c_w.l(libinit2.o)
    0x0800024e   0x0800024e   0x00000002   Code   RO         4666    .ARM.Collect$$libinit$$00000033  c_w.l(libinit2.o)
    0x08000250   0x08000250   0x00000002   Code   RO         4690    .ARM.Collect$$libshutdown$$00000000  c_w.l(libshutdown.o)
    0x08000252   0x08000252   0x00000000   Code   RO         4703    .ARM.Collect$$libshutdown$$00000002  c_w.l(libshutdown2.o)
    0x08000252   0x08000252   0x00000000   Code   RO         4705    .ARM.Collect$$libshutdown$$00000004  c_w.l(libshutdown2.o)
    0x08000252   0x08000252   0x00000000   Code   RO         4708    .ARM.Collect$$libshutdown$$00000007  c_w.l(libshutdown2.o)
    0x08000252   0x08000252   0x00000000   Code   RO         4711    .ARM.Collect$$libshutdown$$0000000A  c_w.l(libshutdown2.o)
    0x08000252   0x08000252   0x00000000   Code   RO         4713    .ARM.Collect$$libshutdown$$0000000C  c_w.l(libshutdown2.o)
    0x08000252   0x08000252   0x00000000   Code   RO         4716    .ARM.Collect$$libshutdown$$0000000F  c_w.l(libshutdown2.o)
    0x08000252   0x08000252   0x00000002   Code   RO         4717    .ARM.Collect$$libshutdown$$00000010  c_w.l(libshutdown2.o)
    0x08000254   0x08000254   0x00000000   Code   RO         4379    .ARM.Collect$$rtentry$$00000000  c_w.l(__rtentry.o)
    0x08000254   0x08000254   0x00000000   Code   RO         4520    .ARM.Collect$$rtentry$$00000002  c_w.l(__rtentry2.o)
    0x08000254   0x08000254   0x00000006   Code   RO         4532    .ARM.Collect$$rtentry$$00000004  c_w.l(__rtentry4.o)
    0x0800025a   0x0800025a   0x00000000   Code   RO         4522    .ARM.Collect$$rtentry$$00000009  c_w.l(__rtentry2.o)
    0x0800025a   0x0800025a   0x00000004   Code   RO         4523    .ARM.Collect$$rtentry$$0000000A  c_w.l(__rtentry2.o)
    0x0800025e   0x0800025e   0x00000000   Code   RO         4525    .ARM.Collect$$rtentry$$0000000C  c_w.l(__rtentry2.o)
    0x0800025e   0x0800025e   0x00000008   Code   RO         4526    .ARM.Collect$$rtentry$$0000000D  c_w.l(__rtentry2.o)
    0x08000266   0x08000266   0x00000002   Code   RO         4617    .ARM.Collect$$rtexit$$00000000  c_w.l(rtexit.o)
    0x08000268   0x08000268   0x00000000   Code   RO         4670    .ARM.Collect$$rtexit$$00000002  c_w.l(rtexit2.o)
    0x08000268   0x08000268   0x00000004   Code   RO         4671    .ARM.Collect$$rtexit$$00000003  c_w.l(rtexit2.o)
    0x0800026c   0x0800026c   0x00000006   Code   RO         4672    .ARM.Collect$$rtexit$$00000004  c_w.l(rtexit2.o)
    0x08000272   0x08000272   0x00000002   PAD
    0x08000274   0x08000274   0x00000040   Code   RO            4    .text               startup_stm32f103xb.o
    0x080002b4   0x080002b4   0x00000024   Code   RO         4311    .text               c_w.l(vsprintf.o)
    0x080002d8   0x080002d8   0x00000064   Code   RO         4313    .text               c_w.l(rt_memcpy_w.o)
    0x0800033c   0x0800033c   0x0000004e   Code   RO         4317    .text               c_w.l(rt_memclr_w.o)
    0x0800038a   0x0800038a   0x00000002   PAD
    0x0800038c   0x0800038c   0x00000080   Code   RO         4319    .text               c_w.l(strcmpv7m.o)
    0x0800040c   0x0800040c   0x00000006   Code   RO         4321    .text               c_w.l(heapauxi.o)
    0x08000412   0x08000412   0x0000004e   Code   RO         4384    .text               c_w.l(_printf_pad.o)
    0x08000460   0x08000460   0x00000024   Code   RO         4386    .text               c_w.l(_printf_truncate.o)
    0x08000484   0x08000484   0x00000052   Code   RO         4388    .text               c_w.l(_printf_str.o)
    0x080004d6   0x080004d6   0x00000002   PAD
    0x080004d8   0x080004d8   0x00000078   Code   RO         4390    .text               c_w.l(_printf_dec.o)
    0x08000550   0x08000550   0x00000028   Code   RO         4392    .text               c_w.l(_printf_charcount.o)
    0x08000578   0x08000578   0x00000030   Code   RO         4394    .text               c_w.l(_printf_char_common.o)
    0x080005a8   0x080005a8   0x0000000a   Code   RO         4396    .text               c_w.l(_sputc.o)
    0x080005b2   0x080005b2   0x00000002   PAD
    0x080005b4   0x080005b4   0x000000bc   Code   RO         4398    .text               c_w.l(_printf_wctomb.o)
    0x08000670   0x08000670   0x0000007c   Code   RO         4401    .text               c_w.l(_printf_longlong_dec.o)
    0x080006ec   0x080006ec   0x00000070   Code   RO         4407    .text               c_w.l(_printf_oct_int_ll.o)
    0x0800075c   0x0800075c   0x00000094   Code   RO         4427    .text               c_w.l(_printf_hex_int_ll_ptr.o)
    0x080007f0   0x080007f0   0x00000188   Code   RO         4447    .text               c_w.l(__printf_flags_ss_wp.o)
    0x08000978   0x08000978   0x0000008a   Code   RO         4539    .text               c_w.l(lludiv10.o)
    0x08000a02   0x08000a02   0x000000b2   Code   RO         4541    .text               c_w.l(_printf_intcommon.o)
    0x08000ab4   0x08000ab4   0x0000041e   Code   RO         4543    .text               c_w.l(_printf_fp_dec.o)
    0x08000ed2   0x08000ed2   0x00000002   PAD
    0x08000ed4   0x08000ed4   0x000002fc   Code   RO         4545    .text               c_w.l(_printf_fp_hex.o)
    0x080011d0   0x080011d0   0x0000002c   Code   RO         4550    .text               c_w.l(_printf_char.o)
    0x080011fc   0x080011fc   0x0000002c   Code   RO         4552    .text               c_w.l(_printf_wchar.o)
    0x08001228   0x08001228   0x00000040   Code   RO         4555    .text               c_w.l(_wcrtomb.o)
    0x08001268   0x08001268   0x00000008   Code   RO         4563    .text               c_w.l(libspace.o)
    0x08001270   0x08001270   0x0000004a   Code   RO         4566    .text               c_w.l(sys_stackheap_outer.o)
    0x080012ba   0x080012ba   0x00000002   PAD
    0x080012bc   0x080012bc   0x00000010   Code   RO         4568    .text               c_w.l(rt_ctype_table.o)
    0x080012cc   0x080012cc   0x00000008   Code   RO         4573    .text               c_w.l(rt_locale_intlibspace.o)
    0x080012d4   0x080012d4   0x00000080   Code   RO         4575    .text               c_w.l(_printf_fp_infnan.o)
    0x08001354   0x08001354   0x000000e4   Code   RO         4577    .text               c_w.l(bigflt0.o)
    0x08001438   0x08001438   0x00000012   Code   RO         4605    .text               c_w.l(exit.o)
    0x0800144a   0x0800144a   0x00000002   PAD
    0x0800144c   0x0800144c   0x0000000c   Code   RO         4682    .text               c_w.l(sys_exit.o)
    0x08001458   0x08001458   0x00000002   Code   RO         4693    .text               c_w.l(use_no_semi.o)
    0x0800145a   0x0800145a   0x00000000   Code   RO         4695    .text               c_w.l(indicate_semi.o)
    0x0800145a   0x0800145a   0x0000003e   Code   RO         4580    CL$$btod_d2e        c_w.l(btod.o)
    0x08001498   0x08001498   0x00000046   Code   RO         4582    CL$$btod_d2e_denorm_low  c_w.l(btod.o)
    0x080014de   0x080014de   0x00000060   Code   RO         4581    CL$$btod_d2e_norm_op1  c_w.l(btod.o)
    0x0800153e   0x0800153e   0x00000338   Code   RO         4590    CL$$btod_div_common  c_w.l(btod.o)
    0x08001876   0x08001876   0x000000dc   Code   RO         4587    CL$$btod_e2e        c_w.l(btod.o)
    0x08001952   0x08001952   0x0000002a   Code   RO         4584    CL$$btod_ediv       c_w.l(btod.o)
    0x0800197c   0x0800197c   0x0000002a   Code   RO         4583    CL$$btod_emul       c_w.l(btod.o)
    0x080019a6   0x080019a6   0x00000244   Code   RO         4589    CL$$btod_mult_common  c_w.l(btod.o)
    0x08001bea   0x08001bea   0x00000002   Code   RO          312    i.BusFault_Handler  stm32f1xx_it.o
    0x08001bec   0x08001bec   0x00000002   Code   RO          313    i.DebugMon_Handler  stm32f1xx_it.o
    0x08001bee   0x08001bee   0x00000002   PAD
    0x08001bf0   0x08001bf0   0x00000028   Code   RO         3590    i.Encoder_Detection  rotary_encoder.o
    0x08001c18   0x08001c18   0x00000024   Code   RO         3591    i.Encoder_Init      rotary_encoder.o
    0x08001c3c   0x08001c3c   0x00000004   Code   RO           13    i.Error_Handler     main.o
    0x08001c40   0x08001c40   0x000001e0   Code   RO         1260    i.HAL_GPIO_Init     stm32f1xx_hal_gpio.o
    0x08001e20   0x08001e20   0x0000000a   Code   RO         1262    i.HAL_GPIO_ReadPin  stm32f1xx_hal_gpio.o
    0x08001e2a   0x08001e2a   0x0000000a   Code   RO         1264    i.HAL_GPIO_WritePin  stm32f1xx_hal_gpio.o
    0x08001e34   0x08001e34   0x0000000c   Code   RO          954    i.HAL_GetTick       stm32f1xx_hal.o
    0x08001e40   0x08001e40   0x00000010   Code   RO          960    i.HAL_IncTick       stm32f1xx_hal.o
    0x08001e50   0x08001e50   0x00000024   Code   RO          961    i.HAL_Init          stm32f1xx_hal.o
    0x08001e74   0x08001e74   0x00000040   Code   RO          962    i.HAL_InitTick      stm32f1xx_hal.o
    0x08001eb4   0x08001eb4   0x0000003c   Code   RO          418    i.HAL_MspInit       stm32f1xx_hal_msp.o
    0x08001ef0   0x08001ef0   0x0000001a   Code   RO         1420    i.HAL_NVIC_EnableIRQ  stm32f1xx_hal_cortex.o
    0x08001f0a   0x08001f0a   0x00000002   PAD
    0x08001f0c   0x08001f0c   0x00000040   Code   RO         1426    i.HAL_NVIC_SetPriority  stm32f1xx_hal_cortex.o
    0x08001f4c   0x08001f4c   0x00000024   Code   RO         1427    i.HAL_NVIC_SetPriorityGrouping  stm32f1xx_hal_cortex.o
    0x08001f70   0x08001f70   0x0000003c   Code   RO          717    i.HAL_PCDEx_PMAConfig  stm32f1xx_hal_pcd_ex.o
    0x08001fac   0x08001fac   0x00000002   Code   RO         3758    i.HAL_PCDEx_SetConnectionState  usbd_conf.o
    0x08001fae   0x08001fae   0x00000012   Code   RO         3760    i.HAL_PCD_DataInStageCallback  usbd_conf.o
    0x08001fc0   0x08001fc0   0x00000014   Code   RO         3761    i.HAL_PCD_DataOutStageCallback  usbd_conf.o
    0x08001fd4   0x08001fd4   0x0000004c   Code   RO          488    i.HAL_PCD_EP_Close  stm32f1xx_hal_pcd.o
    0x08002020   0x08002020   0x0000005c   Code   RO          489    i.HAL_PCD_EP_ClrStall  stm32f1xx_hal_pcd.o
    0x0800207c   0x0800207c   0x000000e6   Code   RO          490    i.HAL_PCD_EP_DB_Receive  stm32f1xx_hal_pcd.o
    0x08002162   0x08002162   0x00000338   Code   RO          491    i.HAL_PCD_EP_DB_Transmit  stm32f1xx_hal_pcd.o
    0x0800249a   0x0800249a   0x0000005a   Code   RO          494    i.HAL_PCD_EP_Open   stm32f1xx_hal_pcd.o
    0x080024f4   0x080024f4   0x0000002e   Code   RO          495    i.HAL_PCD_EP_Receive  stm32f1xx_hal_pcd.o
    0x08002522   0x08002522   0x00000072   Code   RO          496    i.HAL_PCD_EP_SetStall  stm32f1xx_hal_pcd.o
    0x08002594   0x08002594   0x00000030   Code   RO          497    i.HAL_PCD_EP_Transmit  stm32f1xx_hal_pcd.o
    0x080025c4   0x080025c4   0x00000134   Code   RO          499    i.HAL_PCD_IRQHandler  stm32f1xx_hal_pcd.o
    0x080026f8   0x080026f8   0x000000da   Code   RO          502    i.HAL_PCD_Init      stm32f1xx_hal_pcd.o
    0x080027d2   0x080027d2   0x00000002   PAD
    0x080027d4   0x080027d4   0x0000003c   Code   RO         3766    i.HAL_PCD_MspInit   usbd_conf.o
    0x08002810   0x08002810   0x00000026   Code   RO         3767    i.HAL_PCD_ResetCallback  usbd_conf.o
    0x08002836   0x08002836   0x00000008   Code   RO         3768    i.HAL_PCD_ResumeCallback  usbd_conf.o
    0x0800283e   0x0800283e   0x00000008   Code   RO         3769    i.HAL_PCD_SOFCallback  usbd_conf.o
    0x08002846   0x08002846   0x00000028   Code   RO          508    i.HAL_PCD_SetAddress  stm32f1xx_hal_pcd.o
    0x0800286e   0x0800286e   0x0000000e   Code   RO         3770    i.HAL_PCD_SetupStageCallback  usbd_conf.o
    0x0800287c   0x0800287c   0x00000032   Code   RO          510    i.HAL_PCD_Start     stm32f1xx_hal_pcd.o
    0x080028ae   0x080028ae   0x00000002   PAD
    0x080028b0   0x080028b0   0x00000024   Code   RO         3771    i.HAL_PCD_SuspendCallback  usbd_conf.o
    0x080028d4   0x080028d4   0x000000ec   Code   RO         1222    i.HAL_RCCEx_PeriphCLKConfig  stm32f1xx_hal_rcc_ex.o
    0x080029c0   0x080029c0   0x0000012c   Code   RO         1118    i.HAL_RCC_ClockConfig  stm32f1xx_hal_rcc.o
    0x08002aec   0x08002aec   0x00000020   Code   RO         1125    i.HAL_RCC_GetPCLK1Freq  stm32f1xx_hal_rcc.o
    0x08002b0c   0x08002b0c   0x00000020   Code   RO         1126    i.HAL_RCC_GetPCLK2Freq  stm32f1xx_hal_rcc.o
    0x08002b2c   0x08002b2c   0x0000004c   Code   RO         1127    i.HAL_RCC_GetSysClockFreq  stm32f1xx_hal_rcc.o
    0x08002b78   0x08002b78   0x00000320   Code   RO         1130    i.HAL_RCC_OscConfig  stm32f1xx_hal_rcc.o
    0x08002e98   0x08002e98   0x00000028   Code   RO         1431    i.HAL_SYSTICK_Config  stm32f1xx_hal_cortex.o
    0x08002ec0   0x08002ec0   0x00000002   Code   RO         2626    i.HAL_TIMEx_BreakCallback  stm32f1xx_hal_tim_ex.o
    0x08002ec2   0x08002ec2   0x00000002   Code   RO         2627    i.HAL_TIMEx_CommutCallback  stm32f1xx_hal_tim_ex.o
    0x08002ec4   0x08002ec4   0x00000068   Code   RO         2645    i.HAL_TIMEx_MasterConfigSynchronization  stm32f1xx_hal_tim_ex.o
    0x08002f2c   0x08002f2c   0x000000a4   Code   RO         1943    i.HAL_TIM_Encoder_Init  stm32f1xx_hal_tim.o
    0x08002fd0   0x08002fd0   0x00000098   Code   RO          229    i.HAL_TIM_Encoder_MspInit  tim.o
    0x08003068   0x08003068   0x0000008e   Code   RO         1946    i.HAL_TIM_Encoder_Start  stm32f1xx_hal_tim.o
    0x080030f6   0x080030f6   0x00000002   PAD
    0x080030f8   0x080030f8   0x00000034   Code   RO         3592    i.HAL_TIM_IC_CaptureCallback  rotary_encoder.o
    0x0800312c   0x0800312c   0x00000166   Code   RO         1970    i.HAL_TIM_IRQHandler  stm32f1xx_hal_tim.o
    0x08003292   0x08003292   0x00000002   Code   RO         1973    i.HAL_TIM_OC_DelayElapsedCallback  stm32f1xx_hal_tim.o
    0x08003294   0x08003294   0x00000002   Code   RO         2000    i.HAL_TIM_PWM_PulseFinishedCallback  stm32f1xx_hal_tim.o
    0x08003296   0x08003296   0x00000002   PAD
    0x08003298   0x08003298   0x00000034   Code   RO         3593    i.HAL_TIM_PeriodElapsedCallback  rotary_encoder.o
    0x080032cc   0x080032cc   0x00000002   Code   RO         2013    i.HAL_TIM_TriggerCallback  stm32f1xx_hal_tim.o
    0x080032ce   0x080032ce   0x0000004e   Code   RO         2904    i.HAL_UARTEx_ReceiveToIdle_IT  stm32f1xx_hal_uart.o
    0x0800331c   0x0800331c   0x00000064   Code   RO         2923    i.HAL_UART_Init     stm32f1xx_hal_uart.o
    0x08003380   0x08003380   0x00000070   Code   RO          271    i.HAL_UART_MspInit  usart.o
    0x080033f0   0x080033f0   0x00000014   Code   RO         3295    i.HC06_Init         hc_06.o
    0x08003404   0x08003404   0x00000002   Code   RO          314    i.HardFault_Handler  stm32f1xx_it.o
    0x08003406   0x08003406   0x00000002   PAD
    0x08003408   0x08003408   0x00000038   Code   RO         3669    i.IntToUnicode      usbd_desc.o
    0x08003440   0x08003440   0x00000070   Code   RO          204    i.MX_GPIO_Init      gpio.o
    0x080034b0   0x080034b0   0x0000006c   Code   RO          230    i.MX_TIM1_Init      tim.o
    0x0800351c   0x0800351c   0x00000038   Code   RO          272    i.MX_USART3_UART_Init  usart.o
    0x08003554   0x08003554   0x00000040   Code   RO         3638    i.MX_USB_DEVICE_Init  usb_device.o
    0x08003594   0x08003594   0x00000002   Code   RO          315    i.MemManage_Handler  stm32f1xx_it.o
    0x08003596   0x08003596   0x00000002   Code   RO          316    i.NMI_Handler       stm32f1xx_it.o
    0x08003598   0x08003598   0x00000028   Code   RO         3331    i.OLED_Clear        oled.o
    0x080035c0   0x080035c0   0x00000064   Code   RO         3332    i.OLED_ClearArea    oled.o
    0x08003624   0x08003624   0x0000002a   Code   RO         3340    i.OLED_GPIO_Init    oled.o
    0x0800364e   0x0800364e   0x0000003a   Code   RO         3342    i.OLED_I2C_SendByte  oled.o
    0x08003688   0x08003688   0x0000001e   Code   RO         3343    i.OLED_I2C_Start    oled.o
    0x080036a6   0x080036a6   0x00000018   Code   RO         3344    i.OLED_I2C_Stop     oled.o
    0x080036be   0x080036be   0x0000009c   Code   RO         3345    i.OLED_Init         oled.o
    0x0800375a   0x0800375a   0x0000002a   Code   RO         3348    i.OLED_Printf       oled.o
    0x08003784   0x08003784   0x00000022   Code   RO         3351    i.OLED_SetCursor    oled.o
    0x080037a6   0x080037a6   0x00000002   PAD
    0x080037a8   0x080037a8   0x00000044   Code   RO         3353    i.OLED_ShowChar     oled.o
    0x080037ec   0x080037ec   0x000000b0   Code   RO         3357    i.OLED_ShowImage    oled.o
    0x0800389c   0x0800389c   0x0000002c   Code   RO         3360    i.OLED_ShowString   oled.o
    0x080038c8   0x080038c8   0x00000028   Code   RO         3361    i.OLED_Update       oled.o
    0x080038f0   0x080038f0   0x00000010   Code   RO         3363    i.OLED_W_SCL        oled.o
    0x08003900   0x08003900   0x00000010   Code   RO         3364    i.OLED_W_SDA        oled.o
    0x08003910   0x08003910   0x00000022   Code   RO         3365    i.OLED_WriteCommand  oled.o
    0x08003932   0x08003932   0x00000030   Code   RO         3366    i.OLED_WriteData    oled.o
    0x08003962   0x08003962   0x000003ac   Code   RO          514    i.PCD_EP_ISR_Handler  stm32f1xx_hal_pcd.o
    0x08003d0e   0x08003d0e   0x00000002   Code   RO          317    i.PendSV_Handler    stm32f1xx_it.o
    0x08003d10   0x08003d10   0x00000002   Code   RO          318    i.SVC_Handler       stm32f1xx_it.o
    0x08003d12   0x08003d12   0x00000004   Code   RO          319    i.SysTick_Handler   stm32f1xx_it.o
    0x08003d16   0x08003d16   0x00000076   Code   RO           14    i.SystemClock_Config  main.o
    0x08003d8c   0x08003d8c   0x00000002   Code   RO         3257    i.SystemInit        system_stm32f1xx.o
    0x08003d8e   0x08003d8e   0x00000002   PAD
    0x08003d90   0x08003d90   0x0000000c   Code   RO          320    i.TIM1_BRK_IRQHandler  stm32f1xx_it.o
    0x08003d9c   0x08003d9c   0x0000000c   Code   RO          321    i.TIM1_CC_IRQHandler  stm32f1xx_it.o
    0x08003da8   0x08003da8   0x0000000c   Code   RO          322    i.TIM1_TRG_COM_IRQHandler  stm32f1xx_it.o
    0x08003db4   0x08003db4   0x0000000c   Code   RO          323    i.TIM1_UP_IRQHandler  stm32f1xx_it.o
    0x08003dc0   0x08003dc0   0x0000006c   Code   RO         2015    i.TIM_Base_SetConfig  stm32f1xx_hal_tim.o
    0x08003e2c   0x08003e2c   0x0000001a   Code   RO         2016    i.TIM_CCxChannelCmd  stm32f1xx_hal_tim.o
    0x08003e46   0x08003e46   0x00000002   PAD
    0x08003e48   0x08003e48   0x000000b8   Code   RO         2949    i.UART_SetConfig    stm32f1xx_hal_uart.o
    0x08003f00   0x08003f00   0x00000036   Code   RO         2951    i.UART_Start_Receive_IT  stm32f1xx_hal_uart.o
    0x08003f36   0x08003f36   0x0000000e   Code   RO         3970    i.USBD_ClrClassConfig  usbd_core.o
    0x08003f44   0x08003f44   0x00000010   Code   RO         4173    i.USBD_CtlContinueRx  usbd_ioreq.o
    0x08003f54   0x08003f54   0x00000010   Code   RO         4174    i.USBD_CtlContinueSendData  usbd_ioreq.o
    0x08003f64   0x08003f64   0x00000016   Code   RO         4108    i.USBD_CtlError     usbd_ctlreq.o
    0x08003f7a   0x08003f7a   0x00000016   Code   RO         4176    i.USBD_CtlReceiveStatus  usbd_ioreq.o
    0x08003f90   0x08003f90   0x0000001a   Code   RO         4177    i.USBD_CtlSendData  usbd_ioreq.o
    0x08003faa   0x08003faa   0x00000016   Code   RO         4178    i.USBD_CtlSendStatus  usbd_ioreq.o
    0x08003fc0   0x08003fc0   0x00000020   Code   RO         3670    i.USBD_FS_ConfigStrDescriptor  usbd_desc.o
    0x08003fe0   0x08003fe0   0x0000000c   Code   RO         3671    i.USBD_FS_DeviceDescriptor  usbd_desc.o
    0x08003fec   0x08003fec   0x00000024   Code   RO         3672    i.USBD_FS_InterfaceStrDescriptor  usbd_desc.o
    0x08004010   0x08004010   0x0000000c   Code   RO         3673    i.USBD_FS_LangIDStrDescriptor  usbd_desc.o
    0x0800401c   0x0800401c   0x00000028   Code   RO         3674    i.USBD_FS_ManufacturerStrDescriptor  usbd_desc.o
    0x08004044   0x08004044   0x0000002c   Code   RO         3675    i.USBD_FS_ProductStrDescriptor  usbd_desc.o
    0x08004070   0x08004070   0x00000038   Code   RO         3676    i.USBD_FS_SerialStrDescriptor  usbd_desc.o
    0x080040a8   0x080040a8   0x000000e8   Code   RO         4109    i.USBD_GetDescriptor  usbd_ctlreq.o
    0x08004190   0x08004190   0x00000048   Code   RO         4110    i.USBD_GetString    usbd_ctlreq.o
    0x080041d8   0x080041d8   0x00000018   Code   RO         3772    i.USBD_Get_USB_Status  usbd_conf.o
    0x080041f0   0x080041f0   0x0000000c   Code   RO         4233    i.USBD_HID_DataIn   usbd_hid.o
    0x080041fc   0x080041fc   0x00000020   Code   RO         4234    i.USBD_HID_DeInit   usbd_hid.o
    0x0800421c   0x0800421c   0x0000000c   Code   RO         4235    i.USBD_HID_GetDeviceQualifierDesc  usbd_hid.o
    0x08004228   0x08004228   0x0000000c   Code   RO         4236    i.USBD_HID_GetFSCfgDesc  usbd_hid.o
    0x08004234   0x08004234   0x0000000c   Code   RO         4237    i.USBD_HID_GetHSCfgDesc  usbd_hid.o
    0x08004240   0x08004240   0x0000000c   Code   RO         4238    i.USBD_HID_GetOtherSpeedCfgDesc  usbd_hid.o
    0x0800424c   0x0800424c   0x0000002a   Code   RO         4240    i.USBD_HID_Init     usbd_hid.o
    0x08004276   0x08004276   0x00000002   PAD
    0x08004278   0x08004278   0x000000c8   Code   RO         4242    i.USBD_HID_Setup    usbd_hid.o
    0x08004340   0x08004340   0x0000002a   Code   RO         3972    i.USBD_Init         usbd_core.o
    0x0800436a   0x0800436a   0x00000012   Code   RO         3773    i.USBD_LL_ClearStallEP  usbd_conf.o
    0x0800437c   0x0800437c   0x00000012   Code   RO         3774    i.USBD_LL_CloseEP   usbd_conf.o
    0x0800438e   0x0800438e   0x000000c6   Code   RO         3973    i.USBD_LL_DataInStage  usbd_core.o
    0x08004454   0x08004454   0x00000082   Code   RO         3974    i.USBD_LL_DataOutStage  usbd_core.o
    0x080044d6   0x080044d6   0x00000002   PAD
    0x080044d8   0x080044d8   0x00000068   Code   RO         3779    i.USBD_LL_Init      usbd_conf.o
    0x08004540   0x08004540   0x00000020   Code   RO         3780    i.USBD_LL_IsStallEP  usbd_conf.o
    0x08004560   0x08004560   0x00000018   Code   RO         3781    i.USBD_LL_OpenEP    usbd_conf.o
    0x08004578   0x08004578   0x00000012   Code   RO         3782    i.USBD_LL_PrepareReceive  usbd_conf.o
    0x0800458a   0x0800458a   0x00000050   Code   RO         3979    i.USBD_LL_Reset     usbd_core.o
    0x080045da   0x080045da   0x00000014   Code   RO         3980    i.USBD_LL_Resume    usbd_core.o
    0x080045ee   0x080045ee   0x00000018   Code   RO         3981    i.USBD_LL_SOF       usbd_core.o
    0x08004606   0x08004606   0x00000006   Code   RO         3982    i.USBD_LL_SetSpeed  usbd_core.o
    0x0800460c   0x0800460c   0x00000012   Code   RO         3783    i.USBD_LL_SetUSBAddress  usbd_conf.o
    0x0800461e   0x0800461e   0x0000005a   Code   RO         3983    i.USBD_LL_SetupStage  usbd_core.o
    0x08004678   0x08004678   0x00000012   Code   RO         3784    i.USBD_LL_StallEP   usbd_conf.o
    0x0800468a   0x0800468a   0x00000012   Code   RO         3785    i.USBD_LL_Start     usbd_conf.o
    0x0800469c   0x0800469c   0x00000012   Code   RO         3984    i.USBD_LL_Suspend   usbd_core.o
    0x080046ae   0x080046ae   0x00000012   Code   RO         3787    i.USBD_LL_Transmit  usbd_conf.o
    0x080046c0   0x080046c0   0x00000028   Code   RO         4111    i.USBD_ParseSetupRequest  usbd_ctlreq.o
    0x080046e8   0x080046e8   0x00000010   Code   RO         3985    i.USBD_RegisterClass  usbd_core.o
    0x080046f8   0x080046f8   0x00000016   Code   RO         3987    i.USBD_SetClassConfig  usbd_core.o
    0x0800470e   0x0800470e   0x00000002   PAD
    0x08004710   0x08004710   0x00000084   Code   RO         4112    i.USBD_SetConfig    usbd_ctlreq.o
    0x08004794   0x08004794   0x0000000a   Code   RO         3988    i.USBD_Start        usbd_core.o
    0x0800479e   0x0800479e   0x00000112   Code   RO         4113    i.USBD_StdDevReq    usbd_ctlreq.o
    0x080048b0   0x080048b0   0x00000150   Code   RO         4114    i.USBD_StdEPReq     usbd_ctlreq.o
    0x08004a00   0x08004a00   0x0000004e   Code   RO         4115    i.USBD_StdItfReq    usbd_ctlreq.o
    0x08004a4e   0x08004a4e   0x00000002   Code   RO         3788    i.USBD_static_free  usbd_conf.o
    0x08004a50   0x08004a50   0x00000008   Code   RO         3789    i.USBD_static_malloc  usbd_conf.o
    0x08004a58   0x08004a58   0x0000029c   Code   RO          757    i.USB_ActivateEndpoint  stm32f1xx_ll_usb.o
    0x08004cf4   0x08004cf4   0x00000004   Code   RO          760    i.USB_CoreInit      stm32f1xx_ll_usb.o
    0x08004cf8   0x08004cf8   0x0000010e   Code   RO          762    i.USB_DeactivateEndpoint  stm32f1xx_ll_usb.o
    0x08004e06   0x08004e06   0x00000004   Code   RO          763    i.USB_DevConnect    stm32f1xx_ll_usb.o
    0x08004e0a   0x08004e0a   0x00000004   Code   RO          764    i.USB_DevDisconnect  stm32f1xx_ll_usb.o
    0x08004e0e   0x08004e0e   0x00000012   Code   RO          765    i.USB_DevInit       stm32f1xx_ll_usb.o
    0x08004e20   0x08004e20   0x0000000e   Code   RO          766    i.USB_DisableGlobalInt  stm32f1xx_ll_usb.o
    0x08004e2e   0x08004e2e   0x00000004   Code   RO          767    i.USB_EP0_OutStart  stm32f1xx_ll_usb.o
    0x08004e32   0x08004e32   0x00000078   Code   RO          768    i.USB_EPClearStall  stm32f1xx_ll_usb.o
    0x08004eaa   0x08004eaa   0x00000032   Code   RO          769    i.USB_EPSetStall    stm32f1xx_ll_usb.o
    0x08004edc   0x08004edc   0x000004e2   Code   RO          770    i.USB_EPStartXfer   stm32f1xx_ll_usb.o
    0x080053be   0x080053be   0x00000012   Code   RO          772    i.USB_EnableGlobalInt  stm32f1xx_ll_usb.o
    0x080053d0   0x080053d0   0x0000000c   Code   RO          324    i.USB_LP_CAN1_RX0_IRQHandler  stm32f1xx_it.o
    0x080053dc   0x080053dc   0x00000006   Code   RO          779    i.USB_ReadInterrupts  stm32f1xx_ll_usb.o
    0x080053e2   0x080053e2   0x00000002   PAD
    0x080053e4   0x080053e4   0x0000002c   Code   RO          780    i.USB_ReadPMA       stm32f1xx_ll_usb.o
    0x08005410   0x08005410   0x00000004   Code   RO          781    i.USB_SetCurrentMode  stm32f1xx_ll_usb.o
    0x08005414   0x08005414   0x0000000c   Code   RO          782    i.USB_SetDevAddress  stm32f1xx_ll_usb.o
    0x08005420   0x08005420   0x00000026   Code   RO          784    i.USB_WritePMA      stm32f1xx_ll_usb.o
    0x08005446   0x08005446   0x00000002   Code   RO          325    i.UsageFault_Handler  stm32f1xx_it.o
    0x08005448   0x08005448   0x00000028   Code   RO         4559    i.__ARM_fpclassify  m_ws.l(fpclassify.o)
    0x08005470   0x08005470   0x00000020   Code   RO         1433    i.__NVIC_SetPriority  stm32f1xx_hal_cortex.o
    0x08005490   0x08005490   0x0000000e   Code   RO         4440    i._is_digit         c_w.l(__printf_wp.o)
    0x0800549e   0x0800549e   0x00000002   PAD
    0x080054a0   0x080054a0   0x0000007c   Code   RO           15    i.main              main.o
    0x0800551c   0x0800551c   0x0000002c   Code   RO         4603    locale$$code        c_w.l(lc_numeric_c.o)
    0x08005548   0x08005548   0x0000002c   Code   RO         4620    locale$$code        c_w.l(lc_ctype_c.o)
    0x08005574   0x08005574   0x00000004   Code   RO         4485    x$fpl$printf1       fz_ws.l(printf1.o)
    0x08005578   0x08005578   0x00000004   Code   RO         4487    x$fpl$printf2       fz_ws.l(printf2.o)
    0x0800557c   0x0800557c   0x00000000   Code   RO         4493    x$fpl$usenofp       fz_ws.l(usenofp.o)
    0x0800557c   0x0800557c   0x00000012   Data   RO         1131    .constdata          stm32f1xx_hal_rcc.o
    0x0800558e   0x0800558e   0x00000010   Data   RO         3258    .constdata          system_stm32f1xx.o
    0x0800559e   0x0800559e   0x00000008   Data   RO         3259    .constdata          system_stm32f1xx.o
    0x080055a6   0x080055a6   0x000005f0   Data   RO         3571    .constdata          oled_data.o
    0x08005b96   0x08005b96   0x0000023a   Data   RO         3572    .constdata          oled_data.o
    0x08005dd0   0x08005dd0   0x00000008   Data   RO         4399    .constdata          c_w.l(_printf_wctomb.o)
    0x08005dd8   0x08005dd8   0x00000028   Data   RO         4428    .constdata          c_w.l(_printf_hex_int_ll_ptr.o)
    0x08005e00   0x08005e00   0x00000011   Data   RO         4448    .constdata          c_w.l(__printf_flags_ss_wp.o)
    0x08005e11   0x08005e11   0x00000026   Data   RO         4546    .constdata          c_w.l(_printf_fp_hex.o)
    0x08005e37   0x08005e37   0x00000001   PAD
    0x08005e38   0x08005e38   0x00000094   Data   RO         4578    .constdata          c_w.l(bigflt0.o)
    0x08005ecc   0x08005ecc   0x00000020   Data   RO         4748    Region$$Table       anon$$obj.o
    0x08005eec   0x08005eec   0x0000001c   Data   RO         4602    locale$$data        c_w.l(lc_numeric_c.o)
    0x08005f08   0x08005f08   0x00000110   Data   RO         4619    locale$$data        c_w.l(lc_ctype_c.o)


    Execution Region RW_IRAM1 (Exec base: 0x20000000, Load base: 0x08006018, Size: 0x00001438, Max: 0x00005000, ABSOLUTE, COMPRESSED[0x000000d8])

    Exec Addr    Load Addr    Size         Type   Attr      Idx    E Section Name        Object

    0x20000000   COMPRESSED   0x0000000c   Data   RW          968    .data               stm32f1xx_hal.o
    0x2000000c   COMPRESSED   0x00000004   Data   RW         3260    .data               system_stm32f1xx.o
    0x20000010   COMPRESSED   0x0000000c   Data   RW         3297    .data               hc_06.o
    0x2000001c   COMPRESSED   0x00000008   Data   RW         3594    .data               rotary_encoder.o
    0x20000024   COMPRESSED   0x0000001c   Data   RW         3678    .data               usbd_desc.o
    0x20000040   COMPRESSED   0x00000032   Data   RW         3679    .data               usbd_desc.o
    0x20000072   COMPRESSED   0x00000001   Data   RW         4116    .data               usbd_ctlreq.o
    0x20000073   COMPRESSED   0x00000001   PAD
    0x20000074   COMPRESSED   0x00000038   Data   RW         4243    .data               usbd_hid.o
    0x200000ac   COMPRESSED   0x000000ce   Data   RW         4244    .data               usbd_hid.o
    0x2000017a   COMPRESSED   0x00000002   PAD
    0x2000017c        -       0x00000048   Zero   RW          231    .bss                tim.o
    0x200001c4        -       0x00000048   Zero   RW          273    .bss                usart.o
    0x2000020c        -       0x00000400   Zero   RW         3368    .bss                oled.o
    0x2000060c        -       0x000002c4   Zero   RW         3639    .bss                usb_device.o
    0x200008d0        -       0x00000200   Zero   RW         3677    .bss                usbd_desc.o
    0x20000ad0        -       0x00000304   Zero   RW         3790    .bss                usbd_conf.o
    0x20000dd4        -       0x00000060   Zero   RW         4564    .bss                c_w.l(libspace.o)
    0x20000e34   COMPRESSED   0x00000004   PAD
    0x20000e38        -       0x00000200   Zero   RW            2    HEAP                startup_stm32f103xb.o
    0x20001038        -       0x00000400   Zero   RW            1    STACK               startup_stm32f103xb.o


==============================================================================

Image component sizes


      Code (inc. data)   RO Data    RW Data    ZI Data      Debug   Object Name

       112          8          0          0          0        903   gpio.o
        20         10          0         12          0       1094   hc_06.o
       246         36          0          0          0     446081   main.o
       968         40          0          0       1024      10783   oled.o
         0          0       2090          0          0       1091   oled_data.o
       180         30          0          8          0       2698   rotary_encoder.o
        64         26        236          0       1536        808   startup_stm32f103xb.o
       128         24          0         12          0       5269   stm32f1xx_hal.o
       198         14          0          0          0      28911   stm32f1xx_hal_cortex.o
       500         34          0          0          0       3503   stm32f1xx_hal_gpio.o
        60          8          0          0          0        866   stm32f1xx_hal_msp.o
      3076          0          0          0          0      13641   stm32f1xx_hal_pcd.o
        60          0          0          0          0       1166   stm32f1xx_hal_pcd_ex.o
      1240         84         18          0          0       5088   stm32f1xx_hal_rcc.o
       236         12          0          0          0       1372   stm32f1xx_hal_rcc_ex.o
       804         14          0          0          0       7127   stm32f1xx_hal_tim.o
       108         12          0          0          0       2385   stm32f1xx_hal_tim_ex.o
       416          6          0          0          0       3466   stm32f1xx_hal_uart.o
        80         30          0          0          0       6021   stm32f1xx_it.o
      2528          0          0          0          0      16035   stm32f1xx_ll_usb.o
         2          0         24          4          0       1107   system_stm32f1xx.o
       260         24          0          0         72       1733   tim.o
       168         20          0          0         72       1662   usart.o
        64         12          0          0        708        772   usb_device.o
       524         30          0          0        772      13549   usbd_conf.o
       670          0          0          0          0       9407   usbd_core.o
      1186         28          0          1          0       7880   usbd_ctlreq.o
       288        104          0         78        512      10545   usbd_desc.o
       334         20          0        262          0       6979   usbd_hid.o
       102          0          0          0          0       3628   usbd_ioreq.o

    ----------------------------------------------------------------------
     14650        626       2400        380       4696     615570   Object Totals
         0          0         32          0          0          0   (incl. Generated)
        28          0          0          3          0          0   (incl. Padding)

    ----------------------------------------------------------------------

      Code (inc. data)   RO Data    RW Data    ZI Data      Debug   Library Member Name

        90          0          0          0          0          0   __dczerorl2.o
         8          0          0          0          0         68   __main.o
       392          4         17          0          0         92   __printf_flags_ss_wp.o
        14          0          0          0          0         68   __printf_wp.o
         0          0          0          0          0          0   __rtentry.o
        12          0          0          0          0          0   __rtentry2.o
         6          0          0          0          0          0   __rtentry4.o
        52          8          0          0          0          0   __scatter.o
        28          0          0          0          0          0   __scatter_zi.o
         6          0          0          0          0          0   _printf_a.o
         6          0          0          0          0          0   _printf_c.o
        44          0          0          0          0        108   _printf_char.o
        48          6          0          0          0         96   _printf_char_common.o
        40          0          0          0          0         68   _printf_charcount.o
         6          0          0          0          0          0   _printf_d.o
       120         16          0          0          0         92   _printf_dec.o
         6          0          0          0          0          0   _printf_e.o
         6          0          0          0          0          0   _printf_f.o
      1054          0          0          0          0        216   _printf_fp_dec.o
       764          8         38          0          0        100   _printf_fp_hex.o
       128         16          0          0          0         84   _printf_fp_infnan.o
         6          0          0          0          0          0   _printf_g.o
       148          4         40          0          0        160   _printf_hex_int_ll_ptr.o
         6          0          0          0          0          0   _printf_i.o
       178          0          0          0          0         88   _printf_intcommon.o
        10          0          0          0          0          0   _printf_l.o
         6          0          0          0          0          0   _printf_lc.o
        10          0          0          0          0          0   _printf_ll.o
         6          0          0          0          0          0   _printf_lld.o
         6          0          0          0          0          0   _printf_lli.o
         6          0          0          0          0          0   _printf_llo.o
         6          0          0          0          0          0   _printf_llu.o
         6          0          0          0          0          0   _printf_llx.o
       124         16          0          0          0         92   _printf_longlong_dec.o
         6          0          0          0          0          0   _printf_ls.o
         6          0          0          0          0          0   _printf_n.o
         6          0          0          0          0          0   _printf_o.o
       112         10          0          0          0        124   _printf_oct_int_ll.o
         6          0          0          0          0          0   _printf_p.o
        78          0          0          0          0        108   _printf_pad.o
         0          0          0          0          0          0   _printf_percent.o
         4          0          0          0          0          0   _printf_percent_end.o
         6          0          0          0          0          0   _printf_s.o
        82          0          0          0          0         80   _printf_str.o
        36          0          0          0          0         84   _printf_truncate.o
         6          0          0          0          0          0   _printf_u.o
        44          0          0          0          0        108   _printf_wchar.o
       188          6          8          0          0         92   _printf_wctomb.o
         6          0          0          0          0          0   _printf_x.o
        10          0          0          0          0         68   _sputc.o
        64          0          0          0          0         92   _wcrtomb.o
       228          4        148          0          0         96   bigflt0.o
      1936        128          0          0          0        672   btod.o
        18          0          0          0          0         80   exit.o
         6          0          0          0          0        152   heapauxi.o
         0          0          0          0          0          0   indicate_semi.o
        44         10        272          0          0         76   lc_ctype_c.o
        44         10         28          0          0         76   lc_numeric_c.o
         2          0          0          0          0          0   libinit.o
        30          0          0          0          0          0   libinit2.o
         2          0          0          0          0          0   libshutdown.o
         2          0          0          0          0          0   libshutdown2.o
         8          4          0          0         96         68   libspace.o
       138          0          0          0          0         80   lludiv10.o
        16          4          0          0          0         76   rt_ctype_table.o
         8          4          0          0          0         68   rt_locale_intlibspace.o
        78          0          0          0          0         80   rt_memclr_w.o
       100          0          0          0          0         80   rt_memcpy_w.o
         2          0          0          0          0          0   rtexit.o
        10          0          0          0          0          0   rtexit2.o
       128          0          0          0          0         68   strcmpv7m.o
        12          4          0          0          0         68   sys_exit.o
        74          0          0          0          0         80   sys_stackheap_outer.o
         2          0          0          0          0         68   use_no_semi.o
        36          4          0          0          0         76   vsprintf.o
         4          0          0          0          0         68   printf1.o
         4          0          0          0          0         68   printf2.o
         0          0          0          0          0          0   usenofp.o
        40          0          0          0          0         68   fpclassify.o

    ----------------------------------------------------------------------
      6998        266        552          0        100       4256   Library Totals
        18          0          1          0          4          0   (incl. Padding)

    ----------------------------------------------------------------------

      Code (inc. data)   RO Data    RW Data    ZI Data      Debug   Library Name

      6932        266        551          0         96       4052   c_w.l
         8          0          0          0          0        136   fz_ws.l
        40          0          0          0          0         68   m_ws.l

    ----------------------------------------------------------------------
      6998        266        552          0        100       4256   Library Totals

    ----------------------------------------------------------------------

==============================================================================


      Code (inc. data)   RO Data    RW Data    ZI Data      Debug   

     21648        892       2952        380       4796     608694   Grand Totals
     21648        892       2952        216       4796     608694   ELF Image Totals (compressed)
     21648        892       2952        216          0          0   ROM Totals

==============================================================================

    Total RO  Size (Code + RO Data)                24600 (  24.02kB)
    Total RW  Size (RW Data + ZI Data)              5176 (   5.05kB)
    Total ROM Size (Code + RO Data + RW Data)      24816 (  24.23kB)

==============================================================================

