<html>
<body>
<pre>
<h1>µVision Build Log</h1>
<h2>Tool Versions:</h2>
IDE-Version: ¦ÌVision V5.39.0.0
Copyright (C) 2023 ARM Ltd and ARM Germany GmbH. All rights reserved.
License Information: 123 123, 123, LIC=21E4T-REPCA-30SNC-7ZUF7-P51IQ-3PT0N
 
Tool Versions:
Toolchain:       MDK-ARM Plus  Version: 5.39.0.0
Toolchain Path:  E:\SoftWare\Work\MCU\KEIL\ARM\ARMCC\Bin
C Compiler:      Armcc.exe V5.06 update 5 (build 528)
Assembler:       Armasm.exe V5.06 update 5 (build 528)
Linker/Locator:  ArmLink.exe V5.06 update 5 (build 528)
Library Manager: ArmAr.exe V5.06 update 5 (build 528)
Hex Converter:   FromElf.exe V5.06 update 5 (build 528)
CPU DLL:         SARMCM3.DLL V5.39.0.0
Dialog DLL:      DCM.DLL V1.17.5.0
Target DLL:      STLink\ST-LINKIII-KEIL_SWO.dll V3.2.0.0
Dialog DLL:      TCM.DLL V1.56.4.0
 
<h2>Project:</h2>
E:\SoftWare\Work\MCU\MCU_Projuct\STM32\STM32CUBEMX\Module\USB_HandShank\MDK-ARM\USB_HandShank.uvprojx
Project File Date:  06/27/2024

<h2>Output:</h2>
*** Using Compiler 'V5.06 update 5 (build 528)', folder: 'E:\SoftWare\Work\MCU\KEIL\ARM\ARMCC\Bin'
Build target 'USB_HandShank'
compiling Rotary_Encoder.c...
Src\Rotary_Encoder.c(60): warning:  #940-D: missing return statement at end of non-void function "Encoder_Detection" 
  }
Src\Rotary_Encoder.c(102): warning:  #1-D: last line of file ends without a newline
  }
Src\Rotary_Encoder.c: 2 warnings, 0 errors
linking...
Program Size: Code=21648 RO-data=2952 RW-data=380 ZI-data=4796  
FromELF: creating hex file...
"USB_HandShank\USB_HandShank.axf" - 0 Error(s), 2 Warning(s).

<h2>Software Packages used:</h2>

Package Vendor: ARM
                http://www.keil.com/pack/ARM.CMSIS.5.9.0.pack
                ARM::CMSIS@5.9.0
                CMSIS (Common Microcontroller Software Interface Standard)
   * Component: CORE Version: 5.6.0

Package Vendor: Keil
                http://www.keil.com/pack/Keil.STM32F1xx_DFP.2.2.0.pack
                Keil::STM32F1xx_DFP@2.2.0
                STMicroelectronics STM32F1 Series Device Support, Drivers and Examples

<h2>Collection of Component include folders:</h2>
  ./RTE/_USB_HandShank
  E:/SoftWare/Work/MCU/KEIL/ARM/PACK/ARM/CMSIS/5.9.0/CMSIS/Core/Include
  E:/SoftWare/Work/MCU/KEIL/ARM/PACK/Keil/STM32F1xx_DFP/2.2.0/Device/Include

<h2>Collection of Component Files used:</h2>

   * Component: ARM::CMSIS:CORE@5.6.0
      Include file:  CMSIS/Core/Include/tz_context.h
Build Time Elapsed:  00:00:01
</pre>
</body>
</html>
