Component: ARM Compiler 5.06 update 5 (build 528) Tool: armlink [4d35e2]

==============================================================================

Section Cross References

    startup_stm32f103xb.o(STACK) refers (Special) to heapauxi.o(.text) for __use_two_region_memory
    startup_stm32f103xb.o(HEAP) refers (Special) to heapauxi.o(.text) for __use_two_region_memory
    startup_stm32f103xb.o(RESET) refers (Special) to heapauxi.o(.text) for __use_two_region_memory
    startup_stm32f103xb.o(RESET) refers to startup_stm32f103xb.o(STACK) for __initial_sp
    startup_stm32f103xb.o(RESET) refers to startup_stm32f103xb.o(.text) for Reset_Handler
    startup_stm32f103xb.o(RESET) refers to stm32f1xx_it.o(i.NMI_Handler) for NMI_Handler
    startup_stm32f103xb.o(RESET) refers to stm32f1xx_it.o(i.HardFault_Handler) for HardFault_Handler
    startup_stm32f103xb.o(RESET) refers to stm32f1xx_it.o(i.MemManage_Handler) for MemManage_Handler
    startup_stm32f103xb.o(RESET) refers to stm32f1xx_it.o(i.BusFault_Handler) for BusFault_Handler
    startup_stm32f103xb.o(RESET) refers to stm32f1xx_it.o(i.UsageFault_Handler) for UsageFault_Handler
    startup_stm32f103xb.o(RESET) refers to stm32f1xx_it.o(i.SVC_Handler) for SVC_Handler
    startup_stm32f103xb.o(RESET) refers to stm32f1xx_it.o(i.DebugMon_Handler) for DebugMon_Handler
    startup_stm32f103xb.o(RESET) refers to stm32f1xx_it.o(i.PendSV_Handler) for PendSV_Handler
    startup_stm32f103xb.o(RESET) refers to stm32f1xx_it.o(i.SysTick_Handler) for SysTick_Handler
    startup_stm32f103xb.o(.text) refers (Special) to heapauxi.o(.text) for __use_two_region_memory
    startup_stm32f103xb.o(.text) refers to system_stm32f1xx.o(i.SystemInit) for SystemInit
    startup_stm32f103xb.o(.text) refers to __main.o(!!!main) for __main
    startup_stm32f103xb.o(.text) refers to startup_stm32f103xb.o(HEAP) for Heap_Mem
    startup_stm32f103xb.o(.text) refers to startup_stm32f103xb.o(STACK) for Stack_Mem
    main.o(i.SystemClock_Config) refers to rt_memclr_w.o(.text) for __aeabi_memclr4
    main.o(i.SystemClock_Config) refers to stm32f1xx_hal_rcc.o(i.HAL_RCC_OscConfig) for HAL_RCC_OscConfig
    main.o(i.SystemClock_Config) refers to stm32f1xx_hal_rcc.o(i.HAL_RCC_ClockConfig) for HAL_RCC_ClockConfig
    main.o(i.main) refers to stm32f1xx_hal.o(i.HAL_Init) for HAL_Init
    main.o(i.main) refers to main.o(i.SystemClock_Config) for SystemClock_Config
    main.o(i.main) refers to gpio.o(i.MX_GPIO_Init) for MX_GPIO_Init
    main.o(i.main) refers to i2c.o(i.MX_I2C2_Init) for MX_I2C2_Init
    main.o(i.main) refers to oled.o(i.OLED_Init) for OLED_Init
    main.o(i.main) refers to mpu6050.o(i.MPU6050_DMP_init) for MPU6050_DMP_init
    main.o(i.main) refers to oled.o(i.OLED_Printf) for OLED_Printf
    main.o(i.main) refers to oled.o(i.OLED_Update) for OLED_Update
    main.o(i.main) refers to mpu6050.o(i.MPU6050_DMP_Get_Date) for MPU6050_DMP_Get_Date
    main.o(i.main) refers to f2d.o(x$fpl$f2d) for __aeabi_f2d
    gpio.o(i.MX_GPIO_Init) refers to stm32f1xx_hal_gpio.o(i.HAL_GPIO_WritePin) for HAL_GPIO_WritePin
    gpio.o(i.MX_GPIO_Init) refers to stm32f1xx_hal_gpio.o(i.HAL_GPIO_Init) for HAL_GPIO_Init
    i2c.o(i.HAL_I2C_MspDeInit) refers to stm32f1xx_hal_gpio.o(i.HAL_GPIO_DeInit) for HAL_GPIO_DeInit
    i2c.o(i.HAL_I2C_MspInit) refers to stm32f1xx_hal_gpio.o(i.HAL_GPIO_Init) for HAL_GPIO_Init
    i2c.o(i.MX_I2C2_Init) refers to stm32f1xx_hal_i2c.o(i.HAL_I2C_Init) for HAL_I2C_Init
    i2c.o(i.MX_I2C2_Init) refers to main.o(i.Error_Handler) for Error_Handler
    i2c.o(i.MX_I2C2_Init) refers to i2c.o(.bss) for .bss
    stm32f1xx_it.o(i.SysTick_Handler) refers to stm32f1xx_hal.o(i.HAL_IncTick) for HAL_IncTick
    stm32f1xx_hal_i2c.o(i.HAL_I2C_DeInit) refers to i2c.o(i.HAL_I2C_MspDeInit) for HAL_I2C_MspDeInit
    stm32f1xx_hal_i2c.o(i.HAL_I2C_ER_IRQHandler) refers to stm32f1xx_hal_i2c.o(i.I2C_Slave_AF) for I2C_Slave_AF
    stm32f1xx_hal_i2c.o(i.HAL_I2C_ER_IRQHandler) refers to stm32f1xx_hal_i2c.o(i.I2C_ITError) for I2C_ITError
    stm32f1xx_hal_i2c.o(i.HAL_I2C_EV_IRQHandler) refers to stm32f1xx_hal_i2c.o(i.I2C_Slave_ADDR) for I2C_Slave_ADDR
    stm32f1xx_hal_i2c.o(i.HAL_I2C_EV_IRQHandler) refers to stm32f1xx_hal_i2c.o(i.I2C_Master_SB) for I2C_Master_SB
    stm32f1xx_hal_i2c.o(i.HAL_I2C_EV_IRQHandler) refers to stm32f1xx_hal_i2c.o(i.I2C_Master_ADDR) for I2C_Master_ADDR
    stm32f1xx_hal_i2c.o(i.HAL_I2C_EV_IRQHandler) refers to stm32f1xx_hal_i2c.o(i.I2C_MasterTransmit_TXE) for I2C_MasterTransmit_TXE
    stm32f1xx_hal_i2c.o(i.HAL_I2C_EV_IRQHandler) refers to stm32f1xx_hal_i2c.o(i.I2C_MemoryTransmit_TXE_BTF) for I2C_MemoryTransmit_TXE_BTF
    stm32f1xx_hal_i2c.o(i.HAL_I2C_EV_IRQHandler) refers to stm32f1xx_hal_i2c.o(i.I2C_MasterTransmit_BTF) for I2C_MasterTransmit_BTF
    stm32f1xx_hal_i2c.o(i.HAL_I2C_EV_IRQHandler) refers to stm32f1xx_hal_i2c.o(i.I2C_MasterReceive_RXNE) for I2C_MasterReceive_RXNE
[...]
    .constdata                               0x080083e8   Section       17  __printf_flags_ss_wp.o(.constdata)
    maptable                                 0x080083e8   Data          17  __printf_flags_ss_wp.o(.constdata)
    .constdata                               0x08008400   Section        8  qnan.o(.constdata)
    .constdata                               0x08008408   Section       38  _printf_fp_hex.o(.constdata)
    lc_hextab                                0x08008408   Data          19  _printf_fp_hex.o(.constdata)
    uc_hextab                                0x0800841b   Data          19  _printf_fp_hex.o(.constdata)
    .constdata                               0x08008430   Section      148  bigflt0.o(.constdata)
    tenpwrs_x                                0x08008430   Data          60  bigflt0.o(.constdata)
    tenpwrs_i                                0x0800846c   Data          64  bigflt0.o(.constdata)
    locale$$data                             0x080084e4   Section       28  lc_numeric_c.o(locale$$data)
    __lcnum_c_name                           0x080084e8   Data           2  lc_numeric_c.o(locale$$data)
    __lcnum_c_start                          0x080084f0   Data           0  lc_numeric_c.o(locale$$data)
    __lcnum_c_point                          0x080084fc   Data           0  lc_numeric_c.o(locale$$data)
    __lcnum_c_thousands                      0x080084fe   Data           0  lc_numeric_c.o(locale$$data)
    __lcnum_c_grouping                       0x080084ff   Data           0  lc_numeric_c.o(locale$$data)
    locale$$data                             0x08008500   Section      272  lc_ctype_c.o(locale$$data)
    __lcnum_c_end                            0x08008500   Data           0  lc_numeric_c.o(locale$$data)
    __lcctype_c_name                         0x08008504   Data           2  lc_ctype_c.o(locale$$data)
    __lcctype_c_start                        0x0800850c   Data           0  lc_ctype_c.o(locale$$data)
    __lcctype_c_end                          0x08008610   Data           0  lc_ctype_c.o(locale$$data)
    .data                                    0x20000000   Section       12  stm32f1xx_hal.o(.data)
    .data                                    0x2000000c   Section        4  system_stm32f1xx.o(.data)
    .data                                    0x20000010   Section       44  inv_mpu.o(.data)
    st                                       0x20000010   Data          44  inv_mpu.o(.data)
    .data                                    0x2000003c   Section        9  mpu6050.o(.data)
    gyro_orientation                         0x2000003c   Data           9  mpu6050.o(.data)
    .bss                                     0x20000048   Section       84  i2c.o(.bss)
    .bss                                     0x2000009c   Section       16  inv_mpu_dmp_motion_driver.o(.bss)
    dmp                                      0x2000009c   Data          16  inv_mpu_dmp_motion_driver.o(.bss)
    .bss                                     0x200000ac   Section     1024  oled.o(.bss)
    .bss                                     0x200004ac   Section       96  libspace.o(.bss)
    HEAP                                     0x20000510   Section      512  startup_stm32f103xb.o(HEAP)
    Heap_Mem                                 0x20000510   Data         512  startup_stm32f103xb.o(HEAP)
    STACK                                    0x20000710   Section     1024  startup_stm32f103xb.o(STACK)
    Stack_Mem                                0x20000710   Data        1024  startup_stm32f103xb.o(STACK)
    __initial_sp                             0x20000b10   Data           0  startup_stm32f103xb.o(STACK)

    Global Symbols

    Symbol Name                              Value     Ov Type        Size  Object(Section)

    BuildAttributes$$THM_ISAv4$P$D$K$B$S$PE$A:L22UL41UL21$X:L11$S22US41US21$IEEE1$IW$USESV6$~STKCKD$USESV7$~SHL$OTIME$ROPI$IEEEX$EBA8$UX$STANDARDLIB$REQ8$PRES8$EABIv2 0x00000000   Number         0  anon$$obj.o ABSOLUTE
    __ARM_use_no_argv                        0x00000000   Number         0  main.o ABSOLUTE
    _printf_flags                            0x00000000   Number         0  printf_stubs.o ABSOLUTE
    _printf_return_value                     0x00000000   Number         0  printf_stubs.o ABSOLUTE
    _printf_sizespec                         0x00000000   Number         0  printf_stubs.o ABSOLUTE
    _printf_widthprec                        0x00000000   Number         0  printf_stubs.o ABSOLUTE
    __ARM_exceptions_init                     - Undefined Weak Reference
    __alloca_initialize                       - Undefined Weak Reference
    __arm_preinit_                            - Undefined Weak Reference
    __cpp_initialize__aeabi_                  - Undefined Weak Reference
    __cxa_finalize                            - Undefined Weak Reference
    __sigvec_lookup                           - Undefined Weak Reference
    _atexit_init                              - Undefined Weak Reference
    _call_atexit_fns                          - Undefined Weak Reference
    _clock_init                               - Undefined Weak Reference
    _fp_trap_init                             - Undefined Weak Reference
    _fp_trap_shutdown                         - Undefined Weak Reference
    _get_lc_collate                           - Undefined Weak Reference
    _get_lc_monetary                          - Undefined Weak Reference
    _get_lc_time                              - Undefined Weak Reference
    _getenv_init                              - Undefined Weak Reference
    _handle_redirection                       - Undefined Weak Reference
    _init_alloc                               - Undefined Weak Reference
    _init_user_alloc                          - Undefined Weak Reference
    _initio                                   - Undefined Weak Reference
    _printf_mbtowc                            - Undefined Weak Reference
    _printf_wc                                - Undefined Weak Reference
    _rand_init                                - Undefined Weak Reference
    _signal_finish                            - Undefined Weak Reference
    _signal_init                              - Undefined Weak Reference
    _terminate_alloc                          - Undefined Weak Reference
    _terminate_user_alloc                     - Undefined Weak Reference
    _terminateio                              - Undefined Weak Reference
    __Vectors_Size                           0x000000ec   Number         0  startup_stm32f103xb.o ABSOLUTE
    __Vectors                                0x08000000   Data           4  startup_stm32f103xb.o(RESET)
    __Vectors_End                            0x080000ec   Data           0  startup_stm32f103xb.o(RESET)
    __main                                   0x080000ed   Thumb Code     8  __main.o(!!!main)
    __scatterload                            0x080000f5   Thumb Code     0  __scatter.o(!!!scatter)
    __scatterload_rt2                        0x080000f5   Thumb Code    44  __scatter.o(!!!scatter)
    __scatterload_rt2_thumb_only             0x080000f5   Thumb Code     0  __scatter.o(!!!scatter)
    __scatterload_null                       0x08000103   Thumb Code     0  __scatter.o(!!!scatter)
    __scatterload_copy                       0x08000129   Thumb Code    26  __scatter_copy.o(!!handler_copy)
    __scatterload_zeroinit                   0x08000145   Thumb Code    28  __scatter_zi.o(!!handler_zi)
    _printf_n                                0x08000161   Thumb Code     0  _printf_n.o(.ARM.Collect$$_printf_percent$$00000001)
    _printf_percent                          0x08000161   Thumb Code     0  _printf_percent.o(.ARM.Collect$$_printf_percent$$00000000)
    _printf_p                                0x08000167   Thumb Code     0  _printf_p.o(.ARM.Collect$$_printf_percent$$00000002)
    _printf_f                                0x0800016d   Thumb Code     0  _printf_f.o(.ARM.Collect$$_printf_percent$$00000003)
    _printf_e                                0x08000173   Thumb Code     0  _printf_e.o(.ARM.Collect$$_printf_percent$$00000004)
    _printf_g                                0x08000179   Thumb Code     0  _printf_g.o(.ARM.Collect$$_printf_percent$$00000005)
    _printf_a                                0x0800017f   Thumb Code     0  _printf_a.o(.ARM.Collect$$_printf_percent$$00000006)
    _printf_ll                               0x08000185   Thumb Code     0  _printf_ll.o(.ARM.Collect$$_printf_percent$$00000007)
    _printf_i                                0x0800018f   Thumb Code     0  _printf_i.o(.ARM.Collect$$_printf_percent$$00000008)
    _printf_d                                0x08000195   Thumb Code     0  _printf_d.o(.ARM.Collect$$_printf_percent$$00000009)
    _printf_u                                0x0800019b   Thumb Code     0  _printf_u.o(.ARM.Collect$$_printf_percent$$0000000A)
    _printf_o                                0x080001a1   Thumb Code     0  _printf_o.o(.ARM.Collect$$_printf_percent$$0000000B)
    _printf_x                                0x080001a7   Thumb Code     0  _printf_x.o(.ARM.Collect$$_printf_percent$$0000000C)
    _printf_lli                              0x080001ad   Thumb Code     0  _printf_lli.o(.ARM.Collect$$_printf_percent$$0000000D)
    _printf_lld                              0x080001b3   Thumb Code     0  _printf_lld.o(.ARM.Collect$$_printf_percent$$0000000E)
    _printf_llu                              0x080001b9   Thumb Code     0  _printf_llu.o(.ARM.Collect$$_printf_percent$$0000000F)
    _printf_llo                              0x080001bf   Thumb Code     0  _printf_llo.o(.ARM.Collect$$_printf_percent$$00000010)
    _printf_llx                              0x080001c5   Thumb Code     0  _printf_llx.o(.ARM.Collect$$_printf_percent$$00000011)
    _printf_l                                0x080001cb   Thumb Code     0  _printf_l.o(.ARM.Collect$$_printf_percent$$00000012)
    _printf_c                                0x080001d5   Thumb Code     0  _printf_c.o(.ARM.Collect$$_printf_percent$$00000013)
    _printf_s                                0x080001db   Thumb Code     0  _printf_s.o(.ARM.Collect$$_printf_percent$$00000014)
    _printf_lc                               0x080001e1   Thumb Code     0  _printf_lc.o(.ARM.Collect$$_printf_percent$$00000015)
    _printf_ls                               0x080001e7   Thumb Code     0  _printf_ls.o(.ARM.Collect$$_printf_percent$$00000016)
    _printf_percent_end                      0x080001ed   Thumb Code     0  _printf_percent_end.o(.ARM.Collect$$_printf_percent$$00000017)
    __rt_lib_init                            0x080001f1   Thumb Code     0  libinit.o(.ARM.Collect$$libinit$$00000000)
    __rt_lib_init_fp_1                       0x080001f3   Thumb Code     0  libinit2.o(.ARM.Collect$$libinit$$00000002)
    __rt_lib_init_heap_1                     0x080001f3   Thumb Code     0  libinit2.o(.ARM.Collect$$libinit$$0000000A)
    __rt_lib_init_lc_common                  0x080001f3   Thumb Code     0  libinit2.o(.ARM.Collect$$libinit$$0000000F)
    __rt_lib_init_preinit_1                  0x080001f3   Thumb Code     0  libinit2.o(.ARM.Collect$$libinit$$00000004)
    __rt_lib_init_rand_1                     0x080001f3   Thumb Code     0  libinit2.o(.ARM.Collect$$libinit$$0000000E)
    __rt_lib_init_user_alloc_1               0x080001f3   Thumb Code     0  libinit2.o(.ARM.Collect$$libinit$$0000000C)
    __rt_lib_init_lc_collate_1               0x080001f9   Thumb Code     0  libinit2.o(.ARM.Collect$$libinit$$00000011)
    __rt_lib_init_lc_ctype_2                 0x080001f9   Thumb Code     0  libinit2.o(.ARM.Collect$$libinit$$00000012)
    __rt_lib_init_lc_ctype_1                 0x08000205   Thumb Code     0  libinit2.o(.ARM.Collect$$libinit$$00000013)
    __rt_lib_init_lc_monetary_1              0x08000205   Thumb Code     0  libinit2.o(.ARM.Collect$$libinit$$00000015)
    __rt_lib_init_lc_numeric_2               0x08000205   Thumb Code     0  libinit2.o(.ARM.Collect$$libinit$$00000016)
    __rt_lib_init_alloca_1                   0x0800020f   Thumb Code     0  libinit2.o(.ARM.Collect$$libinit$$0000002E)
    __rt_lib_init_argv_1                     0x0800020f   Thumb Code     0  libinit2.o(.ARM.Collect$$libinit$$0000002C)
    __rt_lib_init_atexit_1                   0x0800020f   Thumb Code     0  libinit2.o(.ARM.Collect$$libinit$$0000001B)
    __rt_lib_init_clock_1                    0x0800020f   Thumb Code     0  libinit2.o(.ARM.Collect$$libinit$$00000021)
    __rt_lib_init_cpp_1                      0x0800020f   Thumb Code     0  libinit2.o(.ARM.Collect$$libinit$$00000032)
    __rt_lib_init_exceptions_1               0x0800020f   Thumb Code     0  libinit2.o(.ARM.Collect$$libinit$$00000030)
    __rt_lib_init_fp_trap_1                  0x0800020f   Thumb Code     0  libinit2.o(.ARM.Collect$$libinit$$0000001F)
    __rt_lib_init_getenv_1                   0x0800020f   Thumb Code     0  libinit2.o(.ARM.Collect$$libinit$$00000023)
    __rt_lib_init_lc_numeric_1               0x0800020f   Thumb Code     0  libinit2.o(.ARM.Collect$$libinit$$00000017)
    __rt_lib_init_lc_time_1                  0x0800020f   Thumb Code     0  libinit2.o(.ARM.Collect$$libinit$$00000019)
    __rt_lib_init_return                     0x0800020f   Thumb Code     0  libinit2.o(.ARM.Collect$$libinit$$00000033)
    __rt_lib_init_signal_1                   0x0800020f   Thumb Code     0  libinit2.o(.ARM.Collect$$libinit$$0000001D)
    __rt_lib_init_stdio_1                    0x0800020f   Thumb Code     0  libinit2.o(.ARM.Collect$$libinit$$00000025)
    __rt_lib_shutdown                        0x08000211   Thumb Code     0  libshutdown.o(.ARM.Collect$$libshutdown$$00000000)
    __rt_lib_shutdown_cpp_1                  0x08000213   Thumb Code     0  libshutdown2.o(.ARM.Collect$$libshutdown$$00000002)
    __rt_lib_shutdown_fp_trap_1              0x08000213   Thumb Code     0  libshutdown2.o(.ARM.Collect$$libshutdown$$00000007)
    __rt_lib_shutdown_heap_1                 0x08000213   Thumb Code     0  libshutdown2.o(.ARM.Collect$$libshutdown$$0000000F)
    __rt_lib_shutdown_return                 0x08000213   Thumb Code     0  libshutdown2.o(.ARM.Collect$$libshutdown$$00000010)
    __rt_lib_shutdown_signal_1               0x08000213   Thumb Code     0  libshutdown2.o(.ARM.Collect$$libshutdown$$0000000A)
    __rt_lib_shutdown_stdio_1                0x08000213   Thumb Code     0  libshutdown2.o(.ARM.Collect$$libshutdown$$00000004)
    __rt_lib_shutdown_user_alloc_1           0x08000213   Thumb Code     0  libshutdown2.o(.ARM.Collect$$libshutdown$$0000000C)
    __rt_entry                               0x08000215   Thumb Code     0  __rtentry.o(.ARM.Collect$$rtentry$$00000000)
    __rt_entry_presh_1                       0x08000215   Thumb Code     0  __rtentry2.o(.ARM.Collect$$rtentry$$00000002)
    __rt_entry_sh                            0x08000215   Thumb Code     0  __rtentry4.o(.ARM.Collect$$rtentry$$00000004)
    __rt_entry_li                            0x0800021b   Thumb Code     0  __rtentry2.o(.ARM.Collect$$rtentry$$0000000A)
    __rt_entry_postsh_1                      0x0800021b   Thumb Code     0  __rtentry2.o(.ARM.Collect$$rtentry$$00000009)
    __rt_entry_main                          0x0800021f   Thumb Code     0  __rtentry2.o(.ARM.Collect$$rtentry$$0000000D)
    __rt_entry_postli_1                      0x0800021f   Thumb Code     0  __rtentry2.o(.ARM.Collect$$rtentry$$0000000C)
    __rt_exit                                0x08000227   Thumb Code     0  rtexit.o(.ARM.Collect$$rtexit$$00000000)
    __rt_exit_ls                             0x08000229   Thumb Code     0  rtexit2.o(.ARM.Collect$$rtexit$$00000003)
    __rt_exit_prels_1                        0x08000229   Thumb Code     0  rtexit2.o(.ARM.Collect$$rtexit$$00000002)
    __rt_exit_exit                           0x0800022d   Thumb Code     0  rtexit2.o(.ARM.Collect$$rtexit$$00000004)
    Reset_Handler                            0x08000235   Thumb Code     8  startup_stm32f103xb.o(.text)
    ADC1_2_IRQHandler                        0x0800024f   Thumb Code     0  startup_stm32f103xb.o(.text)
    CAN1_RX1_IRQHandler                      0x0800024f   Thumb Code     0  startup_stm32f103xb.o(.text)
    CAN1_SCE_IRQHandler                      0x0800024f   Thumb Code     0  startup_stm32f103xb.o(.text)
    DMA1_Channel1_IRQHandler                 0x0800024f   Thumb Code     0  startup_stm32f103xb.o(.text)
    DMA1_Channel2_IRQHandler                 0x0800024f   Thumb Code     0  startup_stm32f103xb.o(.text)
    DMA1_Channel3_IRQHandler                 0x0800024f   Thumb Code     0  startup_stm32f103xb.o(.text)
    DMA1_Channel4_IRQHandler                 0x0800024f   Thumb Code     0  startup_stm32f103xb.o(.text)
    DMA1_Channel5_IRQHandler                 0x0800024f   Thumb Code     0  startup_stm32f103xb.o(.text)
    DMA1_Channel6_IRQHandler                 0x0800024f   Thumb Code     0  startup_stm32f103xb.o(.text)
    DMA1_Channel7_IRQHandler                 0x0800024f   Thumb Code     0  startup_stm32f103xb.o(.text)
    EXTI0_IRQHandler                         0x0800024f   Thumb Code     0  startup_stm32f103xb.o(.text)
    EXTI15_10_IRQHandler                     0x0800024f   Thumb Code     0  startup_stm32f103xb.o(.text)
    EXTI1_IRQHandler                         0x0800024f   Thumb Code     0  startup_stm32f103xb.o(.text)
    EXTI2_IRQHandler                         0x0800024f   Thumb Code     0  startup_stm32f103xb.o(.text)
    EXTI3_IRQHandler                         0x0800024f   Thumb Code     0  startup_stm32f103xb.o(.text)
    EXTI4_IRQHandler                         0x0800024f   Thumb Code     0  startup_stm32f103xb.o(.text)
    EXTI9_5_IRQHandler                       0x0800024f   Thumb Code     0  startup_stm32f103xb.o(.text)
    FLASH_IRQHandler                         0x0800024f   Thumb Code     0  startup_stm32f103xb.o(.text)
    I2C1_ER_IRQHandler                       0x0800024f   Thumb Code     0  startup_stm32f103xb.o(.text)
    I2C1_EV_IRQHandler                       0x0800024f   Thumb Code     0  startup_stm32f103xb.o(.text)
    I2C2_ER_IRQHandler                       0x0800024f   Thumb Code     0  startup_stm32f103xb.o(.text)
    I2C2_EV_IRQHandler                       0x0800024f   Thumb Code     0  startup_stm32f103xb.o(.text)
    PVD_IRQHandler                           0x0800024f   Thumb Code     0  startup_stm32f103xb.o(.text)
    RCC_IRQHandler                           0x0800024f   Thumb Code     0  startup_stm32f103xb.o(.text)
    RTC_Alarm_IRQHandler                     0x0800024f   Thumb Code     0  startup_stm32f103xb.o(.text)
    RTC_IRQHandler                           0x0800024f   Thumb Code     0  startup_stm32f103xb.o(.text)
    SPI1_IRQHandler                          0x0800024f   Thumb Code     0  startup_stm32f103xb.o(.text)
    SPI2_IRQHandler                          0x0800024f   Thumb Code     0  startup_stm32f103xb.o(.text)
    TAMPER_IRQHandler                        0x0800024f   Thumb Code     0  startup_stm32f103xb.o(.text)
    TIM1_BRK_IRQHandler                      0x0800024f   Thumb Code     0  startup_stm32f103xb.o(.text)
    TIM1_CC_IRQHandler                       0x0800024f   Thumb Code     0  startup_stm32f103xb.o(.text)
    TIM1_TRG_COM_IRQHandler                  0x0800024f   Thumb Code     0  startup_stm32f103xb.o(.text)
    TIM1_UP_IRQHandler                       0x0800024f   Thumb Code     0  startup_stm32f103xb.o(.text)
    TIM2_IRQHandler                          0x0800024f   Thumb Code     0  startup_stm32f103xb.o(.text)
    TIM3_IRQHandler                          0x0800024f   Thumb Code     0  startup_stm32f103xb.o(.text)
    TIM4_IRQHandler                          0x0800024f   Thumb Code     0  startup_stm32f103xb.o(.text)
    USART1_IRQHandler                        0x0800024f   Thumb Code     0  startup_stm32f103xb.o(.text)
    USART2_IRQHandler                        0x0800024f   Thumb Code     0  startup_stm32f103xb.o(.text)
    USART3_IRQHandler                        0x0800024f   Thumb Code     0  startup_stm32f103xb.o(.text)
    USBWakeUp_IRQHandler                     0x0800024f   Thumb Code     0  startup_stm32f103xb.o(.text)
    USB_HP_CAN1_TX_IRQHandler                0x0800024f   Thumb Code     0  startup_stm32f103xb.o(.text)
    USB_LP_CAN1_RX0_IRQHandler               0x0800024f   Thumb Code     0  startup_stm32f103xb.o(.text)
    WWDG_IRQHandler                          0x0800024f   Thumb Code     0  startup_stm32f103xb.o(.text)
    __user_initial_stackheap                 0x08000251   Thumb Code     0  startup_stm32f103xb.o(.text)
    __aeabi_ldivmod                          0x08000275   Thumb Code     0  llsdiv.o(.text)
    _ll_sdiv                                 0x08000275   Thumb Code    72  llsdiv.o(.text)
    vsprintf                                 0x080002bd   Thumb Code    32  vsprintf.o(.text)
    memcmp                                   0x080002e1   Thumb Code    88  memcmp.o(.text)
    __aeabi_memset                           0x08000339   Thumb Code    16  aeabi_memset.o(.text)
    __aeabi_memclr                           0x08000349   Thumb Code     0  rt_memclr.o(.text)
    __rt_memclr                              0x08000349   Thumb Code    68  rt_memclr.o(.text)
    _memset                                  0x0800034d   Thumb Code     0  rt_memclr.o(.text)
    __aeabi_memclr4                          0x0800038d   Thumb Code     0  rt_memclr_w.o(.text)
    __aeabi_memclr8                          0x0800038d   Thumb Code     0  rt_memclr_w.o(.text)
    __rt_memclr_w                            0x0800038d   Thumb Code    78  rt_memclr_w.o(.text)
    _memset_w                                0x08000391   Thumb Code     0  rt_memclr_w.o(.text)
    strcmp                                   0x080003dd   Thumb Code   128  strcmpv7m.o(.text)
    __use_two_region_memory                  0x0800045d   Thumb Code     2  heapauxi.o(.text)
    __rt_heap_escrow$2region                 0x0800045f   Thumb Code     2  heapauxi.o(.text)
    __rt_heap_expand$2region                 0x08000461   Thumb Code     2  heapauxi.o(.text)
    __aeabi_uldivmod                         0x08000463   Thumb Code     0  lludivv7m.o(.text)
    _ll_udiv                                 0x08000463   Thumb Code   238  lludivv7m.o(.text)
    __read_errno                             0x08000551   Thumb Code    10  _rserrno.o(.text)
    __set_errno                              0x0800055b   Thumb Code    12  _rserrno.o(.text)
    _printf_pre_padding                      0x08000567   Thumb Code    44  _printf_pad.o(.text)
    _printf_post_padding                     0x08000593   Thumb Code    34  _printf_pad.o(.text)
    _printf_truncate_signed                  0x080005b5   Thumb Code    18  _printf_truncate.o(.text)
    _printf_truncate_unsigned                0x080005c7   Thumb Code    18  _printf_truncate.o(.text)
    _printf_str                              0x080005d9   Thumb Code    82  _printf_str.o(.text)
    _printf_int_dec                          0x0800062d   Thumb Code   104  _printf_dec.o(.text)
    _printf_charcount                        0x080006a5   Thumb Code    40  _printf_charcount.o(.text)
    _printf_char_common                      0x080006d7   Thumb Code    32  _printf_char_common.o(.text)
    _sputc                                   0x080006fd   Thumb Code    10  _sputc.o(.text)
    _printf_wctomb                           0x08000709   Thumb Code   182  _printf_wctomb.o(.text)
    _printf_longlong_dec                     0x080007c5   Thumb Code   108  _printf_longlong_dec.o(.text)
    _printf_longlong_oct                     0x08000841   Thumb Code    66  _printf_oct_int_ll.o(.text)
    _printf_int_oct                          0x08000883   Thumb Code    24  _printf_oct_int_ll.o(.text)
    _printf_ll_oct                           0x0800089b   Thumb Code    12  _printf_oct_int_ll.o(.text)
    _printf_longlong_hex                     0x080008b1   Thumb Code    86  _printf_hex_int_ll_ptr.o(.text)
    _printf_int_hex                          0x08000907   Thumb Code    28  _printf_hex_int_ll_ptr.o(.text)
    _printf_ll_hex                           0x08000923   Thumb Code    12  _printf_hex_int_ll_ptr.o(.text)
    _printf_hex_ptr                          0x0800092f   Thumb Code    18  _printf_hex_int_ll_ptr.o(.text)
    __printf                                 0x08000945   Thumb Code   388  __printf_flags_ss_wp.o(.text)
    __aeabi_errno_addr                       0x08000acd   Thumb Code     8  rt_errno_addr_intlibspace.o(.text)
    __errno$intlibspace                      0x08000acd   Thumb Code     0  rt_errno_addr_intlibspace.o(.text)
    __rt_errno_addr$intlibspace              0x08000acd   Thumb Code     0  rt_errno_addr_intlibspace.o(.text)
    _ll_udiv10                               0x08000ad5   Thumb Code   138  lludiv10.o(.text)
    _printf_int_common                       0x08000b5f   Thumb Code   178  _printf_intcommon.o(.text)
    __lib_sel_fp_printf                      0x08000c11   Thumb Code     2  _printf_fp_dec.o(.text)
    _printf_fp_dec_real                      0x08000dc3   Thumb Code   620  _printf_fp_dec.o(.text)
    _printf_fp_hex_real                      0x08001031   Thumb Code   756  _printf_fp_hex.o(.text)
    _printf_cs_common                        0x0800132d   Thumb Code    20  _printf_char.o(.text)
    _printf_char                             0x08001341   Thumb Code    16  _printf_char.o(.text)
    _printf_string                           0x08001351   Thumb Code     8  _printf_char.o(.text)
    _printf_lcs_common                       0x08001359   Thumb Code    20  _printf_wchar.o(.text)
    _printf_wchar                            0x0800136d   Thumb Code    16  _printf_wchar.o(.text)
    _printf_wstring                          0x0800137d   Thumb Code     8  _printf_wchar.o(.text)
    _wcrtomb                                 0x08001385   Thumb Code    64  _wcrtomb.o(.text)
    __user_libspace                          0x080013c5   Thumb Code     8  libspace.o(.text)
    __user_perproc_libspace                  0x080013c5   Thumb Code     0  libspace.o(.text)
    __user_perthread_libspace                0x080013c5   Thumb Code     0  libspace.o(.text)
    __user_setup_stackheap                   0x080013cd   Thumb Code    74  sys_stackheap_outer.o(.text)
    __rt_ctype_table                         0x08001419   Thumb Code    16  rt_ctype_table.o(.text)
    __rt_locale                              0x08001429   Thumb Code     8  rt_locale_intlibspace.o(.text)
    _printf_fp_infnan                        0x08001431   Thumb Code   112  _printf_fp_infnan.o(.text)
    _btod_etento                             0x080014b1   Thumb Code   224  bigflt0.o(.text)
    exit                                     0x08001595   Thumb Code    18  exit.o(.text)
    _sys_exit                                0x080015a9   Thumb Code     8  sys_exit.o(.text)
    __I$use$semihosting                      0x080015b5   Thumb Code     0  use_no_semi.o(.text)
    __use_no_semihosting_swi                 0x080015b5   Thumb Code     2  use_no_semi.o(.text)
    __semihosting_library_function           0x080015b7   Thumb Code     0  indicate_semi.o(.text)
    _btod_d2e                                0x080015b7   Thumb Code    62  btod.o(CL$$btod_d2e)
    _d2e_denorm_low                          0x080015f5   Thumb Code    70  btod.o(CL$$btod_d2e_denorm_low)
    _d2e_norm_op1                            0x0800163b   Thumb Code    96  btod.o(CL$$btod_d2e_norm_op1)
    __btod_div_common                        0x0800169b   Thumb Code   696  btod.o(CL$$btod_div_common)
    _e2e                                     0x080019d3   Thumb Code   220  btod.o(CL$$btod_e2e)
    _btod_ediv                               0x08001aaf   Thumb Code    42  btod.o(CL$$btod_ediv)
    _btod_emul                               0x08001ad9   Thumb Code    42  btod.o(CL$$btod_emul)
    __btod_mult_common                       0x08001b03   Thumb Code   580  btod.o(CL$$btod_mult_common)
    BusFault_Handler                         0x08001d47   Thumb Code     2  stm32f1xx_it.o(i.BusFault_Handler)
    DebugMon_Handler                         0x08001d49   Thumb Code     2  stm32f1xx_it.o(i.DebugMon_Handler)
    Error_Handler                            0x08001d4b   Thumb Code     4  main.o(i.Error_Handler)
    HAL_Delay                                0x08001d51   Thumb Code    32  stm32f1xx_hal.o(i.HAL_Delay)
    HAL_GPIO_Init                            0x08001d75   Thumb Code   446  stm32f1xx_hal_gpio.o(i.HAL_GPIO_Init)
    HAL_GPIO_WritePin                        0x08001f55   Thumb Code    10  stm32f1xx_hal_gpio.o(i.HAL_GPIO_WritePin)
    HAL_GetTick                              0x08001f61   Thumb Code     6  stm32f1xx_hal.o(i.HAL_GetTick)
    HAL_I2C_Init                             0x08001f6d   Thumb Code   376  stm32f1xx_hal_i2c.o(i.HAL_I2C_Init)
    HAL_I2C_Mem_Read                         0x080020f5   Thumb Code   574  stm32f1xx_hal_i2c.o(i.HAL_I2C_Mem_Read)
    HAL_I2C_Mem_Write                        0x08002345   Thumb Code   294  stm32f1xx_hal_i2c.o(i.HAL_I2C_Mem_Write)
    HAL_I2C_MspInit                          0x08002475   Thumb Code    82  i2c.o(i.HAL_I2C_MspInit)
    HAL_IncTick                              0x080024d5   Thumb Code    12  stm32f1xx_hal.o(i.HAL_IncTick)
    HAL_Init                                 0x080024e5   Thumb Code    32  stm32f1xx_hal.o(i.HAL_Init)
    HAL_InitTick                             0x08002509   Thumb Code    54  stm32f1xx_hal.o(i.HAL_InitTick)
    HAL_MspInit                              0x08002549   Thumb Code    52  stm32f1xx_hal_msp.o(i.HAL_MspInit)
    HAL_NVIC_SetPriority                     0x08002585   Thumb Code    60  stm32f1xx_hal_cortex.o(i.HAL_NVIC_SetPriority)
    HAL_NVIC_SetPriorityGrouping             0x080025c5   Thumb Code    26  stm32f1xx_hal_cortex.o(i.HAL_NVIC_SetPriorityGrouping)
    HAL_RCC_ClockConfig                      0x080025e9   Thumb Code   280  stm32f1xx_hal_rcc.o(i.HAL_RCC_ClockConfig)
    HAL_RCC_GetPCLK1Freq                     0x08002715   Thumb Code    20  stm32f1xx_hal_rcc.o(i.HAL_RCC_GetPCLK1Freq)
    HAL_RCC_GetSysClockFreq                  0x08002735   Thumb Code    58  stm32f1xx_hal_rcc.o(i.HAL_RCC_GetSysClockFreq)
    HAL_RCC_OscConfig                        0x08002781   Thumb Code   778  stm32f1xx_hal_rcc.o(i.HAL_RCC_OscConfig)
    HAL_SYSTICK_Config                       0x08002aa1   Thumb Code    40  stm32f1xx_hal_cortex.o(i.HAL_SYSTICK_Config)
    HardFault_Handler                        0x08002ac9   Thumb Code     2  stm32f1xx_it.o(i.HardFault_Handler)
    MPU6050_DMP_Get_Date                     0x08002f09   Thumb Code   406  mpu6050.o(i.MPU6050_DMP_Get_Date)
    MPU6050_DMP_init                         0x080030a5   Thumb Code   172  mpu6050.o(i.MPU6050_DMP_init)
    MX_GPIO_Init                             0x08003155   Thumb Code   104  gpio.o(i.MX_GPIO_Init)
    MX_I2C2_Init                             0x080031c5   Thumb Code    50  i2c.o(i.MX_I2C2_Init)
    MemManage_Handler                        0x08003205   Thumb Code     2  stm32f1xx_it.o(i.MemManage_Handler)
    NMI_Handler                              0x08003207   Thumb Code     2  stm32f1xx_it.o(i.NMI_Handler)
    OLED_Clear                               0x08003209   Thumb Code    34  oled.o(i.OLED_Clear)
    OLED_ClearArea                           0x08003231   Thumb Code    94  oled.o(i.OLED_ClearArea)
    OLED_GPIO_Init                           0x08003295   Thumb Code    42  oled.o(i.OLED_GPIO_Init)
    OLED_I2C_SendByte                        0x080032bf   Thumb Code    58  oled.o(i.OLED_I2C_SendByte)
    OLED_I2C_Start                           0x080032f9   Thumb Code    30  oled.o(i.OLED_I2C_Start)
    OLED_I2C_Stop                            0x08003317   Thumb Code    24  oled.o(i.OLED_I2C_Stop)
    OLED_Init                                0x0800332f   Thumb Code   156  oled.o(i.OLED_Init)
    OLED_Printf                              0x080033cb   Thumb Code    42  oled.o(i.OLED_Printf)
    OLED_SetCursor                           0x080033f5   Thumb Code    34  oled.o(i.OLED_SetCursor)
    OLED_ShowChar                            0x08003419   Thumb Code    60  oled.o(i.OLED_ShowChar)
    OLED_ShowImage                           0x0800345d   Thumb Code   170  oled.o(i.OLED_ShowImage)
    OLED_ShowString                          0x0800350d   Thumb Code    44  oled.o(i.OLED_ShowString)
    OLED_Update                              0x08003539   Thumb Code    34  oled.o(i.OLED_Update)
    OLED_W_SCL                               0x08003561   Thumb Code    12  oled.o(i.OLED_W_SCL)
    OLED_W_SDA                               0x08003571   Thumb Code    12  oled.o(i.OLED_W_SDA)
    OLED_WriteCommand                        0x08003581   Thumb Code    34  oled.o(i.OLED_WriteCommand)
    OLED_WriteData                           0x080035a3   Thumb Code    48  oled.o(i.OLED_WriteData)
    PendSV_Handler                           0x080035d3   Thumb Code     2  stm32f1xx_it.o(i.PendSV_Handler)
    SVC_Handler                              0x080035d5   Thumb Code     2  stm32f1xx_it.o(i.SVC_Handler)
    SysTick_Handler                          0x080035d7   Thumb Code     4  stm32f1xx_it.o(i.SysTick_Handler)
    SystemClock_Config                       0x080035db   Thumb Code    94  main.o(i.SystemClock_Config)
    SystemInit                               0x08003639   Thumb Code     2  system_stm32f1xx.o(i.SystemInit)
    UsageFault_Handler                       0x0800363b   Thumb Code     2  stm32f1xx_it.o(i.UsageFault_Handler)
    __ARM_fpclassify                         0x0800363d   Thumb Code    40  fpclassify.o(i.__ARM_fpclassify)
    __kernel_poly                            0x08003685   Thumb Code   170  poly.o(i.__kernel_poly)
    __mathlib_dbl_infnan                     0x0800372f   Thumb Code     6  dunder.o(i.__mathlib_dbl_infnan)
    __mathlib_dbl_infnan2                    0x08003735   Thumb Code     4  dunder.o(i.__mathlib_dbl_infnan2)
    __mathlib_dbl_invalid                    0x08003739   Thumb Code    12  dunder.o(i.__mathlib_dbl_invalid)
    __mathlib_dbl_underflow                  0x08003745   Thumb Code    10  dunder.o(i.__mathlib_dbl_underflow)
    _is_digit                                0x08003755   Thumb Code    14  __printf_wp.o(i._is_digit)
    asin                                     0x080037e5   Thumb Code   572  asin.o(i.asin)
    atan                                     0x08003a55   Thumb Code   474  atan.o(i.atan)
    atan2                                    0x08003c75   Thumb Code   346  atan2.o(i.atan2)
    dmp_enable_6x_lp_quat                    0x08003df5   Thumb Code    58  inv_mpu_dmp_motion_driver.o(i.dmp_enable_6x_lp_quat)
    dmp_enable_feature                       0x08003e31   Thumb Code   464  inv_mpu_dmp_motion_driver.o(i.dmp_enable_feature)
    dmp_enable_gyro_cal                      0x08004009   Thumb Code    34  inv_mpu_dmp_motion_driver.o(i.dmp_enable_gyro_cal)
    dmp_enable_lp_quat                       0x08004045   Thumb Code    58  inv_mpu_dmp_motion_driver.o(i.dmp_enable_lp_quat)
    dmp_load_motion_driver_firmware          0x08004081   Thumb Code    16  inv_mpu_dmp_motion_driver.o(i.dmp_load_motion_driver_firmware)
    dmp_read_fifo                            0x08004095   Thumb Code   322  inv_mpu_dmp_motion_driver.o(i.dmp_read_fifo)
    dmp_set_accel_bias                       0x080041dd   Thumb Code   210  inv_mpu_dmp_motion_driver.o(i.dmp_set_accel_bias)
    dmp_set_fifo_rate                        0x080042b5   Thumb Code    82  inv_mpu_dmp_motion_driver.o(i.dmp_set_fifo_rate)
    dmp_set_gyro_bias                        0x08004319   Thumb Code   196  inv_mpu_dmp_motion_driver.o(i.dmp_set_gyro_bias)
    dmp_set_orientation                      0x080043e5   Thumb Code   246  inv_mpu_dmp_motion_driver.o(i.dmp_set_orientation)
    dmp_set_shake_reject_thresh              0x080044f1   Thumb Code    48  inv_mpu_dmp_motion_driver.o(i.dmp_set_shake_reject_thresh)
    dmp_set_shake_reject_time                0x08004521   Thumb Code    32  inv_mpu_dmp_motion_driver.o(i.dmp_set_shake_reject_time)
    dmp_set_shake_reject_timeout             0x08004541   Thumb Code    32  inv_mpu_dmp_motion_driver.o(i.dmp_set_shake_reject_timeout)
    dmp_set_tap_axes                         0x08004561   Thumb Code    64  inv_mpu_dmp_motion_driver.o(i.dmp_set_tap_axes)
    dmp_set_tap_count                        0x080045a1   Thumb Code    34  inv_mpu_dmp_motion_driver.o(i.dmp_set_tap_count)
    dmp_set_tap_thresh                       0x080045c5   Thumb Code   274  inv_mpu_dmp_motion_driver.o(i.dmp_set_tap_thresh)
    dmp_set_tap_time                         0x080046ed   Thumb Code    32  inv_mpu_dmp_motion_driver.o(i.dmp_set_tap_time)
    dmp_set_tap_time_multi                   0x0800470d   Thumb Code    32  inv_mpu_dmp_motion_driver.o(i.dmp_set_tap_time_multi)
    main                                     0x08004d09   Thumb Code   134  main.o(i.main)
    mpu_configure_fifo                       0x08004dc1   Thumb Code    78  inv_mpu.o(i.mpu_configure_fifo)
    mpu_get_accel_fsr                        0x08004e15   Thumb Code    54  inv_mpu.o(i.mpu_get_accel_fsr)
    mpu_get_accel_sens                       0x08004e51   Thumb Code    62  inv_mpu.o(i.mpu_get_accel_sens)
    mpu_get_gyro_fsr                         0x08004e95   Thumb Code    48  inv_mpu.o(i.mpu_get_gyro_fsr)
    mpu_get_gyro_sens                        0x08004ec9   Thumb Code    44  inv_mpu.o(i.mpu_get_gyro_sens)
    mpu_get_lpf                              0x08004f09   Thumb Code    52  inv_mpu.o(i.mpu_get_lpf)
    mpu_get_sample_rate                      0x08004f41   Thumb Code    22  inv_mpu.o(i.mpu_get_sample_rate)
    mpu_init                                 0x08004f5d   Thumb Code   210  inv_mpu.o(i.mpu_init)
    mpu_load_firmware                        0x08005039   Thumb Code   164  inv_mpu.o(i.mpu_load_firmware)
    mpu_lp_accel_mode                        0x080050e5   Thumb Code   204  inv_mpu.o(i.mpu_lp_accel_mode)
    mpu_read_fifo_stream                     0x080051b9   Thumb Code   180  inv_mpu.o(i.mpu_read_fifo_stream)
    mpu_read_mem                             0x08005275   Thumb Code   106  inv_mpu.o(i.mpu_read_mem)
    mpu_reset_fifo                           0x080052e9   Thumb Code   434  inv_mpu.o(i.mpu_reset_fifo)
    mpu_run_self_test                        0x080054a5   Thumb Code   236  inv_mpu.o(i.mpu_run_self_test)
    mpu_set_accel_fsr                        0x08005595   Thumb Code   110  inv_mpu.o(i.mpu_set_accel_fsr)
    mpu_set_bypass                           0x0800560d   Thumb Code   300  inv_mpu.o(i.mpu_set_bypass)
    mpu_set_dmp_state                        0x08005741   Thumb Code   136  inv_mpu.o(i.mpu_set_dmp_state)
    mpu_set_gyro_fsr                         0x080057d1   Thumb Code   116  inv_mpu.o(i.mpu_set_gyro_fsr)
    mpu_set_int_latched                      0x0800584d   Thumb Code   106  inv_mpu.o(i.mpu_set_int_latched)
    mpu_set_lpf                              0x080058c1   Thumb Code   118  inv_mpu.o(i.mpu_set_lpf)
    mpu_set_sample_rate                      0x08005941   Thumb Code   140  inv_mpu.o(i.mpu_set_sample_rate)
    mpu_set_sensors                          0x080059d5   Thumb Code   212  inv_mpu.o(i.mpu_set_sensors)
    mpu_write_mem                            0x08005ab1   Thumb Code   106  inv_mpu.o(i.mpu_write_mem)
    sqrt                                     0x08005c21   Thumb Code    76  sqrt.o(i.sqrt)
    _get_lc_numeric                          0x08005c6d   Thumb Code    44  lc_numeric_c.o(locale$$code)
    _get_lc_ctype                            0x08005c99   Thumb Code    44  lc_ctype_c.o(locale$$code)
    __aeabi_d2f                              0x08005cc5   Thumb Code     0  d2f.o(x$fpl$d2f)
    _d2f                                     0x08005cc5   Thumb Code    98  d2f.o(x$fpl$d2f)
    __aeabi_dadd                             0x08005d29   Thumb Code     0  daddsub_clz.o(x$fpl$dadd)
    _dadd                                    0x08005d29   Thumb Code   332  daddsub_clz.o(x$fpl$dadd)
    __fpl_dcheck_NaN1                        0x08005e79   Thumb Code    10  dcheck1.o(x$fpl$dcheck1)
    __aeabi_ddiv                             0x08005e89   Thumb Code     0  ddiv.o(x$fpl$ddiv)
    _ddiv                                    0x08005e89   Thumb Code   552  ddiv.o(x$fpl$ddiv)
    __aeabi_dmul                             0x08006139   Thumb Code     0  dmul.o(x$fpl$dmul)
    _dmul                                    0x08006139   Thumb Code   332  dmul.o(x$fpl$dmul)
    __fpl_dnaninf                            0x0800628d   Thumb Code   156  dnaninf.o(x$fpl$dnaninf)
    __fpl_dretinf                            0x08006329   Thumb Code    12  dretinf.o(x$fpl$dretinf)
    __aeabi_drsub                            0x08006335   Thumb Code     0  daddsub_clz.o(x$fpl$drsb)
    _drsb                                    0x08006335   Thumb Code    22  daddsub_clz.o(x$fpl$drsb)
    _dsqrt                                   0x0800634d   Thumb Code   456  dsqrt_noumaal.o(x$fpl$dsqrt)
    __aeabi_dsub                             0x08006519   Thumb Code     0  daddsub_clz.o(x$fpl$dsub)
    _dsub                                    0x08006519   Thumb Code   464  daddsub_clz.o(x$fpl$dsub)
    __aeabi_f2d                              0x080066ed   Thumb Code     0  f2d.o(x$fpl$f2d)
    _f2d                                     0x080066ed   Thumb Code    86  f2d.o(x$fpl$f2d)
    __aeabi_fadd                             0x08006745   Thumb Code     0  faddsub_clz.o(x$fpl$fadd)
    _fadd                                    0x08006745   Thumb Code   196  faddsub_clz.o(x$fpl$fadd)
    __fpl_fcheck_NaN1                        0x08006809   Thumb Code     6  fcheck1.o(x$fpl$fcheck1)
    __aeabi_fdiv                             0x08006815   Thumb Code     0  fdiv.o(x$fpl$fdiv)
    _fdiv                                    0x08006815   Thumb Code   384  fdiv.o(x$fpl$fdiv)
    __aeabi_f2iz                             0x08006999   Thumb Code     0  ffix.o(x$fpl$ffix)
    _ffix                                    0x08006999   Thumb Code    54  ffix.o(x$fpl$ffix)
    __aeabi_f2uiz                            0x080069d1   Thumb Code     0  ffixu.o(x$fpl$ffixu)
    _ffixu                                   0x080069d1   Thumb Code    62  ffixu.o(x$fpl$ffixu)
    __aeabi_i2f                              0x08006a11   Thumb Code     0  fflt_clz.o(x$fpl$fflt)
    _fflt                                    0x08006a11   Thumb Code    48  fflt_clz.o(x$fpl$fflt)
    __aeabi_ui2f                             0x08006a41   Thumb Code     0  fflt_clz.o(x$fpl$ffltu)
    _ffltu                                   0x08006a41   Thumb Code    38  fflt_clz.o(x$fpl$ffltu)
    __aeabi_fmul                             0x08006a69   Thumb Code     0  fmul.o(x$fpl$fmul)
    _fmul                                    0x08006a69   Thumb Code   258  fmul.o(x$fpl$fmul)
    __fpl_fnaninf                            0x08006b6b   Thumb Code   140  fnaninf.o(x$fpl$fnaninf)
    __fpl_fretinf                            0x08006bf7   Thumb Code    10  fretinf.o(x$fpl$fretinf)
    __aeabi_fsub                             0x08006c01   Thumb Code     0  faddsub_clz.o(x$fpl$fsub)
    _fsub                                    0x08006c01   Thumb Code   234  faddsub_clz.o(x$fpl$fsub)
    _printf_fp_dec                           0x08006ceb   Thumb Code     4  printf1.o(x$fpl$printf1)
    _printf_fp_hex                           0x08006cef   Thumb Code     4  printf2.o(x$fpl$printf2)
    __fpl_return_NaN                         0x08006cf3   Thumb Code   100  retnan.o(x$fpl$retnan)
    __ARM_scalbn                             0x08006d57   Thumb Code    92  scalbn.o(x$fpl$scalbn)
    __ARM_scalbnf                            0x08006db3   Thumb Code    76  scalbnf.o(x$fpl$scalbnf)
    __fpl_cmpreturn                          0x08006dff   Thumb Code    48  trapv.o(x$fpl$trapveneer)
    __I$use$fp                               0x08006e2e   Number         0  usenofp.o(x$fpl$usenofp)
    AHBPrescTable                            0x08006e40   Data          16  system_stm32f1xx.o(.constdata)
    APBPrescTable                            0x08006e50   Data           8  system_stm32f1xx.o(.constdata)
    reg                                      0x08006e58   Data          30  inv_mpu.o(.constdata)
    hw                                       0x08006e76   Data          12  inv_mpu.o(.constdata)
    test                                     0x08006e84   Data          40  inv_mpu.o(.constdata)
    OLED_F8x16                               0x08007aa2   Data        1520  oled_data.o(.constdata)
    OLED_F6x8                                0x08008092   Data         570  oled_data.o(.constdata)
    __mathlib_zero                           0x08008400   Data           8  qnan.o(.constdata)
    Region$$Table$$Base                      0x080084c4   Number         0  anon$$obj.o(Region$$Table)
    Region$$Table$$Limit                     0x080084e4   Number         0  anon$$obj.o(Region$$Table)
    __ctype                                  0x0800850d   Data           0  lc_ctype_c.o(locale$$data)
    uwTickFreq                               0x20000000   Data           1  stm32f1xx_hal.o(.data)
    uwTickPrio                               0x20000004   Data           4  stm32f1xx_hal.o(.data)
    uwTick                                   0x20000008   Data           4  stm32f1xx_hal.o(.data)
    SystemCoreClock                          0x2000000c   Data           4  system_stm32f1xx.o(.data)
    hi2c2                                    0x20000048   Data          84  i2c.o(.bss)
    OLED_DisplayBuf                          0x200000ac   Data        1024  oled.o(.bss)
    __libspace_start                         0x200004ac   Data          96  libspace.o(.bss)
    __temporary_stack_top$libspace           0x2000050c   Data           0  libspace.o(.bss)



==============================================================================

Memory Map of the image

  Image Entry point : 0x080000ed

  Load Region LR_IROM1 (Base: 0x08000000, Size: 0x00008658, Max: 0x00010000, ABSOLUTE)

    Execution Region ER_IROM1 (Exec base: 0x08000000, Load base: 0x08000000, Size: 0x00008610, Max: 0x00010000, ABSOLUTE)

    Exec Addr    Load Addr    Size         Type   Attr      Idx    E Section Name        Object

    0x08000000   0x08000000   0x000000ec   Data   RO            3    RESET               startup_stm32f103xb.o
    0x080000ec   0x080000ec   0x00000008   Code   RO         4150  * !!!main             c_w.l(__main.o)
    0x080000f4   0x080000f4   0x00000034   Code   RO         4743    !!!scatter          c_w.l(__scatter.o)
    0x08000128   0x08000128   0x0000001a   Code   RO         4745    !!handler_copy      c_w.l(__scatter_copy.o)
    0x08000142   0x08000142   0x00000002   PAD
    0x08000144   0x08000144   0x0000001c   Code   RO         4747    !!handler_zi        c_w.l(__scatter_zi.o)
    0x08000160   0x08000160   0x00000000   Code   RO         4418    .ARM.Collect$$_printf_percent$$00000000  c_w.l(_printf_percent.o)
    0x08000160   0x08000160   0x00000006   Code   RO         4407    .ARM.Collect$$_printf_percent$$00000001  c_w.l(_printf_n.o)
    0x08000166   0x08000166   0x00000006   Code   RO         4409    .ARM.Collect$$_printf_percent$$00000002  c_w.l(_printf_p.o)
    0x0800016c   0x0800016c   0x00000006   Code   RO         4414    .ARM.Collect$$_printf_percent$$00000003  c_w.l(_printf_f.o)
    0x08000172   0x08000172   0x00000006   Code   RO         4415    .ARM.Collect$$_printf_percent$$00000004  c_w.l(_printf_e.o)
    0x08000178   0x08000178   0x00000006   Code   RO         4416    .ARM.Collect$$_printf_percent$$00000005  c_w.l(_printf_g.o)
    0x0800017e   0x0800017e   0x00000006   Code   RO         4417    .ARM.Collect$$_printf_percent$$00000006  c_w.l(_printf_a.o)
    0x08000184   0x08000184   0x0000000a   Code   RO         4422    .ARM.Collect$$_printf_percent$$00000007  c_w.l(_printf_ll.o)
    0x0800018e   0x0800018e   0x00000006   Code   RO         4411    .ARM.Collect$$_printf_percent$$00000008  c_w.l(_printf_i.o)
    0x08000194   0x08000194   0x00000006   Code   RO         4412    .ARM.Collect$$_printf_percent$$00000009  c_w.l(_printf_d.o)
    0x0800019a   0x0800019a   0x00000006   Code   RO         4413    .ARM.Collect$$_printf_percent$$0000000A  c_w.l(_printf_u.o)
    0x080001a0   0x080001a0   0x00000006   Code   RO         4410    .ARM.Collect$$_printf_percent$$0000000B  c_w.l(_printf_o.o)
    0x080001a6   0x080001a6   0x00000006   Code   RO         4408    .ARM.Collect$$_printf_percent$$0000000C  c_w.l(_printf_x.o)
    0x080001ac   0x080001ac   0x00000006   Code   RO         4419    .ARM.Collect$$_printf_percent$$0000000D  c_w.l(_printf_lli.o)
    0x080001b2   0x080001b2   0x00000006   Code   RO         4420    .ARM.Collect$$_printf_percent$$0000000E  c_w.l(_printf_lld.o)
    0x080001b8   0x080001b8   0x00000006   Code   RO         4421    .ARM.Collect$$_printf_percent$$0000000F  c_w.l(_printf_llu.o)
    0x080001be   0x080001be   0x00000006   Code   RO         4426    .ARM.Collect$$_printf_percent$$00000010  c_w.l(_printf_llo.o)
    0x080001c4   0x080001c4   0x00000006   Code   RO         4427    .ARM.Collect$$_printf_percent$$00000011  c_w.l(_printf_llx.o)
    0x080001ca   0x080001ca   0x0000000a   Code   RO         4423    .ARM.Collect$$_printf_percent$$00000012  c_w.l(_printf_l.o)
    0x080001d4   0x080001d4   0x00000006   Code   RO         4405    .ARM.Collect$$_printf_percent$$00000013  c_w.l(_printf_c.o)
    0x080001da   0x080001da   0x00000006   Code   RO         4406    .ARM.Collect$$_printf_percent$$00000014  c_w.l(_printf_s.o)
    0x080001e0   0x080001e0   0x00000006   Code   RO         4424    .ARM.Collect$$_printf_percent$$00000015  c_w.l(_printf_lc.o)
    0x080001e6   0x080001e6   0x00000006   Code   RO         4425    .ARM.Collect$$_printf_percent$$00000016  c_w.l(_printf_ls.o)
    0x080001ec   0x080001ec   0x00000004   Code   RO         4549    .ARM.Collect$$_printf_percent$$00000017  c_w.l(_printf_percent_end.o)
    0x080001f0   0x080001f0   0x00000002   Code   RO         4605    .ARM.Collect$$libinit$$00000000  c_w.l(libinit.o)
    0x080001f2   0x080001f2   0x00000000   Code   RO         4620    .ARM.Collect$$libinit$$00000002  c_w.l(libinit2.o)
    0x080001f2   0x080001f2   0x00000000   Code   RO         4622    .ARM.Collect$$libinit$$00000004  c_w.l(libinit2.o)
    0x080001f2   0x080001f2   0x00000000   Code   RO         4625    .ARM.Collect$$libinit$$0000000A  c_w.l(libinit2.o)
    0x080001f2   0x080001f2   0x00000000   Code   RO         4627    .ARM.Collect$$libinit$$0000000C  c_w.l(libinit2.o)
    0x080001f2   0x080001f2   0x00000000   Code   RO         4629    .ARM.Collect$$libinit$$0000000E  c_w.l(libinit2.o)
    0x080001f2   0x080001f2   0x00000006   Code   RO         4630    .ARM.Collect$$libinit$$0000000F  c_w.l(libinit2.o)
    0x080001f8   0x080001f8   0x00000000   Code   RO         4632    .ARM.Collect$$libinit$$00000011  c_w.l(libinit2.o)
    0x080001f8   0x080001f8   0x0000000c   Code   RO         4633    .ARM.Collect$$libinit$$00000012  c_w.l(libinit2.o)
    0x08000204   0x08000204   0x00000000   Code   RO         4634    .ARM.Collect$$libinit$$00000013  c_w.l(libinit2.o)
    0x08000204   0x08000204   0x00000000   Code   RO         4636    .ARM.Collect$$libinit$$00000015  c_w.l(libinit2.o)
    0x08000204   0x08000204   0x0000000a   Code   RO         4637    .ARM.Collect$$libinit$$00000016  c_w.l(libinit2.o)
    0x0800020e   0x0800020e   0x00000000   Code   RO         4638    .ARM.Collect$$libinit$$00000017  c_w.l(libinit2.o)
    0x0800020e   0x0800020e   0x00000000   Code   RO         4640    .ARM.Collect$$libinit$$00000019  c_w.l(libinit2.o)
    0x0800020e   0x0800020e   0x00000000   Code   RO         4642    .ARM.Collect$$libinit$$0000001B  c_w.l(libinit2.o)
    0x0800020e   0x0800020e   0x00000000   Code   RO         4644    .ARM.Collect$$libinit$$0000001D  c_w.l(libinit2.o)
    0x0800020e   0x0800020e   0x00000000   Code   RO         4646    .ARM.Collect$$libinit$$0000001F  c_w.l(libinit2.o)
    0x0800020e   0x0800020e   0x00000000   Code   RO         4648    .ARM.Collect$$libinit$$00000021  c_w.l(libinit2.o)
    0x0800020e   0x0800020e   0x00000000   Code   RO         4650    .ARM.Collect$$libinit$$00000023  c_w.l(libinit2.o)
    0x0800020e   0x0800020e   0x00000000   Code   RO         4652    .ARM.Collect$$libinit$$00000025  c_w.l(libinit2.o)
    0x0800020e   0x0800020e   0x00000000   Code   RO         4656    .ARM.Collect$$libinit$$0000002C  c_w.l(libinit2.o)
    0x0800020e   0x0800020e   0x00000000   Code   RO         4658    .ARM.Collect$$libinit$$0000002E  c_w.l(libinit2.o)
    0x0800020e   0x0800020e   0x00000000   Code   RO         4660    .ARM.Collect$$libinit$$00000030  c_w.l(libinit2.o)
    0x0800020e   0x0800020e   0x00000000   Code   RO         4662    .ARM.Collect$$libinit$$00000032  c_w.l(libinit2.o)
    0x0800020e   0x0800020e   0x00000002   Code   RO         4663    .ARM.Collect$$libinit$$00000033  c_w.l(libinit2.o)
    0x08000210   0x08000210   0x00000002   Code   RO         4693    .ARM.Collect$$libshutdown$$00000000  c_w.l(libshutdown.o)
    0x08000212   0x08000212   0x00000000   Code   RO         4710    .ARM.Collect$$libshutdown$$00000002  c_w.l(libshutdown2.o)
    0x08000212   0x08000212   0x00000000   Code   RO         4712    .ARM.Collect$$libshutdown$$00000004  c_w.l(libshutdown2.o)
    0x08000212   0x08000212   0x00000000   Code   RO         4715    .ARM.Collect$$libshutdown$$00000007  c_w.l(libshutdown2.o)
    0x08000212   0x08000212   0x00000000   Code   RO         4718    .ARM.Collect$$libshutdown$$0000000A  c_w.l(libshutdown2.o)
    0x08000212   0x08000212   0x00000000   Code   RO         4720    .ARM.Collect$$libshutdown$$0000000C  c_w.l(libshutdown2.o)
    0x08000212   0x08000212   0x00000000   Code   RO         4723    .ARM.Collect$$libshutdown$$0000000F  c_w.l(libshutdown2.o)
    0x08000212   0x08000212   0x00000002   Code   RO         4724    .ARM.Collect$$libshutdown$$00000010  c_w.l(libshutdown2.o)
    0x08000214   0x08000214   0x00000000   Code   RO         4332    .ARM.Collect$$rtentry$$00000000  c_w.l(__rtentry.o)
    0x08000214   0x08000214   0x00000000   Code   RO         4511    .ARM.Collect$$rtentry$$00000002  c_w.l(__rtentry2.o)
    0x08000214   0x08000214   0x00000006   Code   RO         4523    .ARM.Collect$$rtentry$$00000004  c_w.l(__rtentry4.o)
    0x0800021a   0x0800021a   0x00000000   Code   RO         4513    .ARM.Collect$$rtentry$$00000009  c_w.l(__rtentry2.o)
    0x0800021a   0x0800021a   0x00000004   Code   RO         4514    .ARM.Collect$$rtentry$$0000000A  c_w.l(__rtentry2.o)
    0x0800021e   0x0800021e   0x00000000   Code   RO         4516    .ARM.Collect$$rtentry$$0000000C  c_w.l(__rtentry2.o)
    0x0800021e   0x0800021e   0x00000008   Code   RO         4517    .ARM.Collect$$rtentry$$0000000D  c_w.l(__rtentry2.o)
    0x08000226   0x08000226   0x00000002   Code   RO         4610    .ARM.Collect$$rtexit$$00000000  c_w.l(rtexit.o)
    0x08000228   0x08000228   0x00000000   Code   RO         4665    .ARM.Collect$$rtexit$$00000002  c_w.l(rtexit2.o)
    0x08000228   0x08000228   0x00000004   Code   RO         4666    .ARM.Collect$$rtexit$$00000003  c_w.l(rtexit2.o)
    0x0800022c   0x0800022c   0x00000006   Code   RO         4667    .ARM.Collect$$rtexit$$00000004  c_w.l(rtexit2.o)
    0x08000232   0x08000232   0x00000002   PAD
    0x08000234   0x08000234   0x00000040   Code   RO            4    .text               startup_stm32f103xb.o
    0x08000274   0x08000274   0x00000048   Code   RO         4130    .text               c_w.l(llsdiv.o)
    0x080002bc   0x080002bc   0x00000024   Code   RO         4132    .text               c_w.l(vsprintf.o)
    0x080002e0   0x080002e0   0x00000058   Code   RO         4134    .text               c_w.l(memcmp.o)
    0x08000338   0x08000338   0x00000010   Code   RO         4140    .text               c_w.l(aeabi_memset.o)
    0x08000348   0x08000348   0x00000044   Code   RO         4142    .text               c_w.l(rt_memclr.o)
    0x0800038c   0x0800038c   0x0000004e   Code   RO         4144    .text               c_w.l(rt_memclr_w.o)
    0x080003da   0x080003da   0x00000002   PAD
    0x080003dc   0x080003dc   0x00000080   Code   RO         4146    .text               c_w.l(strcmpv7m.o)
    0x0800045c   0x0800045c   0x00000006   Code   RO         4148    .text               c_w.l(heapauxi.o)
    0x08000462   0x08000462   0x000000ee   Code   RO         4333    .text               c_w.l(lludivv7m.o)
    0x08000550   0x08000550   0x00000016   Code   RO         4335    .text               c_w.l(_rserrno.o)
    0x08000566   0x08000566   0x0000004e   Code   RO         4339    .text               c_w.l(_printf_pad.o)
    0x080005b4   0x080005b4   0x00000024   Code   RO         4341    .text               c_w.l(_printf_truncate.o)
    0x080005d8   0x080005d8   0x00000052   Code   RO         4343    .text               c_w.l(_printf_str.o)
    0x0800062a   0x0800062a   0x00000002   PAD
    0x0800062c   0x0800062c   0x00000078   Code   RO         4345    .text               c_w.l(_printf_dec.o)
    0x080006a4   0x080006a4   0x00000028   Code   RO         4347    .text               c_w.l(_printf_charcount.o)
    0x080006cc   0x080006cc   0x00000030   Code   RO         4349    .text               c_w.l(_printf_char_common.o)
    0x080006fc   0x080006fc   0x0000000a   Code   RO         4351    .text               c_w.l(_sputc.o)
    0x08000706   0x08000706   0x00000002   PAD
    0x08000708   0x08000708   0x000000bc   Code   RO         4353    .text               c_w.l(_printf_wctomb.o)
    0x080007c4   0x080007c4   0x0000007c   Code   RO         4356    .text               c_w.l(_printf_longlong_dec.o)
    0x08000840   0x08000840   0x00000070   Code   RO         4362    .text               c_w.l(_printf_oct_int_ll.o)
    0x080008b0   0x080008b0   0x00000094   Code   RO         4382    .text               c_w.l(_printf_hex_int_ll_ptr.o)
    0x08000944   0x08000944   0x00000188   Code   RO         4402    .text               c_w.l(__printf_flags_ss_wp.o)
    0x08000acc   0x08000acc   0x00000008   Code   RO         4532    .text               c_w.l(rt_errno_addr_intlibspace.o)
    0x08000ad4   0x08000ad4   0x0000008a   Code   RO         4534    .text               c_w.l(lludiv10.o)
    0x08000b5e   0x08000b5e   0x000000b2   Code   RO         4536    .text               c_w.l(_printf_intcommon.o)
    0x08000c10   0x08000c10   0x0000041e   Code   RO         4538    .text               c_w.l(_printf_fp_dec.o)
    0x0800102e   0x0800102e   0x00000002   PAD
    0x08001030   0x08001030   0x000002fc   Code   RO         4540    .text               c_w.l(_printf_fp_hex.o)
    0x0800132c   0x0800132c   0x0000002c   Code   RO         4545    .text               c_w.l(_printf_char.o)
    0x08001358   0x08001358   0x0000002c   Code   RO         4547    .text               c_w.l(_printf_wchar.o)
    0x08001384   0x08001384   0x00000040   Code   RO         4550    .text               c_w.l(_wcrtomb.o)
    0x080013c4   0x080013c4   0x00000008   Code   RO         4554    .text               c_w.l(libspace.o)
    0x080013cc   0x080013cc   0x0000004a   Code   RO         4557    .text               c_w.l(sys_stackheap_outer.o)
    0x08001416   0x08001416   0x00000002   PAD
    0x08001418   0x08001418   0x00000010   Code   RO         4559    .text               c_w.l(rt_ctype_table.o)
    0x08001428   0x08001428   0x00000008   Code   RO         4566    .text               c_w.l(rt_locale_intlibspace.o)
    0x08001430   0x08001430   0x00000080   Code   RO         4568    .text               c_w.l(_printf_fp_infnan.o)
    0x080014b0   0x080014b0   0x000000e4   Code   RO         4570    .text               c_w.l(bigflt0.o)
    0x08001594   0x08001594   0x00000012   Code   RO         4598    .text               c_w.l(exit.o)
    0x080015a6   0x080015a6   0x00000002   PAD
    0x080015a8   0x080015a8   0x0000000c   Code   RO         4681    .text               c_w.l(sys_exit.o)
    0x080015b4   0x080015b4   0x00000002   Code   RO         4698    .text               c_w.l(use_no_semi.o)
    0x080015b6   0x080015b6   0x00000000   Code   RO         4700    .text               c_w.l(indicate_semi.o)
    0x080015b6   0x080015b6   0x0000003e   Code   RO         4573    CL$$btod_d2e        c_w.l(btod.o)
    0x080015f4   0x080015f4   0x00000046   Code   RO         4575    CL$$btod_d2e_denorm_low  c_w.l(btod.o)
    0x0800163a   0x0800163a   0x00000060   Code   RO         4574    CL$$btod_d2e_norm_op1  c_w.l(btod.o)
    0x0800169a   0x0800169a   0x00000338   Code   RO         4583    CL$$btod_div_common  c_w.l(btod.o)
    0x080019d2   0x080019d2   0x000000dc   Code   RO         4580    CL$$btod_e2e        c_w.l(btod.o)
    0x08001aae   0x08001aae   0x0000002a   Code   RO         4577    CL$$btod_ediv       c_w.l(btod.o)
    0x08001ad8   0x08001ad8   0x0000002a   Code   RO         4576    CL$$btod_emul       c_w.l(btod.o)
    0x08001b02   0x08001b02   0x00000244   Code   RO         4582    CL$$btod_mult_common  c_w.l(btod.o)
    0x08001d46   0x08001d46   0x00000002   Code   RO          214    i.BusFault_Handler  stm32f1xx_it.o
    0x08001d48   0x08001d48   0x00000002   Code   RO          215    i.DebugMon_Handler  stm32f1xx_it.o
    0x08001d4a   0x08001d4a   0x00000004   Code   RO           13    i.Error_Handler     main.o
    0x08001d4e   0x08001d4e   0x00000002   PAD
    0x08001d50   0x08001d50   0x00000024   Code   RO          793    i.HAL_Delay         stm32f1xx_hal.o
    0x08001d74   0x08001d74   0x000001e0   Code   RO         1103    i.HAL_GPIO_Init     stm32f1xx_hal_gpio.o
    0x08001f54   0x08001f54   0x0000000a   Code   RO         1107    i.HAL_GPIO_WritePin  stm32f1xx_hal_gpio.o
    0x08001f5e   0x08001f5e   0x00000002   PAD
    0x08001f60   0x08001f60   0x0000000c   Code   RO          797    i.HAL_GetTick       stm32f1xx_hal.o
    0x08001f6c   0x08001f6c   0x00000188   Code   RO          360    i.HAL_I2C_Init      stm32f1xx_hal_i2c.o
    0x080020f4   0x080020f4   0x00000250   Code   RO          378    i.HAL_I2C_Mem_Read  stm32f1xx_hal_i2c.o
    0x08002344   0x08002344   0x00000130   Code   RO          381    i.HAL_I2C_Mem_Write  stm32f1xx_hal_i2c.o
    0x08002474   0x08002474   0x00000060   Code   RO          173    i.HAL_I2C_MspInit   i2c.o
    0x080024d4   0x080024d4   0x00000010   Code   RO          803    i.HAL_IncTick       stm32f1xx_hal.o
    0x080024e4   0x080024e4   0x00000024   Code   RO          804    i.HAL_Init          stm32f1xx_hal.o
    0x08002508   0x08002508   0x00000040   Code   RO          805    i.HAL_InitTick      stm32f1xx_hal.o
    0x08002548   0x08002548   0x0000003c   Code   RO          289    i.HAL_MspInit       stm32f1xx_hal_msp.o
    0x08002584   0x08002584   0x00000040   Code   RO         1269    i.HAL_NVIC_SetPriority  stm32f1xx_hal_cortex.o
    0x080025c4   0x080025c4   0x00000024   Code   RO         1270    i.HAL_NVIC_SetPriorityGrouping  stm32f1xx_hal_cortex.o
    0x080025e8   0x080025e8   0x0000012c   Code   RO          961    i.HAL_RCC_ClockConfig  stm32f1xx_hal_rcc.o
    0x08002714   0x08002714   0x00000020   Code   RO          968    i.HAL_RCC_GetPCLK1Freq  stm32f1xx_hal_rcc.o
    0x08002734   0x08002734   0x0000004c   Code   RO          970    i.HAL_RCC_GetSysClockFreq  stm32f1xx_hal_rcc.o
    0x08002780   0x08002780   0x00000320   Code   RO          973    i.HAL_RCC_OscConfig  stm32f1xx_hal_rcc.o
    0x08002aa0   0x08002aa0   0x00000028   Code   RO         1274    i.HAL_SYSTICK_Config  stm32f1xx_hal_cortex.o
    0x08002ac8   0x08002ac8   0x00000002   Code   RO          216    i.HardFault_Handler  stm32f1xx_it.o
    0x08002aca   0x08002aca   0x0000002e   Code   RO          403    i.I2C_IsAcknowledgeFailed  stm32f1xx_hal_i2c.o
    0x08002af8   0x08002af8   0x000000fc   Code   RO          413    i.I2C_RequestMemoryRead  stm32f1xx_hal_i2c.o
    0x08002bf4   0x08002bf4   0x000000a8   Code   RO          414    i.I2C_RequestMemoryWrite  stm32f1xx_hal_i2c.o
    0x08002c9c   0x08002c9c   0x00000056   Code   RO          418    i.I2C_WaitOnBTFFlagUntilTimeout  stm32f1xx_hal_i2c.o
    0x08002cf2   0x08002cf2   0x00000002   PAD
    0x08002cf4   0x08002cf4   0x00000090   Code   RO          419    i.I2C_WaitOnFlagUntilTimeout  stm32f1xx_hal_i2c.o
    0x08002d84   0x08002d84   0x000000bc   Code   RO          420    i.I2C_WaitOnMasterAddressFlagUntilTimeout  stm32f1xx_hal_i2c.o
    0x08002e40   0x08002e40   0x00000070   Code   RO          421    i.I2C_WaitOnRXNEFlagUntilTimeout  stm32f1xx_hal_i2c.o
    0x08002eb0   0x08002eb0   0x00000056   Code   RO          422    i.I2C_WaitOnTXEFlagUntilTimeout  stm32f1xx_hal_i2c.o
    0x08002f06   0x08002f06   0x00000002   PAD
    0x08002f08   0x08002f08   0x0000019c   Code   RO         3830    i.MPU6050_DMP_Get_Date  mpu6050.o
    0x080030a4   0x080030a4   0x000000b0   Code   RO         3831    i.MPU6050_DMP_init  mpu6050.o
    0x08003154   0x08003154   0x00000070   Code   RO          148    i.MX_GPIO_Init      gpio.o
    0x080031c4   0x080031c4   0x00000040   Code   RO          174    i.MX_I2C2_Init      i2c.o
    0x08003204   0x08003204   0x00000002   Code   RO          217    i.MemManage_Handler  stm32f1xx_it.o
    0x08003206   0x08003206   0x00000002   Code   RO          218    i.NMI_Handler       stm32f1xx_it.o
    0x08003208   0x08003208   0x00000028   Code   RO         3872    i.OLED_Clear        oled.o
    0x08003230   0x08003230   0x00000064   Code   RO         3873    i.OLED_ClearArea    oled.o
    0x08003294   0x08003294   0x0000002a   Code   RO         3881    i.OLED_GPIO_Init    oled.o
    0x080032be   0x080032be   0x0000003a   Code   RO         3883    i.OLED_I2C_SendByte  oled.o
    0x080032f8   0x080032f8   0x0000001e   Code   RO         3884    i.OLED_I2C_Start    oled.o
    0x08003316   0x08003316   0x00000018   Code   RO         3885    i.OLED_I2C_Stop     oled.o
    0x0800332e   0x0800332e   0x0000009c   Code   RO         3886    i.OLED_Init         oled.o
    0x080033ca   0x080033ca   0x0000002a   Code   RO         3889    i.OLED_Printf       oled.o
    0x080033f4   0x080033f4   0x00000022   Code   RO         3892    i.OLED_SetCursor    oled.o
    0x08003416   0x08003416   0x00000002   PAD
    0x08003418   0x08003418   0x00000044   Code   RO         3894    i.OLED_ShowChar     oled.o
    0x0800345c   0x0800345c   0x000000b0   Code   RO         3898    i.OLED_ShowImage    oled.o
    0x0800350c   0x0800350c   0x0000002c   Code   RO         3901    i.OLED_ShowString   oled.o
    0x08003538   0x08003538   0x00000028   Code   RO         3902    i.OLED_Update       oled.o
    0x08003560   0x08003560   0x00000010   Code   RO         3904    i.OLED_W_SCL        oled.o
    0x08003570   0x08003570   0x00000010   Code   RO         3905    i.OLED_W_SDA        oled.o
    0x08003580   0x08003580   0x00000022   Code   RO         3906    i.OLED_WriteCommand  oled.o
    0x080035a2   0x080035a2   0x00000030   Code   RO         3907    i.OLED_WriteData    oled.o
    0x080035d2   0x080035d2   0x00000002   Code   RO          219    i.PendSV_Handler    stm32f1xx_it.o
    0x080035d4   0x080035d4   0x00000002   Code   RO          220    i.SVC_Handler       stm32f1xx_it.o
    0x080035d6   0x080035d6   0x00000004   Code   RO          221    i.SysTick_Handler   stm32f1xx_it.o
    0x080035da   0x080035da   0x0000005e   Code   RO           14    i.SystemClock_Config  main.o
    0x08003638   0x08003638   0x00000002   Code   RO         1800    i.SystemInit        system_stm32f1xx.o
    0x0800363a   0x0800363a   0x00000002   Code   RO          222    i.UsageFault_Handler  stm32f1xx_it.o
    0x0800363c   0x0800363c   0x00000028   Code   RO         4478    i.__ARM_fpclassify  m_ws.l(fpclassify.o)
    0x08003664   0x08003664   0x00000020   Code   RO         1276    i.__NVIC_SetPriority  stm32f1xx_hal_cortex.o
    0x08003684   0x08003684   0x000000aa   Code   RO         4496    i.__kernel_poly     m_ws.l(poly.o)
    0x0800372e   0x0800372e   0x00000006   Code   RO         4465    i.__mathlib_dbl_infnan  m_ws.l(dunder.o)
    0x08003734   0x08003734   0x00000004   Code   RO         4466    i.__mathlib_dbl_infnan2  m_ws.l(dunder.o)
    0x08003738   0x08003738   0x0000000c   Code   RO         4467    i.__mathlib_dbl_invalid  m_ws.l(dunder.o)
    0x08003744   0x08003744   0x00000010   Code   RO         4470    i.__mathlib_dbl_underflow  m_ws.l(dunder.o)
    0x08003754   0x08003754   0x0000000e   Code   RO         4395    i._is_digit         c_w.l(__printf_wp.o)
    0x08003762   0x08003762   0x00000002   PAD
    0x08003764   0x08003764   0x00000080   Code   RO         1837    i.accel_self_test   inv_mpu.o
    0x080037e4   0x080037e4   0x00000270   Code   RO         4227    i.asin              m_ws.l(asin.o)
    0x08003a54   0x08003a54   0x00000220   Code   RO         4245    i.atan              m_ws.l(atan.o)
    0x08003c74   0x08003c74   0x00000180   Code   RO         4255    i.atan2             m_ws.l(atan2.o)
    0x08003df4   0x08003df4   0x0000003a   Code   RO         2181    i.dmp_enable_6x_lp_quat  inv_mpu_dmp_motion_driver.o
    0x08003e2e   0x08003e2e   0x00000002   PAD
    0x08003e30   0x08003e30   0x000001d8   Code   RO         2182    i.dmp_enable_feature  inv_mpu_dmp_motion_driver.o
    0x08004008   0x08004008   0x0000003c   Code   RO         2183    i.dmp_enable_gyro_cal  inv_mpu_dmp_motion_driver.o
    0x08004044   0x08004044   0x0000003a   Code   RO         2184    i.dmp_enable_lp_quat  inv_mpu_dmp_motion_driver.o
    0x0800407e   0x0800407e   0x00000002   PAD
    0x08004080   0x08004080   0x00000014   Code   RO         2189    i.dmp_load_motion_driver_firmware  inv_mpu_dmp_motion_driver.o
    0x08004094   0x08004094   0x00000148   Code   RO         2190    i.dmp_read_fifo     inv_mpu_dmp_motion_driver.o
    0x080041dc   0x080041dc   0x000000d8   Code   RO         2193    i.dmp_set_accel_bias  inv_mpu_dmp_motion_driver.o
    0x080042b4   0x080042b4   0x00000064   Code   RO         2194    i.dmp_set_fifo_rate  inv_mpu_dmp_motion_driver.o
    0x08004318   0x08004318   0x000000cc   Code   RO         2195    i.dmp_set_gyro_bias  inv_mpu_dmp_motion_driver.o
    0x080043e4   0x080043e4   0x0000010c   Code   RO         2197    i.dmp_set_orientation  inv_mpu_dmp_motion_driver.o
    0x080044f0   0x080044f0   0x00000030   Code   RO         2200    i.dmp_set_shake_reject_thresh  inv_mpu_dmp_motion_driver.o
    0x08004520   0x08004520   0x00000020   Code   RO         2201    i.dmp_set_shake_reject_time  inv_mpu_dmp_motion_driver.o
    0x08004540   0x08004540   0x00000020   Code   RO         2202    i.dmp_set_shake_reject_timeout  inv_mpu_dmp_motion_driver.o
    0x08004560   0x08004560   0x00000040   Code   RO         2203    i.dmp_set_tap_axes  inv_mpu_dmp_motion_driver.o
    0x080045a0   0x080045a0   0x00000022   Code   RO         2204    i.dmp_set_tap_count  inv_mpu_dmp_motion_driver.o
    0x080045c2   0x080045c2   0x00000002   PAD
    0x080045c4   0x080045c4   0x00000128   Code   RO         2205    i.dmp_set_tap_thresh  inv_mpu_dmp_motion_driver.o
    0x080046ec   0x080046ec   0x00000020   Code   RO         2206    i.dmp_set_tap_time  inv_mpu_dmp_motion_driver.o
    0x0800470c   0x0800470c   0x00000020   Code   RO         2207    i.dmp_set_tap_time_multi  inv_mpu_dmp_motion_driver.o
    0x0800472c   0x0800472c   0x000000bc   Code   RO         1838    i.get_accel_prod_shift  inv_mpu.o
    0x080047e8   0x080047e8   0x000003f4   Code   RO         1839    i.get_st_biases     inv_mpu.o
    0x08004bdc   0x08004bdc   0x000000e4   Code   RO         1840    i.gyro_self_test    inv_mpu.o
    0x08004cc0   0x08004cc0   0x00000048   Code   RO         3832    i.inv_row_2_scale   mpu6050.o
    0x08004d08   0x08004d08   0x000000b8   Code   RO           15    i.main              main.o
    0x08004dc0   0x08004dc0   0x00000054   Code   RO         1841    i.mpu_configure_fifo  inv_mpu.o
    0x08004e14   0x08004e14   0x0000003c   Code   RO         1842    i.mpu_get_accel_fsr  inv_mpu.o
    0x08004e50   0x08004e50   0x00000044   Code   RO         1844    i.mpu_get_accel_sens  inv_mpu.o
    0x08004e94   0x08004e94   0x00000034   Code   RO         1850    i.mpu_get_gyro_fsr  inv_mpu.o
    0x08004ec8   0x08004ec8   0x00000040   Code   RO         1852    i.mpu_get_gyro_sens  inv_mpu.o
    0x08004f08   0x08004f08   0x00000038   Code   RO         1854    i.mpu_get_lpf       inv_mpu.o
    0x08004f40   0x08004f40   0x0000001c   Code   RO         1856    i.mpu_get_sample_rate  inv_mpu.o
    0x08004f5c   0x08004f5c   0x000000dc   Code   RO         1858    i.mpu_init          inv_mpu.o
    0x08005038   0x08005038   0x000000ac   Code   RO         1859    i.mpu_load_firmware  inv_mpu.o
    0x080050e4   0x080050e4   0x000000d4   Code   RO         1860    i.mpu_lp_accel_mode  inv_mpu.o
    0x080051b8   0x080051b8   0x000000bc   Code   RO         1866    i.mpu_read_fifo_stream  inv_mpu.o
    0x08005274   0x08005274   0x00000074   Code   RO         1867    i.mpu_read_mem      inv_mpu.o
    0x080052e8   0x080052e8   0x000001bc   Code   RO         1870    i.mpu_reset_fifo    inv_mpu.o
    0x080054a4   0x080054a4   0x000000f0   Code   RO         1871    i.mpu_run_self_test  inv_mpu.o
    0x08005594   0x08005594   0x00000078   Code   RO         1874    i.mpu_set_accel_fsr  inv_mpu.o
    0x0800560c   0x0800560c   0x00000134   Code   RO         1875    i.mpu_set_bypass    inv_mpu.o
    0x08005740   0x08005740   0x00000090   Code   RO         1877    i.mpu_set_dmp_state  inv_mpu.o
    0x080057d0   0x080057d0   0x0000007c   Code   RO         1879    i.mpu_set_gyro_fsr  inv_mpu.o
    0x0800584c   0x0800584c   0x00000074   Code   RO         1880    i.mpu_set_int_latched  inv_mpu.o
    0x080058c0   0x080058c0   0x00000080   Code   RO         1882    i.mpu_set_lpf       inv_mpu.o
    0x08005940   0x08005940   0x00000094   Code   RO         1883    i.mpu_set_sample_rate  inv_mpu.o
    0x080059d4   0x080059d4   0x000000dc   Code   RO         1884    i.mpu_set_sensors   inv_mpu.o
    0x08005ab0   0x08005ab0   0x00000074   Code   RO         1885    i.mpu_write_mem     inv_mpu.o
    0x08005b24   0x08005b24   0x00000082   Code   RO         3833    i.run_self_test     mpu6050.o
    0x08005ba6   0x08005ba6   0x00000002   PAD
    0x08005ba8   0x08005ba8   0x00000078   Code   RO         1886    i.set_int_enable    inv_mpu.o
    0x08005c20   0x08005c20   0x0000004c   Code   RO         4317    i.sqrt              m_ws.l(sqrt.o)
    0x08005c6c   0x08005c6c   0x0000002c   Code   RO         4596    locale$$code        c_w.l(lc_numeric_c.o)
    0x08005c98   0x08005c98   0x0000002c   Code   RO         4613    locale$$code        c_w.l(lc_ctype_c.o)
    0x08005cc4   0x08005cc4   0x00000062   Code   RO         4152    x$fpl$d2f           fz_ws.l(d2f.o)
    0x08005d26   0x08005d26   0x00000002   PAD
    0x08005d28   0x08005d28   0x00000150   Code   RO         4154    x$fpl$dadd          fz_ws.l(daddsub_clz.o)
    0x08005e78   0x08005e78   0x00000010   Code   RO         4430    x$fpl$dcheck1       fz_ws.l(dcheck1.o)
    0x08005e88   0x08005e88   0x000002b0   Code   RO         4161    x$fpl$ddiv          fz_ws.l(ddiv.o)
    0x08006138   0x08006138   0x00000154   Code   RO         4180    x$fpl$dmul          fz_ws.l(dmul.o)
    0x0800628c   0x0800628c   0x0000009c   Code   RO         4436    x$fpl$dnaninf       fz_ws.l(dnaninf.o)
    0x08006328   0x08006328   0x0000000c   Code   RO         4438    x$fpl$dretinf       fz_ws.l(dretinf.o)
    0x08006334   0x08006334   0x00000016   Code   RO         4155    x$fpl$drsb          fz_ws.l(daddsub_clz.o)
    0x0800634a   0x0800634a   0x00000002   PAD
    0x0800634c   0x0800634c   0x000001cc   Code   RO         4442    x$fpl$dsqrt         fz_ws.l(dsqrt_noumaal.o)
    0x08006518   0x08006518   0x000001d4   Code   RO         4156    x$fpl$dsub          fz_ws.l(daddsub_clz.o)
    0x080066ec   0x080066ec   0x00000056   Code   RO         4184    x$fpl$f2d           fz_ws.l(f2d.o)
    0x08006742   0x08006742   0x00000002   PAD
    0x08006744   0x08006744   0x000000c4   Code   RO         4186    x$fpl$fadd          fz_ws.l(faddsub_clz.o)
    0x08006808   0x08006808   0x0000000c   Code   RO         4444    x$fpl$fcheck1       fz_ws.l(fcheck1.o)
    0x08006814   0x08006814   0x00000184   Code   RO         4193    x$fpl$fdiv          fz_ws.l(fdiv.o)
    0x08006998   0x08006998   0x00000036   Code   RO         4196    x$fpl$ffix          fz_ws.l(ffix.o)
    0x080069ce   0x080069ce   0x00000002   PAD
    0x080069d0   0x080069d0   0x0000003e   Code   RO         4200    x$fpl$ffixu         fz_ws.l(ffixu.o)
    0x08006a0e   0x08006a0e   0x00000002   PAD
    0x08006a10   0x08006a10   0x00000030   Code   RO         4205    x$fpl$fflt          fz_ws.l(fflt_clz.o)
    0x08006a40   0x08006a40   0x00000026   Code   RO         4204    x$fpl$ffltu         fz_ws.l(fflt_clz.o)
    0x08006a66   0x08006a66   0x00000002   PAD
    0x08006a68   0x08006a68   0x00000102   Code   RO         4210    x$fpl$fmul          fz_ws.l(fmul.o)
    0x08006b6a   0x08006b6a   0x0000008c   Code   RO         4446    x$fpl$fnaninf       fz_ws.l(fnaninf.o)
    0x08006bf6   0x08006bf6   0x0000000a   Code   RO         4448    x$fpl$fretinf       fz_ws.l(fretinf.o)
    0x08006c00   0x08006c00   0x000000ea   Code   RO         4188    x$fpl$fsub          fz_ws.l(faddsub_clz.o)
    0x08006cea   0x08006cea   0x00000004   Code   RO         4452    x$fpl$printf1       fz_ws.l(printf1.o)
    0x08006cee   0x08006cee   0x00000004   Code   RO         4454    x$fpl$printf2       fz_ws.l(printf2.o)
    0x08006cf2   0x08006cf2   0x00000064   Code   RO         4552    x$fpl$retnan        fz_ws.l(retnan.o)
    0x08006d56   0x08006d56   0x0000005c   Code   RO         4212    x$fpl$scalbn        fz_ws.l(scalbn.o)
    0x08006db2   0x08006db2   0x0000004c   Code   RO         4214    x$fpl$scalbnf       fz_ws.l(scalbnf.o)
    0x08006dfe   0x08006dfe   0x00000030   Code   RO         4608    x$fpl$trapveneer    fz_ws.l(trapv.o)
    0x08006e2e   0x08006e2e   0x00000000   Code   RO         4460    x$fpl$usenofp       fz_ws.l(usenofp.o)
    0x08006e2e   0x08006e2e   0x00000012   Data   RO          974    .constdata          stm32f1xx_hal_rcc.o
    0x08006e40   0x08006e40   0x00000010   Data   RO         1801    .constdata          system_stm32f1xx.o
    0x08006e50   0x08006e50   0x00000008   Data   RO         1802    .constdata          system_stm32f1xx.o
    0x08006e58   0x08006e58   0x0000001e   Data   RO         1887    .constdata          inv_mpu.o
    0x08006e76   0x08006e76   0x0000000c   Data   RO         1888    .constdata          inv_mpu.o
    0x08006e82   0x08006e82   0x00000002   PAD
    0x08006e84   0x08006e84   0x00000028   Data   RO         1889    .constdata          inv_mpu.o
    0x08006eac   0x08006eac   0x00000bf6   Data   RO         2209    .constdata          inv_mpu_dmp_motion_driver.o
    0x08007aa2   0x08007aa2   0x000005f0   Data   RO         4108    .constdata          oled_data.o
    0x08008092   0x08008092   0x0000023a   Data   RO         4109    .constdata          oled_data.o
    0x080082cc   0x080082cc   0x00000004   PAD
    0x080082d0   0x080082d0   0x00000050   Data   RO         4228    .constdata          m_ws.l(asin.o)
    0x08008320   0x08008320   0x00000098   Data   RO         4246    .constdata          m_ws.l(atan.o)
    0x080083b8   0x080083b8   0x00000008   Data   RO         4354    .constdata          c_w.l(_printf_wctomb.o)
    0x080083c0   0x080083c0   0x00000028   Data   RO         4383    .constdata          c_w.l(_printf_hex_int_ll_ptr.o)
    0x080083e8   0x080083e8   0x00000011   Data   RO         4403    .constdata          c_w.l(__printf_flags_ss_wp.o)
    0x080083f9   0x080083f9   0x00000007   PAD
    0x08008400   0x08008400   0x00000008   Data   RO         4498    .constdata          m_ws.l(qnan.o)
    0x08008408   0x08008408   0x00000026   Data   RO         4541    .constdata          c_w.l(_printf_fp_hex.o)
    0x0800842e   0x0800842e   0x00000002   PAD
    0x08008430   0x08008430   0x00000094   Data   RO         4571    .constdata          c_w.l(bigflt0.o)
    0x080084c4   0x080084c4   0x00000020   Data   RO         4741    Region$$Table       anon$$obj.o
    0x080084e4   0x080084e4   0x0000001c   Data   RO         4595    locale$$data        c_w.l(lc_numeric_c.o)
    0x08008500   0x08008500   0x00000110   Data   RO         4612    locale$$data        c_w.l(lc_ctype_c.o)


    Execution Region RW_IRAM1 (Exec base: 0x20000000, Load base: 0x08008610, Size: 0x00000b10, Max: 0x00005000, ABSOLUTE)

    Exec Addr    Load Addr    Size         Type   Attr      Idx    E Section Name        Object

    0x20000000   0x08008610   0x0000000c   Data   RW          811    .data               stm32f1xx_hal.o
    0x2000000c   0x0800861c   0x00000004   Data   RW         1803    .data               system_stm32f1xx.o
    0x20000010   0x08008620   0x0000002c   Data   RW         1890    .data               inv_mpu.o
    0x2000003c   0x0800864c   0x00000009   Data   RW         3834    .data               mpu6050.o
    0x20000045   0x08008655   0x00000003   PAD
    0x20000048        -       0x00000054   Zero   RW          175    .bss                i2c.o
    0x2000009c        -       0x00000010   Zero   RW         2208    .bss                inv_mpu_dmp_motion_driver.o
    0x200000ac        -       0x00000400   Zero   RW         3909    .bss                oled.o
    0x200004ac        -       0x00000060   Zero   RW         4555    .bss                c_w.l(libspace.o)
    0x2000050c   0x08008655   0x00000004   PAD
    0x20000510        -       0x00000200   Zero   RW            2    HEAP                startup_stm32f103xb.o
    0x20000710        -       0x00000400   Zero   RW            1    STACK               startup_stm32f103xb.o


==============================================================================

Image component sizes


      Code (inc. data)   RO Data    RW Data    ZI Data      Debug   Object Name

       112          8          0          0          0        943   gpio.o
       160         28          0          0         84       1681   i2c.o
      5104        274         82         44          0      29253   inv_mpu.o
      2354        120       3062          0         16      20402   inv_mpu_dmp_motion_driver.o
       282         50          0          0          0     394896   main.o
       790         10          0          9          0       5190   mpu6050.o
       968         40          0          0       1024      10575   oled.o
         0          0       2090          0          0       1163   oled_data.o
        64         26        236          0       1536        824   startup_stm32f103xb.o
       164         28          0         12          0       6017   stm32f1xx_hal.o
       172         14          0          0          0      28366   stm32f1xx_hal_cortex.o
       490         34          0          0          0       2928   stm32f1xx_hal_gpio.o
      2370         56          0          0          0      13142   stm32f1xx_hal_i2c.o
        60          8          0          0          0        902   stm32f1xx_hal_msp.o
      1208         72         18          0          0       4621   stm32f1xx_hal_rcc.o
        20          0          0          0          0       3998   stm32f1xx_it.o
         2          0         24          4          0       1155   system_stm32f1xx.o

    ----------------------------------------------------------------------
     14338        768       5550         72       2660     526056   Object Totals
         0          0         32          0          0          0   (incl. Generated)
        18          0          6          3          0          0   (incl. Padding)

    ----------------------------------------------------------------------

      Code (inc. data)   RO Data    RW Data    ZI Data      Debug   Library Member Name

         8          0          0          0          0         68   __main.o
       392          4         17          0          0         92   __printf_flags_ss_wp.o
        14          0          0          0          0         68   __printf_wp.o
         0          0          0          0          0          0   __rtentry.o
        12          0          0          0          0          0   __rtentry2.o
         6          0          0          0          0          0   __rtentry4.o
        52          8          0          0          0          0   __scatter.o
        26          0          0          0          0          0   __scatter_copy.o
        28          0          0          0          0          0   __scatter_zi.o
         6          0          0          0          0          0   _printf_a.o
         6          0          0          0          0          0   _printf_c.o
        44          0          0          0          0        108   _printf_char.o
        48          6          0          0          0         96   _printf_char_common.o
        40          0          0          0          0         68   _printf_charcount.o
         6          0          0          0          0          0   _printf_d.o
       120         16          0          0          0         92   _printf_dec.o
         6          0          0          0          0          0   _printf_e.o
         6          0          0          0          0          0   _printf_f.o
      1054          0          0          0          0        216   _printf_fp_dec.o
       764          8         38          0          0        100   _printf_fp_hex.o
       128         16          0          0          0         84   _printf_fp_infnan.o
         6          0          0          0          0          0   _printf_g.o
       148          4         40          0          0        160   _printf_hex_int_ll_ptr.o
         6          0          0          0          0          0   _printf_i.o
       178          0          0          0          0         88   _printf_intcommon.o
        10          0          0          0          0          0   _printf_l.o
         6          0          0          0          0          0   _printf_lc.o
        10          0          0          0          0          0   _printf_ll.o
         6          0          0          0          0          0   _printf_lld.o
         6          0          0          0          0          0   _printf_lli.o
         6          0          0          0          0          0   _printf_llo.o
         6          0          0          0          0          0   _printf_llu.o
         6          0          0          0          0          0   _printf_llx.o
       124         16          0          0          0         92   _printf_longlong_dec.o
         6          0          0          0          0          0   _printf_ls.o
         6          0          0          0          0          0   _printf_n.o
         6          0          0          0          0          0   _printf_o.o
       112         10          0          0          0        124   _printf_oct_int_ll.o
         6          0          0          0          0          0   _printf_p.o
        78          0          0          0          0        108   _printf_pad.o
         0          0          0          0          0          0   _printf_percent.o
         4          0          0          0          0          0   _printf_percent_end.o
         6          0          0          0          0          0   _printf_s.o
        82          0          0          0          0         80   _printf_str.o
        36          0          0          0          0         84   _printf_truncate.o
         6          0          0          0          0          0   _printf_u.o
        44          0          0          0          0        108   _printf_wchar.o
       188          6          8          0          0         92   _printf_wctomb.o
         6          0          0          0          0          0   _printf_x.o
        22          0          0          0          0        100   _rserrno.o
        10          0          0          0          0         68   _sputc.o
        64          0          0          0          0         92   _wcrtomb.o
        16          0          0          0          0         68   aeabi_memset.o
       228          4        148          0          0         96   bigflt0.o
      1936        128          0          0          0        672   btod.o
        18          0          0          0          0         80   exit.o
         6          0          0          0          0        152   heapauxi.o
         0          0          0          0          0          0   indicate_semi.o
        44         10        272          0          0         76   lc_ctype_c.o
        44         10         28          0          0         76   lc_numeric_c.o
         2          0          0          0          0          0   libinit.o
        30          0          0          0          0          0   libinit2.o
         2          0          0          0          0          0   libshutdown.o
         2          0          0          0          0          0   libshutdown2.o
         8          4          0          0         96         68   libspace.o
        72          0          0          0          0         76   llsdiv.o
       138          0          0          0          0         80   lludiv10.o
       238          0          0          0          0        100   lludivv7m.o
        88          0          0          0          0         76   memcmp.o
        16          4          0          0          0         76   rt_ctype_table.o
         8          4          0          0          0         68   rt_errno_addr_intlibspace.o
         8          4          0          0          0         68   rt_locale_intlibspace.o
        68          0          0          0          0         68   rt_memclr.o
        78          0          0          0          0         80   rt_memclr_w.o
         2          0          0          0          0          0   rtexit.o
        10          0          0          0          0          0   rtexit2.o
       128          0          0          0          0         68   strcmpv7m.o
        12          4          0          0          0         68   sys_exit.o
        74          0          0          0          0         80   sys_stackheap_outer.o
         2          0          0          0          0         68   use_no_semi.o
        36          4          0          0          0         76   vsprintf.o
        98          4          0          0          0         92   d2f.o
       826         16          0          0          0        348   daddsub_clz.o
        16          4          0          0          0         68   dcheck1.o
       688        140          0          0          0        208   ddiv.o
       340         12          0          0          0        104   dmul.o
       156          4          0          0          0         92   dnaninf.o
        12          0          0          0          0         68   dretinf.o
       460         56          0          0          0        120   dsqrt_noumaal.o
        86          4          0          0          0         84   f2d.o
       430          8          0          0          0        168   faddsub_clz.o
        12          4          0          0          0         68   fcheck1.o
       388         76          0          0          0         96   fdiv.o
        54          4          0          0          0         84   ffix.o
        62          4          0          0          0         84   ffixu.o
        86          0          0          0          0        136   fflt_clz.o
       258          4          0          0          0         84   fmul.o
       140          4          0          0          0         84   fnaninf.o
        10          0          0          0          0         68   fretinf.o
         4          0          0          0          0         68   printf1.o
         4          0          0          0          0         68   printf2.o
       100          0          0          0          0         68   retnan.o
        92          0          0          0          0         68   scalbn.o
        76          0          0          0          0         68   scalbnf.o
        48          0          0          0          0         68   trapv.o
         0          0          0          0          0          0   usenofp.o
       624         52         80          0          0        168   asin.o
       544         70        152          0          0        124   atan.o
       384         38          0          0          0        144   atan2.o
        38          6          0          0          0        272   dunder.o
        40          0          0          0          0         68   fpclassify.o
       170          0          0          0          0         96   poly.o
         0          0          8          0          0          0   qnan.o
        76          0          0          0          0         84   sqrt.o

    ----------------------------------------------------------------------
     13632        780        800          0        100       7948   Library Totals
        30          0          9          0          4          0   (incl. Padding)

    ----------------------------------------------------------------------

      Code (inc. data)   RO Data    RW Data    ZI Data      Debug   Library Name

      7280        270        551          0         96       4528   c_w.l
      4446        344          0          0          0       2464   fz_ws.l
      1876        166        240          0          0        956   m_ws.l

    ----------------------------------------------------------------------
     13632        780        800          0        100       7948   Library Totals

    ----------------------------------------------------------------------

==============================================================================


      Code (inc. data)   RO Data    RW Data    ZI Data      Debug   

     27970       1548       6350         72       2760     524068   Grand Totals
     27970       1548       6350         72       2760     524068   ELF Image Totals
     27970       1548       6350         72          0          0   ROM Totals

==============================================================================

    Total RO  Size (Code + RO Data)                34320 (  33.52kB)
    Total RW  Size (RW Data + ZI Data)              2832 (   2.77kB)
    Total ROM Size (Code + RO Data + RW Data)      34392 (  33.59kB)

==============================================================================

