Component: ARM Compiler 5.06 update 5 (build 528) Tool: armlink [4d35e2]

==============================================================================

Section Cross References

    startup_stm32f103xb.o(STACK) refers (Special) to heapauxi.o(.text) for __use_two_region_memory
    startup_stm32f103xb.o(HEAP) refers (Special) to heapauxi.o(.text) for __use_two_region_memory
    startup_stm32f103xb.o(RESET) refers (Special) to heapauxi.o(.text) for __use_two_region_memory
    startup_stm32f103xb.o(RESET) refers to startup_stm32f103xb.o(STACK) for __initial_sp
    startup_stm32f103xb.o(RESET) refers to startup_stm32f103xb.o(.text) for Reset_Handler
    startup_stm32f103xb.o(RESET) refers to stm32f1xx_it.o(i.NMI_Handler) for NMI_Handler
    startup_stm32f103xb.o(RESET) refers to stm32f1xx_it.o(i.HardFault_Handler) for HardFault_Handler
    startup_stm32f103xb.o(RESET) refers to stm32f1xx_it.o(i.MemManage_Handler) for MemManage_Handler
    startup_stm32f103xb.o(RESET) refers to stm32f1xx_it.o(i.BusFault_Handler) for BusFault_Handler
    startup_stm32f103xb.o(RESET) refers to stm32f1xx_it.o(i.UsageFault_Handler) for UsageFault_Handler
    startup_stm32f103xb.o(RESET) refers to stm32f1xx_it.o(i.SVC_Handler) for SVC_Handler
    startup_stm32f103xb.o(RESET) refers to stm32f1xx_it.o(i.DebugMon_Handler) for DebugMon_Handler
    startup_stm32f103xb.o(RESET) refers to stm32f1xx_it.o(i.PendSV_Handler) for PendSV_Handler
    startup_stm32f103xb.o(RESET) refers to stm32f1xx_it.o(i.SysTick_Handler) for SysTick_Handler
    startup_stm32f103xb.o(RESET) refers to stm32f1xx_it.o(i.TIM2_IRQHandler) for TIM2_IRQHandler
    startup_stm32f103xb.o(RESET) refers to stm32f1xx_it.o(i.USART1_IRQHandler) for USART1_IRQHandler
    startup_stm32f103xb.o(.text) refers (Special) to heapauxi.o(.text) for __use_two_region_memory
    startup_stm32f103xb.o(.text) refers to system_stm32f1xx.o(i.SystemInit) for SystemInit
    startup_stm32f103xb.o(.text) refers to __main.o(!!!main) for __main
    startup_stm32f103xb.o(.text) refers to startup_stm32f103xb.o(HEAP) for Heap_Mem
    startup_stm32f103xb.o(.text) refers to startup_stm32f103xb.o(STACK) for Stack_Mem
    main.o(i.SystemClock_Config) refers to rt_memclr_w.o(.text) for __aeabi_memclr4
    main.o(i.SystemClock_Config) refers to stm32f1xx_hal_rcc.o(i.HAL_RCC_OscConfig) for HAL_RCC_OscConfig
    main.o(i.SystemClock_Config) refers to stm32f1xx_hal_rcc.o(i.HAL_RCC_ClockConfig) for HAL_RCC_ClockConfig
    main.o(i.main) refers to stm32f1xx_hal.o(i.HAL_Init) for HAL_Init
    main.o(i.main) refers to main.o(i.SystemClock_Config) for SystemClock_Config
    main.o(i.main) refers to gpio.o(i.MX_GPIO_Init) for MX_GPIO_Init
    main.o(i.main) refers to usart.o(i.MX_USART1_UART_Init) for MX_USART1_UART_Init
    main.o(i.main) refers to tim.o(i.MX_TIM2_Init) for MX_TIM2_Init
    main.o(i.main) refers to timer.o(i.Timer_Init) for Timer_Init
    main.o(i.main) refers to uart.o(i.Uart_Init) for Uart_Init
    main.o(i.main) refers to oled.o(i.OLED_Init) for OLED_Init
    main.o(i.main) refers to esp8266.o(i.ESP8266_Init) for ESP8266_Init
    main.o(i.main) refers to esp8266.o(i.ESP8266_GetTime) for ESP8266_GetTime
    main.o(i.main) refers to oled.o(i.OLED_Printf) for OLED_Printf
    main.o(i.main) refers to oled.o(i.OLED_Update) for OLED_Update
    gpio.o(i.MX_GPIO_Init) refers to stm32f1xx_hal_gpio.o(i.HAL_GPIO_WritePin) for HAL_GPIO_WritePin
    gpio.o(i.MX_GPIO_Init) refers to stm32f1xx_hal_gpio.o(i.HAL_GPIO_Init) for HAL_GPIO_Init
    tim.o(i.HAL_TIM_Base_MspDeInit) refers to stm32f1xx_hal_cortex.o(i.HAL_NVIC_DisableIRQ) for HAL_NVIC_DisableIRQ
    tim.o(i.HAL_TIM_Base_MspInit) refers to stm32f1xx_hal_cortex.o(i.HAL_NVIC_SetPriority) for HAL_NVIC_SetPriority
    tim.o(i.HAL_TIM_Base_MspInit) refers to stm32f1xx_hal_cortex.o(i.HAL_NVIC_EnableIRQ) for HAL_NVIC_EnableIRQ
    tim.o(i.MX_TIM2_Init) refers to stm32f1xx_hal_tim.o(i.HAL_TIM_Base_Init) for HAL_TIM_Base_Init
    tim.o(i.MX_TIM2_Init) refers to main.o(i.Error_Handler) for Error_Handler
    tim.o(i.MX_TIM2_Init) refers to stm32f1xx_hal_tim.o(i.HAL_TIM_ConfigClockSource) for HAL_TIM_ConfigClockSource
    tim.o(i.MX_TIM2_Init) refers to stm32f1xx_hal_tim_ex.o(i.HAL_TIMEx_MasterConfigSynchronization) for HAL_TIMEx_MasterConfigSynchronization
    tim.o(i.MX_TIM2_Init) refers to tim.o(.bss) for .bss
    usart.o(i.HAL_UART_MspDeInit) refers to stm32f1xx_hal_gpio.o(i.HAL_GPIO_DeInit) for HAL_GPIO_DeInit
    usart.o(i.HAL_UART_MspDeInit) refers to stm32f1xx_hal_cortex.o(i.HAL_NVIC_DisableIRQ) for HAL_NVIC_DisableIRQ
    usart.o(i.HAL_UART_MspInit) refers to stm32f1xx_hal_gpio.o(i.HAL_GPIO_Init) for HAL_GPIO_Init
    usart.o(i.HAL_UART_MspInit) refers to stm32f1xx_hal_cortex.o(i.HAL_NVIC_SetPriority) for HAL_NVIC_SetPriority
    usart.o(i.HAL_UART_MspInit) refers to stm32f1xx_hal_cortex.o(i.HAL_NVIC_EnableIRQ) for HAL_NVIC_EnableIRQ
    usart.o(i.MX_USART1_UART_Init) refers to stm32f1xx_hal_uart.o(i.HAL_UART_Init) for HAL_UART_Init
[...]
    CL$$btod_d2e                             0x08001426   Section       62  btod.o(CL$$btod_d2e)
    CL$$btod_d2e_denorm_low                  0x08001464   Section       70  btod.o(CL$$btod_d2e_denorm_low)
    CL$$btod_d2e_norm_op1                    0x080014aa   Section       96  btod.o(CL$$btod_d2e_norm_op1)
    CL$$btod_div_common                      0x0800150a   Section      824  btod.o(CL$$btod_div_common)
    CL$$btod_e2e                             0x08001842   Section      220  btod.o(CL$$btod_e2e)
    CL$$btod_ediv                            0x0800191e   Section       42  btod.o(CL$$btod_ediv)
    CL$$btod_emul                            0x08001948   Section       42  btod.o(CL$$btod_emul)
    CL$$btod_mult_common                     0x08001972   Section      580  btod.o(CL$$btod_mult_common)
    i.AT_Send                                0x08001bb8   Section        0  esp8266.o(i.AT_Send)
    i.BusFault_Handler                       0x08001d0c   Section        0  stm32f1xx_it.o(i.BusFault_Handler)
    i.DebugMon_Handler                       0x08001d0e   Section        0  stm32f1xx_it.o(i.DebugMon_Handler)
    i.ESP8266_GetTime                        0x08001d10   Section        0  esp8266.o(i.ESP8266_GetTime)
    i.ESP8266_Init                           0x08001d68   Section        0  esp8266.o(i.ESP8266_Init)
    i.ESP8266_RST                            0x08001dd4   Section        0  esp8266.o(i.ESP8266_RST)
    i.ESP8266_SendString                     0x08001dfc   Section        0  esp8266.o(i.ESP8266_SendString)
    i.Error_Handler                          0x08001e24   Section        0  main.o(i.Error_Handler)
    i.Exit_CIPMODE_1                         0x08001e28   Section        0  esp8266.o(i.Exit_CIPMODE_1)
    i.HAL_DMA_Abort                          0x08001e48   Section        0  stm32f1xx_hal_dma.o(i.HAL_DMA_Abort)
    i.HAL_DMA_Abort_IT                       0x08001e90   Section        0  stm32f1xx_hal_dma.o(i.HAL_DMA_Abort_IT)
    i.HAL_Delay                              0x08001f28   Section        0  stm32f1xx_hal.o(i.HAL_Delay)
    i.HAL_GPIO_Init                          0x08001f4c   Section        0  stm32f1xx_hal_gpio.o(i.HAL_GPIO_Init)
    i.HAL_GPIO_WritePin                      0x0800212c   Section        0  stm32f1xx_hal_gpio.o(i.HAL_GPIO_WritePin)
    i.HAL_GetTick                            0x08002138   Section        0  stm32f1xx_hal.o(i.HAL_GetTick)
    i.HAL_IncTick                            0x08002144   Section        0  stm32f1xx_hal.o(i.HAL_IncTick)
    i.HAL_Init                               0x08002154   Section        0  stm32f1xx_hal.o(i.HAL_Init)
    i.HAL_InitTick                           0x08002178   Section        0  stm32f1xx_hal.o(i.HAL_InitTick)
    i.HAL_MspInit                            0x080021b8   Section        0  stm32f1xx_hal_msp.o(i.HAL_MspInit)
    i.HAL_NVIC_EnableIRQ                     0x080021f4   Section        0  stm32f1xx_hal_cortex.o(i.HAL_NVIC_EnableIRQ)
    i.HAL_NVIC_SetPriority                   0x08002210   Section        0  stm32f1xx_hal_cortex.o(i.HAL_NVIC_SetPriority)
    i.HAL_NVIC_SetPriorityGrouping           0x08002250   Section        0  stm32f1xx_hal_cortex.o(i.HAL_NVIC_SetPriorityGrouping)
    i.HAL_RCC_ClockConfig                    0x08002274   Section        0  stm32f1xx_hal_rcc.o(i.HAL_RCC_ClockConfig)
    i.HAL_RCC_GetPCLK1Freq                   0x080023a0   Section        0  stm32f1xx_hal_rcc.o(i.HAL_RCC_GetPCLK1Freq)
    i.HAL_RCC_GetPCLK2Freq                   0x080023c0   Section        0  stm32f1xx_hal_rcc.o(i.HAL_RCC_GetPCLK2Freq)
    i.HAL_RCC_GetSysClockFreq                0x080023e0   Section        0  stm32f1xx_hal_rcc.o(i.HAL_RCC_GetSysClockFreq)
    i.HAL_RCC_OscConfig                      0x0800242c   Section        0  stm32f1xx_hal_rcc.o(i.HAL_RCC_OscConfig)
    i.HAL_SYSTICK_Config                     0x0800274c   Section        0  stm32f1xx_hal_cortex.o(i.HAL_SYSTICK_Config)
    i.HAL_TIMEx_BreakCallback                0x08002774   Section        0  stm32f1xx_hal_tim_ex.o(i.HAL_TIMEx_BreakCallback)
    i.HAL_TIMEx_CommutCallback               0x08002776   Section        0  stm32f1xx_hal_tim_ex.o(i.HAL_TIMEx_CommutCallback)
    i.HAL_TIMEx_MasterConfigSynchronization  0x08002778   Section        0  stm32f1xx_hal_tim_ex.o(i.HAL_TIMEx_MasterConfigSynchronization)
    i.HAL_TIM_Base_Init                      0x080027e0   Section        0  stm32f1xx_hal_tim.o(i.HAL_TIM_Base_Init)
    i.HAL_TIM_Base_MspInit                   0x0800283c   Section        0  tim.o(i.HAL_TIM_Base_MspInit)
    i.HAL_TIM_Base_Start_IT                  0x08002874   Section        0  stm32f1xx_hal_tim.o(i.HAL_TIM_Base_Start_IT)
    i.HAL_TIM_ConfigClockSource              0x080028cc   Section        0  stm32f1xx_hal_tim.o(i.HAL_TIM_ConfigClockSource)
    i.HAL_TIM_IC_CaptureCallback             0x080029a8   Section        0  stm32f1xx_hal_tim.o(i.HAL_TIM_IC_CaptureCallback)
    i.HAL_TIM_IRQHandler                     0x080029aa   Section        0  stm32f1xx_hal_tim.o(i.HAL_TIM_IRQHandler)
    i.HAL_TIM_OC_DelayElapsedCallback        0x08002ada   Section        0  stm32f1xx_hal_tim.o(i.HAL_TIM_OC_DelayElapsedCallback)
    i.HAL_TIM_PWM_PulseFinishedCallback      0x08002adc   Section        0  stm32f1xx_hal_tim.o(i.HAL_TIM_PWM_PulseFinishedCallback)
    i.HAL_TIM_PeriodElapsedCallback          0x08002ae0   Section        0  timer.o(i.HAL_TIM_PeriodElapsedCallback)
    i.HAL_TIM_TriggerCallback                0x08002af0   Section        0  stm32f1xx_hal_tim.o(i.HAL_TIM_TriggerCallback)
    i.HAL_UARTEx_ReceiveToIdle_IT            0x08002af2   Section        0  stm32f1xx_hal_uart.o(i.HAL_UARTEx_ReceiveToIdle_IT)
    i.HAL_UARTEx_RxEventCallback             0x08002b40   Section        0  uart.o(i.HAL_UARTEx_RxEventCallback)
    i.HAL_UART_ErrorCallback                 0x08002bfc   Section        0  stm32f1xx_hal_uart.o(i.HAL_UART_ErrorCallback)
    i.HAL_UART_IRQHandler                    0x08002c00   Section        0  stm32f1xx_hal_uart.o(i.HAL_UART_IRQHandler)
    i.HAL_UART_Init                          0x08002e6c   Section        0  stm32f1xx_hal_uart.o(i.HAL_UART_Init)
    i.HAL_UART_MspInit                       0x08002ed0   Section        0  usart.o(i.HAL_UART_MspInit)
    i.HAL_UART_RxCpltCallback                0x08002f50   Section        0  stm32f1xx_hal_uart.o(i.HAL_UART_RxCpltCallback)
    i.HAL_UART_Transmit                      0x08002f52   Section        0  stm32f1xx_hal_uart.o(i.HAL_UART_Transmit)
    i.HAL_UART_TxCpltCallback                0x08002ff2   Section        0  stm32f1xx_hal_uart.o(i.HAL_UART_TxCpltCallback)
    i.HardFault_Handler                      0x08002ff4   Section        0  stm32f1xx_it.o(i.HardFault_Handler)
    i.MX_GPIO_Init                           0x08002ff8   Section        0  gpio.o(i.MX_GPIO_Init)
    i.MX_TIM2_Init                           0x08003090   Section        0  tim.o(i.MX_TIM2_Init)
    i.MX_USART1_UART_Init                    0x080030f4   Section        0  usart.o(i.MX_USART1_UART_Init)
    i.MemManage_Handler                      0x0800312c   Section        0  stm32f1xx_it.o(i.MemManage_Handler)
    i.My_Strcmp                              0x0800312e   Section        0  uart.o(i.My_Strcmp)
    i.NMI_Handler                            0x08003152   Section        0  stm32f1xx_it.o(i.NMI_Handler)
    i.OLED_Clear                             0x08003154   Section        0  oled.o(i.OLED_Clear)
    i.OLED_ClearArea                         0x0800317c   Section        0  oled.o(i.OLED_ClearArea)
    i.OLED_GPIO_Init                         0x080031e0   Section        0  oled.o(i.OLED_GPIO_Init)
    i.OLED_I2C_SendByte                      0x0800320a   Section        0  oled.o(i.OLED_I2C_SendByte)
    i.OLED_I2C_Start                         0x08003244   Section        0  oled.o(i.OLED_I2C_Start)
    i.OLED_I2C_Stop                          0x08003262   Section        0  oled.o(i.OLED_I2C_Stop)
    i.OLED_Init                              0x0800327a   Section        0  oled.o(i.OLED_Init)
    i.OLED_Printf                            0x08003316   Section        0  oled.o(i.OLED_Printf)
    i.OLED_SetCursor                         0x08003340   Section        0  oled.o(i.OLED_SetCursor)
    i.OLED_ShowChar                          0x08003364   Section        0  oled.o(i.OLED_ShowChar)
    i.OLED_ShowImage                         0x080033a8   Section        0  oled.o(i.OLED_ShowImage)
    i.OLED_ShowString                        0x08003458   Section        0  oled.o(i.OLED_ShowString)
    i.OLED_Update                            0x08003484   Section        0  oled.o(i.OLED_Update)
    i.OLED_W_SCL                             0x080034ac   Section        0  oled.o(i.OLED_W_SCL)
    i.OLED_W_SDA                             0x080034bc   Section        0  oled.o(i.OLED_W_SDA)
    i.OLED_WriteCommand                      0x080034cc   Section        0  oled.o(i.OLED_WriteCommand)
    i.OLED_WriteData                         0x080034ee   Section        0  oled.o(i.OLED_WriteData)
    i.PendSV_Handler                         0x0800351e   Section        0  stm32f1xx_it.o(i.PendSV_Handler)
    i.SVC_Handler                            0x08003520   Section        0  stm32f1xx_it.o(i.SVC_Handler)
    i.String_Copy                            0x08003522   Section        0  esp8266.o(i.String_Copy)
    i.SysTick_Handler                        0x08003536   Section        0  stm32f1xx_it.o(i.SysTick_Handler)
    i.SystemClock_Config                     0x0800353a   Section        0  main.o(i.SystemClock_Config)
    i.SystemInit                             0x08003598   Section        0  system_stm32f1xx.o(i.SystemInit)
    i.TIM2_IRQHandler                        0x0800359c   Section        0  stm32f1xx_it.o(i.TIM2_IRQHandler)
    i.TIM_Base_SetConfig                     0x080035a8   Section        0  stm32f1xx_hal_tim.o(i.TIM_Base_SetConfig)
    i.TIM_ETR_SetConfig                      0x08003620   Section        0  stm32f1xx_hal_tim.o(i.TIM_ETR_SetConfig)
    i.TIM_ITRx_SetConfig                     0x08003634   Section        0  stm32f1xx_hal_tim.o(i.TIM_ITRx_SetConfig)
    TIM_ITRx_SetConfig                       0x08003635   Thumb Code    16  stm32f1xx_hal_tim.o(i.TIM_ITRx_SetConfig)
    i.TIM_TI1_ConfigInputStage               0x08003644   Section        0  stm32f1xx_hal_tim.o(i.TIM_TI1_ConfigInputStage)
    TIM_TI1_ConfigInputStage                 0x08003645   Thumb Code    34  stm32f1xx_hal_tim.o(i.TIM_TI1_ConfigInputStage)
    i.TIM_TI2_ConfigInputStage               0x08003666   Section        0  stm32f1xx_hal_tim.o(i.TIM_TI2_ConfigInputStage)
    TIM_TI2_ConfigInputStage                 0x08003667   Thumb Code    36  stm32f1xx_hal_tim.o(i.TIM_TI2_ConfigInputStage)
    i.Timer_Init                             0x0800368c   Section        0  timer.o(i.Timer_Init)
    i.UART_DMAAbortOnError                   0x08003698   Section        0  stm32f1xx_hal_uart.o(i.UART_DMAAbortOnError)
    UART_DMAAbortOnError                     0x08003699   Thumb Code    16  stm32f1xx_hal_uart.o(i.UART_DMAAbortOnError)
    i.UART_EndRxTransfer                     0x080036a8   Section        0  stm32f1xx_hal_uart.o(i.UART_EndRxTransfer)
    UART_EndRxTransfer                       0x080036a9   Thumb Code    78  stm32f1xx_hal_uart.o(i.UART_EndRxTransfer)
    i.UART_Receive_IT                        0x080036f6   Section        0  stm32f1xx_hal_uart.o(i.UART_Receive_IT)
    UART_Receive_IT                          0x080036f7   Thumb Code   194  stm32f1xx_hal_uart.o(i.UART_Receive_IT)
    i.UART_SetConfig                         0x080037b8   Section        0  stm32f1xx_hal_uart.o(i.UART_SetConfig)
    UART_SetConfig                           0x080037b9   Thumb Code   178  stm32f1xx_hal_uart.o(i.UART_SetConfig)
    i.UART_Start_Receive_IT                  0x08003870   Section        0  stm32f1xx_hal_uart.o(i.UART_Start_Receive_IT)
    i.UART_WaitOnFlagUntilTimeout            0x080038a6   Section        0  stm32f1xx_hal_uart.o(i.UART_WaitOnFlagUntilTimeout)
    UART_WaitOnFlagUntilTimeout              0x080038a7   Thumb Code   114  stm32f1xx_hal_uart.o(i.UART_WaitOnFlagUntilTimeout)
    i.USART1_IRQHandler                      0x08003918   Section        0  stm32f1xx_it.o(i.USART1_IRQHandler)
    i.Uart_Init                              0x08003924   Section        0  uart.o(i.Uart_Init)
    i.UsageFault_Handler                     0x08003938   Section        0  stm32f1xx_it.o(i.UsageFault_Handler)
    i.__ARM_fpclassify                       0x0800393a   Section        0  fpclassify.o(i.__ARM_fpclassify)
    i.__NVIC_SetPriority                     0x08003962   Section        0  stm32f1xx_hal_cortex.o(i.__NVIC_SetPriority)
    __NVIC_SetPriority                       0x08003963   Thumb Code    32  stm32f1xx_hal_cortex.o(i.__NVIC_SetPriority)
    i._is_digit                              0x08003982   Section        0  __printf_wp.o(i._is_digit)
    i.main                                   0x08003990   Section        0  main.o(i.main)
    locale$$code                             0x080039d0   Section       44  lc_numeric_c.o(locale$$code)
    locale$$code                             0x080039fc   Section       44  lc_ctype_c.o(locale$$code)
    x$fpl$printf1                            0x08003a28   Section        4  printf1.o(x$fpl$printf1)
    x$fpl$printf2                            0x08003a2c   Section        4  printf2.o(x$fpl$printf2)
    .constdata                               0x08003a30   Section       18  stm32f1xx_hal_rcc.o(.constdata)
    x$fpl$usenofp                            0x08003a30   Section        0  usenofp.o(x$fpl$usenofp)
    aPredivFactorTable                       0x08003a30   Data           2  stm32f1xx_hal_rcc.o(.constdata)
    aPLLMULFactorTable                       0x08003a32   Data          16  stm32f1xx_hal_rcc.o(.constdata)
    .constdata                               0x08003a42   Section       16  system_stm32f1xx.o(.constdata)
    .constdata                               0x08003a52   Section        8  system_stm32f1xx.o(.constdata)
    .constdata                               0x08003a5a   Section     1520  oled_data.o(.constdata)
    .constdata                               0x0800404a   Section      570  oled_data.o(.constdata)
    .constdata                               0x08004284   Section       17  __printf_flags_ss_wp.o(.constdata)
    maptable                                 0x08004284   Data          17  __printf_flags_ss_wp.o(.constdata)
    .constdata                               0x08004298   Section        8  _printf_wctomb.o(.constdata)
    initial_mbstate                          0x08004298   Data           8  _printf_wctomb.o(.constdata)
    .constdata                               0x080042a0   Section       40  _printf_hex_int_ll_ptr.o(.constdata)
    uc_hextab                                0x080042a0   Data          20  _printf_hex_int_ll_ptr.o(.constdata)
    lc_hextab                                0x080042b4   Data          20  _printf_hex_int_ll_ptr.o(.constdata)
    .constdata                               0x080042c8   Section       38  _printf_fp_hex.o(.constdata)
    lc_hextab                                0x080042c8   Data          19  _printf_fp_hex.o(.constdata)
    uc_hextab                                0x080042db   Data          19  _printf_fp_hex.o(.constdata)
    .constdata                               0x080042f0   Section      148  bigflt0.o(.constdata)
    tenpwrs_x                                0x080042f0   Data          60  bigflt0.o(.constdata)
    tenpwrs_i                                0x0800432c   Data          64  bigflt0.o(.constdata)
    .conststring                             0x08004384   Section      116  esp8266.o(.conststring)
    locale$$data                             0x08004418   Section       28  lc_numeric_c.o(locale$$data)
    __lcnum_c_name                           0x0800441c   Data           2  lc_numeric_c.o(locale$$data)
    __lcnum_c_start                          0x08004424   Data           0  lc_numeric_c.o(locale$$data)
    __lcnum_c_point                          0x08004430   Data           0  lc_numeric_c.o(locale$$data)
    __lcnum_c_thousands                      0x08004432   Data           0  lc_numeric_c.o(locale$$data)
    __lcnum_c_grouping                       0x08004433   Data           0  lc_numeric_c.o(locale$$data)
    locale$$data                             0x08004434   Section      272  lc_ctype_c.o(locale$$data)
    __lcnum_c_end                            0x08004434   Data           0  lc_numeric_c.o(locale$$data)
    __lcctype_c_name                         0x08004438   Data           2  lc_ctype_c.o(locale$$data)
    __lcctype_c_start                        0x08004440   Data           0  lc_ctype_c.o(locale$$data)
    __lcctype_c_end                          0x08004544   Data           0  lc_ctype_c.o(locale$$data)
    .data                                    0x20000000   Section       12  stm32f1xx_hal.o(.data)
    .data                                    0x2000000c   Section        4  system_stm32f1xx.o(.data)
    .data                                    0x20000010   Section        8  esp8266.o(.data)
    .data                                    0x20000018   Section        8  uart.o(.data)
    .bss                                     0x20000020   Section       72  tim.o(.bss)
    .bss                                     0x20000068   Section       72  usart.o(.bss)
    .bss                                     0x200000b0   Section     1024  oled.o(.bss)
    .bss                                     0x200004b0   Section       50  esp8266.o(.bss)
    .bss                                     0x200004e2   Section      256  uart.o(.bss)
    .bss                                     0x200005e4   Section       96  libspace.o(.bss)
    HEAP                                     0x20000648   Section      512  startup_stm32f103xb.o(HEAP)
    Heap_Mem                                 0x20000648   Data         512  startup_stm32f103xb.o(HEAP)
    STACK                                    0x20000848   Section     1024  startup_stm32f103xb.o(STACK)
    Stack_Mem                                0x20000848   Data        1024  startup_stm32f103xb.o(STACK)
    __initial_sp                             0x20000c48   Data           0  startup_stm32f103xb.o(STACK)

    Global Symbols

    Symbol Name                              Value     Ov Type        Size  Object(Section)

    BuildAttributes$$THM_ISAv4$P$D$K$B$S$PE$A:L22UL41UL21$X:L11$S22US41US21$IEEE1$IW$USESV6$~STKCKD$USESV7$~SHL$OTIME$ROPI$IEEEX$EBA8$UX$STANDARDLIB$REQ8$PRES8$EABIv2 0x00000000   Number         0  anon$$obj.o ABSOLUTE
    __ARM_use_no_argv                        0x00000000   Number         0  main.o ABSOLUTE
    _printf_flags                            0x00000000   Number         0  printf_stubs.o ABSOLUTE
    _printf_return_value                     0x00000000   Number         0  printf_stubs.o ABSOLUTE
    _printf_sizespec                         0x00000000   Number         0  printf_stubs.o ABSOLUTE
    _printf_widthprec                        0x00000000   Number         0  printf_stubs.o ABSOLUTE
    __ARM_exceptions_init                     - Undefined Weak Reference
    __alloca_initialize                       - Undefined Weak Reference
    __arm_preinit_                            - Undefined Weak Reference
    __cpp_initialize__aeabi_                  - Undefined Weak Reference
    __cxa_finalize                            - Undefined Weak Reference
    __sigvec_lookup                           - Undefined Weak Reference
    _atexit_init                              - Undefined Weak Reference
    _call_atexit_fns                          - Undefined Weak Reference
    _clock_init                               - Undefined Weak Reference
    _fp_trap_init                             - Undefined Weak Reference
    _fp_trap_shutdown                         - Undefined Weak Reference
    _get_lc_collate                           - Undefined Weak Reference
    _get_lc_monetary                          - Undefined Weak Reference
    _get_lc_time                              - Undefined Weak Reference
    _getenv_init                              - Undefined Weak Reference
    _handle_redirection                       - Undefined Weak Reference
    _init_alloc                               - Undefined Weak Reference
    _init_user_alloc                          - Undefined Weak Reference
    _initio                                   - Undefined Weak Reference
    _printf_mbtowc                            - Undefined Weak Reference
    _printf_wc                                - Undefined Weak Reference
    _rand_init                                - Undefined Weak Reference
    _signal_finish                            - Undefined Weak Reference
    _signal_init                              - Undefined Weak Reference
    _terminate_alloc                          - Undefined Weak Reference
    _terminate_user_alloc                     - Undefined Weak Reference
    _terminateio                              - Undefined Weak Reference
    __Vectors_Size                           0x000000ec   Number         0  startup_stm32f103xb.o ABSOLUTE
    __Vectors                                0x08000000   Data           4  startup_stm32f103xb.o(RESET)
    __Vectors_End                            0x080000ec   Data           0  startup_stm32f103xb.o(RESET)
    __main                                   0x080000ed   Thumb Code     8  __main.o(!!!main)
    __scatterload                            0x080000f5   Thumb Code     0  __scatter.o(!!!scatter)
    __scatterload_rt2                        0x080000f5   Thumb Code    44  __scatter.o(!!!scatter)
    __scatterload_rt2_thumb_only             0x080000f5   Thumb Code     0  __scatter.o(!!!scatter)
    __scatterload_null                       0x08000103   Thumb Code     0  __scatter.o(!!!scatter)
    __scatterload_copy                       0x08000129   Thumb Code    26  __scatter_copy.o(!!handler_copy)
    __scatterload_zeroinit                   0x08000145   Thumb Code    28  __scatter_zi.o(!!handler_zi)
    _printf_n                                0x08000161   Thumb Code     0  _printf_n.o(.ARM.Collect$$_printf_percent$$00000001)
    _printf_percent                          0x08000161   Thumb Code     0  _printf_percent.o(.ARM.Collect$$_printf_percent$$00000000)
    _printf_p                                0x08000167   Thumb Code     0  _printf_p.o(.ARM.Collect$$_printf_percent$$00000002)
    _printf_f                                0x0800016d   Thumb Code     0  _printf_f.o(.ARM.Collect$$_printf_percent$$00000003)
    _printf_e                                0x08000173   Thumb Code     0  _printf_e.o(.ARM.Collect$$_printf_percent$$00000004)
    _printf_g                                0x08000179   Thumb Code     0  _printf_g.o(.ARM.Collect$$_printf_percent$$00000005)
    _printf_a                                0x0800017f   Thumb Code     0  _printf_a.o(.ARM.Collect$$_printf_percent$$00000006)
    _printf_ll                               0x08000185   Thumb Code     0  _printf_ll.o(.ARM.Collect$$_printf_percent$$00000007)
    _printf_i                                0x0800018f   Thumb Code     0  _printf_i.o(.ARM.Collect$$_printf_percent$$00000008)
    _printf_d                                0x08000195   Thumb Code     0  _printf_d.o(.ARM.Collect$$_printf_percent$$00000009)
    _printf_u                                0x0800019b   Thumb Code     0  _printf_u.o(.ARM.Collect$$_printf_percent$$0000000A)
    _printf_o                                0x080001a1   Thumb Code     0  _printf_o.o(.ARM.Collect$$_printf_percent$$0000000B)
    _printf_x                                0x080001a7   Thumb Code     0  _printf_x.o(.ARM.Collect$$_printf_percent$$0000000C)
    _printf_lli                              0x080001ad   Thumb Code     0  _printf_lli.o(.ARM.Collect$$_printf_percent$$0000000D)
    _printf_lld                              0x080001b3   Thumb Code     0  _printf_lld.o(.ARM.Collect$$_printf_percent$$0000000E)
    _printf_llu                              0x080001b9   Thumb Code     0  _printf_llu.o(.ARM.Collect$$_printf_percent$$0000000F)
    _printf_llo                              0x080001bf   Thumb Code     0  _printf_llo.o(.ARM.Collect$$_printf_percent$$00000010)
    _printf_llx                              0x080001c5   Thumb Code     0  _printf_llx.o(.ARM.Collect$$_printf_percent$$00000011)
    _printf_l                                0x080001cb   Thumb Code     0  _printf_l.o(.ARM.Collect$$_printf_percent$$00000012)
    _printf_c                                0x080001d5   Thumb Code     0  _printf_c.o(.ARM.Collect$$_printf_percent$$00000013)
    _printf_s                                0x080001db   Thumb Code     0  _printf_s.o(.ARM.Collect$$_printf_percent$$00000014)
    _printf_lc                               0x080001e1   Thumb Code     0  _printf_lc.o(.ARM.Collect$$_printf_percent$$00000015)
    _printf_ls                               0x080001e7   Thumb Code     0  _printf_ls.o(.ARM.Collect$$_printf_percent$$00000016)
    _printf_percent_end                      0x080001ed   Thumb Code     0  _printf_percent_end.o(.ARM.Collect$$_printf_percent$$00000017)
    __rt_lib_init                            0x080001f1   Thumb Code     0  libinit.o(.ARM.Collect$$libinit$$00000000)
    __rt_lib_init_fp_1                       0x080001f3   Thumb Code     0  libinit2.o(.ARM.Collect$$libinit$$00000002)
    __rt_lib_init_heap_1                     0x080001f3   Thumb Code     0  libinit2.o(.ARM.Collect$$libinit$$0000000A)
    __rt_lib_init_lc_common                  0x080001f3   Thumb Code     0  libinit2.o(.ARM.Collect$$libinit$$0000000F)
    __rt_lib_init_preinit_1                  0x080001f3   Thumb Code     0  libinit2.o(.ARM.Collect$$libinit$$00000004)
    __rt_lib_init_rand_1                     0x080001f3   Thumb Code     0  libinit2.o(.ARM.Collect$$libinit$$0000000E)
    __rt_lib_init_user_alloc_1               0x080001f3   Thumb Code     0  libinit2.o(.ARM.Collect$$libinit$$0000000C)
    __rt_lib_init_lc_collate_1               0x080001f9   Thumb Code     0  libinit2.o(.ARM.Collect$$libinit$$00000011)
    __rt_lib_init_lc_ctype_2                 0x080001f9   Thumb Code     0  libinit2.o(.ARM.Collect$$libinit$$00000012)
    __rt_lib_init_lc_ctype_1                 0x08000205   Thumb Code     0  libinit2.o(.ARM.Collect$$libinit$$00000013)
    __rt_lib_init_lc_monetary_1              0x08000205   Thumb Code     0  libinit2.o(.ARM.Collect$$libinit$$00000015)
    __rt_lib_init_lc_numeric_2               0x08000205   Thumb Code     0  libinit2.o(.ARM.Collect$$libinit$$00000016)
    __rt_lib_init_alloca_1                   0x0800020f   Thumb Code     0  libinit2.o(.ARM.Collect$$libinit$$0000002E)
    __rt_lib_init_argv_1                     0x0800020f   Thumb Code     0  libinit2.o(.ARM.Collect$$libinit$$0000002C)
    __rt_lib_init_atexit_1                   0x0800020f   Thumb Code     0  libinit2.o(.ARM.Collect$$libinit$$0000001B)
    __rt_lib_init_clock_1                    0x0800020f   Thumb Code     0  libinit2.o(.ARM.Collect$$libinit$$00000021)
    __rt_lib_init_cpp_1                      0x0800020f   Thumb Code     0  libinit2.o(.ARM.Collect$$libinit$$00000032)
    __rt_lib_init_exceptions_1               0x0800020f   Thumb Code     0  libinit2.o(.ARM.Collect$$libinit$$00000030)
    __rt_lib_init_fp_trap_1                  0x0800020f   Thumb Code     0  libinit2.o(.ARM.Collect$$libinit$$0000001F)
    __rt_lib_init_getenv_1                   0x0800020f   Thumb Code     0  libinit2.o(.ARM.Collect$$libinit$$00000023)
    __rt_lib_init_lc_numeric_1               0x0800020f   Thumb Code     0  libinit2.o(.ARM.Collect$$libinit$$00000017)
    __rt_lib_init_lc_time_1                  0x0800020f   Thumb Code     0  libinit2.o(.ARM.Collect$$libinit$$00000019)
    __rt_lib_init_return                     0x0800020f   Thumb Code     0  libinit2.o(.ARM.Collect$$libinit$$00000033)
    __rt_lib_init_signal_1                   0x0800020f   Thumb Code     0  libinit2.o(.ARM.Collect$$libinit$$0000001D)
    __rt_lib_init_stdio_1                    0x0800020f   Thumb Code     0  libinit2.o(.ARM.Collect$$libinit$$00000025)
    __rt_lib_shutdown                        0x08000211   Thumb Code     0  libshutdown.o(.ARM.Collect$$libshutdown$$00000000)
    __rt_lib_shutdown_cpp_1                  0x08000213   Thumb Code     0  libshutdown2.o(.ARM.Collect$$libshutdown$$00000002)
    __rt_lib_shutdown_fp_trap_1              0x08000213   Thumb Code     0  libshutdown2.o(.ARM.Collect$$libshutdown$$00000007)
    __rt_lib_shutdown_heap_1                 0x08000213   Thumb Code     0  libshutdown2.o(.ARM.Collect$$libshutdown$$0000000F)
    __rt_lib_shutdown_return                 0x08000213   Thumb Code     0  libshutdown2.o(.ARM.Collect$$libshutdown$$00000010)
    __rt_lib_shutdown_signal_1               0x08000213   Thumb Code     0  libshutdown2.o(.ARM.Collect$$libshutdown$$0000000A)
    __rt_lib_shutdown_stdio_1                0x08000213   Thumb Code     0  libshutdown2.o(.ARM.Collect$$libshutdown$$00000004)
    __rt_lib_shutdown_user_alloc_1           0x08000213   Thumb Code     0  libshutdown2.o(.ARM.Collect$$libshutdown$$0000000C)
    __rt_entry                               0x08000215   Thumb Code     0  __rtentry.o(.ARM.Collect$$rtentry$$00000000)
    __rt_entry_presh_1                       0x08000215   Thumb Code     0  __rtentry2.o(.ARM.Collect$$rtentry$$00000002)
    __rt_entry_sh                            0x08000215   Thumb Code     0  __rtentry4.o(.ARM.Collect$$rtentry$$00000004)
    __rt_entry_li                            0x0800021b   Thumb Code     0  __rtentry2.o(.ARM.Collect$$rtentry$$0000000A)
    __rt_entry_postsh_1                      0x0800021b   Thumb Code     0  __rtentry2.o(.ARM.Collect$$rtentry$$00000009)
    __rt_entry_main                          0x0800021f   Thumb Code     0  __rtentry2.o(.ARM.Collect$$rtentry$$0000000D)
    __rt_entry_postli_1                      0x0800021f   Thumb Code     0  __rtentry2.o(.ARM.Collect$$rtentry$$0000000C)
    __rt_exit                                0x08000227   Thumb Code     0  rtexit.o(.ARM.Collect$$rtexit$$00000000)
    __rt_exit_ls                             0x08000229   Thumb Code     0  rtexit2.o(.ARM.Collect$$rtexit$$00000003)
    __rt_exit_prels_1                        0x08000229   Thumb Code     0  rtexit2.o(.ARM.Collect$$rtexit$$00000002)
    __rt_exit_exit                           0x0800022d   Thumb Code     0  rtexit2.o(.ARM.Collect$$rtexit$$00000004)
    Reset_Handler                            0x08000235   Thumb Code     8  startup_stm32f103xb.o(.text)
    ADC1_2_IRQHandler                        0x0800024f   Thumb Code     0  startup_stm32f103xb.o(.text)
    CAN1_RX1_IRQHandler                      0x0800024f   Thumb Code     0  startup_stm32f103xb.o(.text)
    CAN1_SCE_IRQHandler                      0x0800024f   Thumb Code     0  startup_stm32f103xb.o(.text)
    DMA1_Channel1_IRQHandler                 0x0800024f   Thumb Code     0  startup_stm32f103xb.o(.text)
    DMA1_Channel2_IRQHandler                 0x0800024f   Thumb Code     0  startup_stm32f103xb.o(.text)
    DMA1_Channel3_IRQHandler                 0x0800024f   Thumb Code     0  startup_stm32f103xb.o(.text)
    DMA1_Channel4_IRQHandler                 0x0800024f   Thumb Code     0  startup_stm32f103xb.o(.text)
    DMA1_Channel5_IRQHandler                 0x0800024f   Thumb Code     0  startup_stm32f103xb.o(.text)
    DMA1_Channel6_IRQHandler                 0x0800024f   Thumb Code     0  startup_stm32f103xb.o(.text)
    DMA1_Channel7_IRQHandler                 0x0800024f   Thumb Code     0  startup_stm32f103xb.o(.text)
    EXTI0_IRQHandler                         0x0800024f   Thumb Code     0  startup_stm32f103xb.o(.text)
    EXTI15_10_IRQHandler                     0x0800024f   Thumb Code     0  startup_stm32f103xb.o(.text)
    EXTI1_IRQHandler                         0x0800024f   Thumb Code     0  startup_stm32f103xb.o(.text)
    EXTI2_IRQHandler                         0x0800024f   Thumb Code     0  startup_stm32f103xb.o(.text)
    EXTI3_IRQHandler                         0x0800024f   Thumb Code     0  startup_stm32f103xb.o(.text)
    EXTI4_IRQHandler                         0x0800024f   Thumb Code     0  startup_stm32f103xb.o(.text)
    EXTI9_5_IRQHandler                       0x0800024f   Thumb Code     0  startup_stm32f103xb.o(.text)
    FLASH_IRQHandler                         0x0800024f   Thumb Code     0  startup_stm32f103xb.o(.text)
    I2C1_ER_IRQHandler                       0x0800024f   Thumb Code     0  startup_stm32f103xb.o(.text)
    I2C1_EV_IRQHandler                       0x0800024f   Thumb Code     0  startup_stm32f103xb.o(.text)
    I2C2_ER_IRQHandler                       0x0800024f   Thumb Code     0  startup_stm32f103xb.o(.text)
    I2C2_EV_IRQHandler                       0x0800024f   Thumb Code     0  startup_stm32f103xb.o(.text)
    PVD_IRQHandler                           0x0800024f   Thumb Code     0  startup_stm32f103xb.o(.text)
    RCC_IRQHandler                           0x0800024f   Thumb Code     0  startup_stm32f103xb.o(.text)
    RTC_Alarm_IRQHandler                     0x0800024f   Thumb Code     0  startup_stm32f103xb.o(.text)
    RTC_IRQHandler                           0x0800024f   Thumb Code     0  startup_stm32f103xb.o(.text)
    SPI1_IRQHandler                          0x0800024f   Thumb Code     0  startup_stm32f103xb.o(.text)
    SPI2_IRQHandler                          0x0800024f   Thumb Code     0  startup_stm32f103xb.o(.text)
    TAMPER_IRQHandler                        0x0800024f   Thumb Code     0  startup_stm32f103xb.o(.text)
    TIM1_BRK_IRQHandler                      0x0800024f   Thumb Code     0  startup_stm32f103xb.o(.text)
    TIM1_CC_IRQHandler                       0x0800024f   Thumb Code     0  startup_stm32f103xb.o(.text)
    TIM1_TRG_COM_IRQHandler                  0x0800024f   Thumb Code     0  startup_stm32f103xb.o(.text)
    TIM1_UP_IRQHandler                       0x0800024f   Thumb Code     0  startup_stm32f103xb.o(.text)
    TIM3_IRQHandler                          0x0800024f   Thumb Code     0  startup_stm32f103xb.o(.text)
    TIM4_IRQHandler                          0x0800024f   Thumb Code     0  startup_stm32f103xb.o(.text)
    USART2_IRQHandler                        0x0800024f   Thumb Code     0  startup_stm32f103xb.o(.text)
    USART3_IRQHandler                        0x0800024f   Thumb Code     0  startup_stm32f103xb.o(.text)
    USBWakeUp_IRQHandler                     0x0800024f   Thumb Code     0  startup_stm32f103xb.o(.text)
    USB_HP_CAN1_TX_IRQHandler                0x0800024f   Thumb Code     0  startup_stm32f103xb.o(.text)
    USB_LP_CAN1_RX0_IRQHandler               0x0800024f   Thumb Code     0  startup_stm32f103xb.o(.text)
    WWDG_IRQHandler                          0x0800024f   Thumb Code     0  startup_stm32f103xb.o(.text)
    __user_initial_stackheap                 0x08000251   Thumb Code     0  startup_stm32f103xb.o(.text)
    vsprintf                                 0x08000275   Thumb Code    32  vsprintf.o(.text)
    __2sprintf                               0x08000299   Thumb Code    38  __2sprintf.o(.text)
    _printf_str                              0x080002c5   Thumb Code    82  _printf_str.o(.text)
    __printf                                 0x08000319   Thumb Code   388  __printf_flags_ss_wp.o(.text)
    __aeabi_memclr                           0x080004a1   Thumb Code     0  rt_memclr.o(.text)
    __rt_memclr                              0x080004a1   Thumb Code    68  rt_memclr.o(.text)
    _memset                                  0x080004a5   Thumb Code     0  rt_memclr.o(.text)
    __aeabi_memclr4                          0x080004e5   Thumb Code     0  rt_memclr_w.o(.text)
    __aeabi_memclr8                          0x080004e5   Thumb Code     0  rt_memclr_w.o(.text)
    __rt_memclr_w                            0x080004e5   Thumb Code    78  rt_memclr_w.o(.text)
    _memset_w                                0x080004e9   Thumb Code     0  rt_memclr_w.o(.text)
    strcmp                                   0x08000535   Thumb Code   128  strcmpv7m.o(.text)
    __use_two_region_memory                  0x080005b5   Thumb Code     2  heapauxi.o(.text)
    __rt_heap_escrow$2region                 0x080005b7   Thumb Code     2  heapauxi.o(.text)
    __rt_heap_expand$2region                 0x080005b9   Thumb Code     2  heapauxi.o(.text)
    _printf_pre_padding                      0x080005bb   Thumb Code    44  _printf_pad.o(.text)
    _printf_post_padding                     0x080005e7   Thumb Code    34  _printf_pad.o(.text)
    _printf_truncate_signed                  0x08000609   Thumb Code    18  _printf_truncate.o(.text)
    _printf_truncate_unsigned                0x0800061b   Thumb Code    18  _printf_truncate.o(.text)
    _printf_int_dec                          0x0800062d   Thumb Code   104  _printf_dec.o(.text)
    _printf_charcount                        0x080006a5   Thumb Code    40  _printf_charcount.o(.text)
    _printf_char_common                      0x080006d7   Thumb Code    32  _printf_char_common.o(.text)
    _sputc                                   0x080006fd   Thumb Code    10  _sputc.o(.text)
    _printf_cs_common                        0x08000707   Thumb Code    20  _printf_char.o(.text)
    _printf_char                             0x0800071b   Thumb Code    16  _printf_char.o(.text)
    _printf_string                           0x0800072b   Thumb Code     8  _printf_char.o(.text)
    _printf_wctomb                           0x08000735   Thumb Code   182  _printf_wctomb.o(.text)
    _printf_longlong_dec                     0x080007f1   Thumb Code   108  _printf_longlong_dec.o(.text)
    _printf_longlong_oct                     0x0800086d   Thumb Code    66  _printf_oct_int_ll.o(.text)
    _printf_int_oct                          0x080008af   Thumb Code    24  _printf_oct_int_ll.o(.text)
    _printf_ll_oct                           0x080008c7   Thumb Code    12  _printf_oct_int_ll.o(.text)
    _printf_longlong_hex                     0x080008dd   Thumb Code    86  _printf_hex_int_ll_ptr.o(.text)
    _printf_int_hex                          0x08000933   Thumb Code    28  _printf_hex_int_ll_ptr.o(.text)
    _printf_ll_hex                           0x0800094f   Thumb Code    12  _printf_hex_int_ll_ptr.o(.text)
    _printf_hex_ptr                          0x0800095b   Thumb Code    18  _printf_hex_int_ll_ptr.o(.text)
    _ll_udiv10                               0x08000971   Thumb Code   138  lludiv10.o(.text)
    _printf_int_common                       0x080009fb   Thumb Code   178  _printf_intcommon.o(.text)
    __lib_sel_fp_printf                      0x08000aad   Thumb Code     2  _printf_fp_dec.o(.text)
    _printf_fp_dec_real                      0x08000c5f   Thumb Code   620  _printf_fp_dec.o(.text)
    _printf_fp_hex_real                      0x08000ecd   Thumb Code   756  _printf_fp_hex.o(.text)
    _printf_lcs_common                       0x080011c9   Thumb Code    20  _printf_wchar.o(.text)
    _printf_wchar                            0x080011dd   Thumb Code    16  _printf_wchar.o(.text)
    _printf_wstring                          0x080011ed   Thumb Code     8  _printf_wchar.o(.text)
    _wcrtomb                                 0x080011f5   Thumb Code    64  _wcrtomb.o(.text)
    __user_libspace                          0x08001235   Thumb Code     8  libspace.o(.text)
    __user_perproc_libspace                  0x08001235   Thumb Code     0  libspace.o(.text)
    __user_perthread_libspace                0x08001235   Thumb Code     0  libspace.o(.text)
    __user_setup_stackheap                   0x0800123d   Thumb Code    74  sys_stackheap_outer.o(.text)
    __rt_ctype_table                         0x08001289   Thumb Code    16  rt_ctype_table.o(.text)
    __rt_locale                              0x08001299   Thumb Code     8  rt_locale_intlibspace.o(.text)
    _printf_fp_infnan                        0x080012a1   Thumb Code   112  _printf_fp_infnan.o(.text)
    _btod_etento                             0x08001321   Thumb Code   224  bigflt0.o(.text)
    exit                                     0x08001405   Thumb Code    18  exit.o(.text)
    _sys_exit                                0x08001419   Thumb Code     8  sys_exit.o(.text)
    __I$use$semihosting                      0x08001425   Thumb Code     0  use_no_semi.o(.text)
    __use_no_semihosting_swi                 0x08001425   Thumb Code     2  use_no_semi.o(.text)
    __semihosting_library_function           0x08001427   Thumb Code     0  indicate_semi.o(.text)
    _btod_d2e                                0x08001427   Thumb Code    62  btod.o(CL$$btod_d2e)
    _d2e_denorm_low                          0x08001465   Thumb Code    70  btod.o(CL$$btod_d2e_denorm_low)
    _d2e_norm_op1                            0x080014ab   Thumb Code    96  btod.o(CL$$btod_d2e_norm_op1)
    __btod_div_common                        0x0800150b   Thumb Code   696  btod.o(CL$$btod_div_common)
    _e2e                                     0x08001843   Thumb Code   220  btod.o(CL$$btod_e2e)
    _btod_ediv                               0x0800191f   Thumb Code    42  btod.o(CL$$btod_ediv)
    _btod_emul                               0x08001949   Thumb Code    42  btod.o(CL$$btod_emul)
    __btod_mult_common                       0x08001973   Thumb Code   580  btod.o(CL$$btod_mult_common)
    AT_Send                                  0x08001bb9   Thumb Code   196  esp8266.o(i.AT_Send)
    BusFault_Handler                         0x08001d0d   Thumb Code     2  stm32f1xx_it.o(i.BusFault_Handler)
    DebugMon_Handler                         0x08001d0f   Thumb Code     2  stm32f1xx_it.o(i.DebugMon_Handler)
    ESP8266_GetTime                          0x08001d11   Thumb Code    80  esp8266.o(i.ESP8266_GetTime)
    ESP8266_Init                             0x08001d69   Thumb Code    42  esp8266.o(i.ESP8266_Init)
    ESP8266_RST                              0x08001dd5   Thumb Code    36  esp8266.o(i.ESP8266_RST)
    ESP8266_SendString                       0x08001dfd   Thumb Code    24  esp8266.o(i.ESP8266_SendString)
    Error_Handler                            0x08001e25   Thumb Code     4  main.o(i.Error_Handler)
    Exit_CIPMODE_1                           0x08001e29   Thumb Code    24  esp8266.o(i.Exit_CIPMODE_1)
    HAL_DMA_Abort                            0x08001e49   Thumb Code    70  stm32f1xx_hal_dma.o(i.HAL_DMA_Abort)
    HAL_DMA_Abort_IT                         0x08001e91   Thumb Code   148  stm32f1xx_hal_dma.o(i.HAL_DMA_Abort_IT)
    HAL_Delay                                0x08001f29   Thumb Code    32  stm32f1xx_hal.o(i.HAL_Delay)
    HAL_GPIO_Init                            0x08001f4d   Thumb Code   446  stm32f1xx_hal_gpio.o(i.HAL_GPIO_Init)
    HAL_GPIO_WritePin                        0x0800212d   Thumb Code    10  stm32f1xx_hal_gpio.o(i.HAL_GPIO_WritePin)
    HAL_GetTick                              0x08002139   Thumb Code     6  stm32f1xx_hal.o(i.HAL_GetTick)
    HAL_IncTick                              0x08002145   Thumb Code    12  stm32f1xx_hal.o(i.HAL_IncTick)
    HAL_Init                                 0x08002155   Thumb Code    32  stm32f1xx_hal.o(i.HAL_Init)
    HAL_InitTick                             0x08002179   Thumb Code    54  stm32f1xx_hal.o(i.HAL_InitTick)
    HAL_MspInit                              0x080021b9   Thumb Code    52  stm32f1xx_hal_msp.o(i.HAL_MspInit)
    HAL_NVIC_EnableIRQ                       0x080021f5   Thumb Code    26  stm32f1xx_hal_cortex.o(i.HAL_NVIC_EnableIRQ)
    HAL_NVIC_SetPriority                     0x08002211   Thumb Code    60  stm32f1xx_hal_cortex.o(i.HAL_NVIC_SetPriority)
    HAL_NVIC_SetPriorityGrouping             0x08002251   Thumb Code    26  stm32f1xx_hal_cortex.o(i.HAL_NVIC_SetPriorityGrouping)
    HAL_RCC_ClockConfig                      0x08002275   Thumb Code   280  stm32f1xx_hal_rcc.o(i.HAL_RCC_ClockConfig)
    HAL_RCC_GetPCLK1Freq                     0x080023a1   Thumb Code    20  stm32f1xx_hal_rcc.o(i.HAL_RCC_GetPCLK1Freq)
    HAL_RCC_GetPCLK2Freq                     0x080023c1   Thumb Code    20  stm32f1xx_hal_rcc.o(i.HAL_RCC_GetPCLK2Freq)
    HAL_RCC_GetSysClockFreq                  0x080023e1   Thumb Code    58  stm32f1xx_hal_rcc.o(i.HAL_RCC_GetSysClockFreq)
    HAL_RCC_OscConfig                        0x0800242d   Thumb Code   778  stm32f1xx_hal_rcc.o(i.HAL_RCC_OscConfig)
    HAL_SYSTICK_Config                       0x0800274d   Thumb Code    40  stm32f1xx_hal_cortex.o(i.HAL_SYSTICK_Config)
    HAL_TIMEx_BreakCallback                  0x08002775   Thumb Code     2  stm32f1xx_hal_tim_ex.o(i.HAL_TIMEx_BreakCallback)
    HAL_TIMEx_CommutCallback                 0x08002777   Thumb Code     2  stm32f1xx_hal_tim_ex.o(i.HAL_TIMEx_CommutCallback)
    HAL_TIMEx_MasterConfigSynchronization    0x08002779   Thumb Code    92  stm32f1xx_hal_tim_ex.o(i.HAL_TIMEx_MasterConfigSynchronization)
    HAL_TIM_Base_Init                        0x080027e1   Thumb Code    90  stm32f1xx_hal_tim.o(i.HAL_TIM_Base_Init)
    HAL_TIM_Base_MspInit                     0x0800283d   Thumb Code    50  tim.o(i.HAL_TIM_Base_MspInit)
    HAL_TIM_Base_Start_IT                    0x08002875   Thumb Code    76  stm32f1xx_hal_tim.o(i.HAL_TIM_Base_Start_IT)
    HAL_TIM_ConfigClockSource                0x080028cd   Thumb Code   220  stm32f1xx_hal_tim.o(i.HAL_TIM_ConfigClockSource)
    HAL_TIM_IC_CaptureCallback               0x080029a9   Thumb Code     2  stm32f1xx_hal_tim.o(i.HAL_TIM_IC_CaptureCallback)
    HAL_TIM_IRQHandler                       0x080029ab   Thumb Code   304  stm32f1xx_hal_tim.o(i.HAL_TIM_IRQHandler)
    HAL_TIM_OC_DelayElapsedCallback          0x08002adb   Thumb Code     2  stm32f1xx_hal_tim.o(i.HAL_TIM_OC_DelayElapsedCallback)
    HAL_TIM_PWM_PulseFinishedCallback        0x08002add   Thumb Code     2  stm32f1xx_hal_tim.o(i.HAL_TIM_PWM_PulseFinishedCallback)
    HAL_TIM_PeriodElapsedCallback            0x08002ae1   Thumb Code    10  timer.o(i.HAL_TIM_PeriodElapsedCallback)
    HAL_TIM_TriggerCallback                  0x08002af1   Thumb Code     2  stm32f1xx_hal_tim.o(i.HAL_TIM_TriggerCallback)
    HAL_UARTEx_ReceiveToIdle_IT              0x08002af3   Thumb Code    78  stm32f1xx_hal_uart.o(i.HAL_UARTEx_ReceiveToIdle_IT)
    HAL_UARTEx_RxEventCallback               0x08002b41   Thumb Code   146  uart.o(i.HAL_UARTEx_RxEventCallback)
    HAL_UART_ErrorCallback                   0x08002bfd   Thumb Code     2  stm32f1xx_hal_uart.o(i.HAL_UART_ErrorCallback)
    HAL_UART_IRQHandler                      0x08002c01   Thumb Code   616  stm32f1xx_hal_uart.o(i.HAL_UART_IRQHandler)
    HAL_UART_Init                            0x08002e6d   Thumb Code   100  stm32f1xx_hal_uart.o(i.HAL_UART_Init)
    HAL_UART_MspInit                         0x08002ed1   Thumb Code   116  usart.o(i.HAL_UART_MspInit)
    HAL_UART_RxCpltCallback                  0x08002f51   Thumb Code     2  stm32f1xx_hal_uart.o(i.HAL_UART_RxCpltCallback)
    HAL_UART_Transmit                        0x08002f53   Thumb Code   160  stm32f1xx_hal_uart.o(i.HAL_UART_Transmit)
    HAL_UART_TxCpltCallback                  0x08002ff3   Thumb Code     2  stm32f1xx_hal_uart.o(i.HAL_UART_TxCpltCallback)
    HardFault_Handler                        0x08002ff5   Thumb Code     2  stm32f1xx_it.o(i.HardFault_Handler)
    MX_GPIO_Init                             0x08002ff9   Thumb Code   140  gpio.o(i.MX_GPIO_Init)
    MX_TIM2_Init                             0x08003091   Thumb Code    96  tim.o(i.MX_TIM2_Init)
    MX_USART1_UART_Init                      0x080030f5   Thumb Code    48  usart.o(i.MX_USART1_UART_Init)
    MemManage_Handler                        0x0800312d   Thumb Code     2  stm32f1xx_it.o(i.MemManage_Handler)
    My_Strcmp                                0x0800312f   Thumb Code    36  uart.o(i.My_Strcmp)
    NMI_Handler                              0x08003153   Thumb Code     2  stm32f1xx_it.o(i.NMI_Handler)
    OLED_Clear                               0x08003155   Thumb Code    34  oled.o(i.OLED_Clear)
    OLED_ClearArea                           0x0800317d   Thumb Code    94  oled.o(i.OLED_ClearArea)
    OLED_GPIO_Init                           0x080031e1   Thumb Code    42  oled.o(i.OLED_GPIO_Init)
    OLED_I2C_SendByte                        0x0800320b   Thumb Code    58  oled.o(i.OLED_I2C_SendByte)
    OLED_I2C_Start                           0x08003245   Thumb Code    30  oled.o(i.OLED_I2C_Start)
    OLED_I2C_Stop                            0x08003263   Thumb Code    24  oled.o(i.OLED_I2C_Stop)
    OLED_Init                                0x0800327b   Thumb Code   156  oled.o(i.OLED_Init)
    OLED_Printf                              0x08003317   Thumb Code    42  oled.o(i.OLED_Printf)
    OLED_SetCursor                           0x08003341   Thumb Code    34  oled.o(i.OLED_SetCursor)
    OLED_ShowChar                            0x08003365   Thumb Code    60  oled.o(i.OLED_ShowChar)
    OLED_ShowImage                           0x080033a9   Thumb Code   170  oled.o(i.OLED_ShowImage)
    OLED_ShowString                          0x08003459   Thumb Code    44  oled.o(i.OLED_ShowString)
    OLED_Update                              0x08003485   Thumb Code    34  oled.o(i.OLED_Update)
    OLED_W_SCL                               0x080034ad   Thumb Code    12  oled.o(i.OLED_W_SCL)
    OLED_W_SDA                               0x080034bd   Thumb Code    12  oled.o(i.OLED_W_SDA)
    OLED_WriteCommand                        0x080034cd   Thumb Code    34  oled.o(i.OLED_WriteCommand)
    OLED_WriteData                           0x080034ef   Thumb Code    48  oled.o(i.OLED_WriteData)
    PendSV_Handler                           0x0800351f   Thumb Code     2  stm32f1xx_it.o(i.PendSV_Handler)
    SVC_Handler                              0x08003521   Thumb Code     2  stm32f1xx_it.o(i.SVC_Handler)
    String_Copy                              0x08003523   Thumb Code    20  esp8266.o(i.String_Copy)
    SysTick_Handler                          0x08003537   Thumb Code     4  stm32f1xx_it.o(i.SysTick_Handler)
    SystemClock_Config                       0x0800353b   Thumb Code    94  main.o(i.SystemClock_Config)
    SystemInit                               0x08003599   Thumb Code     2  system_stm32f1xx.o(i.SystemInit)
    TIM2_IRQHandler                          0x0800359d   Thumb Code     6  stm32f1xx_it.o(i.TIM2_IRQHandler)
    TIM_Base_SetConfig                       0x080035a9   Thumb Code   108  stm32f1xx_hal_tim.o(i.TIM_Base_SetConfig)
    TIM_ETR_SetConfig                        0x08003621   Thumb Code    20  stm32f1xx_hal_tim.o(i.TIM_ETR_SetConfig)
    Timer_Init                               0x0800368d   Thumb Code     6  timer.o(i.Timer_Init)
    UART_Start_Receive_IT                    0x08003871   Thumb Code    54  stm32f1xx_hal_uart.o(i.UART_Start_Receive_IT)
    USART1_IRQHandler                        0x08003919   Thumb Code     6  stm32f1xx_it.o(i.USART1_IRQHandler)
    Uart_Init                                0x08003925   Thumb Code    10  uart.o(i.Uart_Init)
    UsageFault_Handler                       0x08003939   Thumb Code     2  stm32f1xx_it.o(i.UsageFault_Handler)
    __ARM_fpclassify                         0x0800393b   Thumb Code    40  fpclassify.o(i.__ARM_fpclassify)
    _is_digit                                0x08003983   Thumb Code    14  __printf_wp.o(i._is_digit)
    main                                     0x08003991   Thumb Code    58  main.o(i.main)
    _get_lc_numeric                          0x080039d1   Thumb Code    44  lc_numeric_c.o(locale$$code)
    _get_lc_ctype                            0x080039fd   Thumb Code    44  lc_ctype_c.o(locale$$code)
    _printf_fp_dec                           0x08003a29   Thumb Code     4  printf1.o(x$fpl$printf1)
    _printf_fp_hex                           0x08003a2d   Thumb Code     4  printf2.o(x$fpl$printf2)
    __I$use$fp                               0x08003a30   Number         0  usenofp.o(x$fpl$usenofp)
    AHBPrescTable                            0x08003a42   Data          16  system_stm32f1xx.o(.constdata)
    APBPrescTable                            0x08003a52   Data           8  system_stm32f1xx.o(.constdata)
    OLED_F8x16                               0x08003a5a   Data        1520  oled_data.o(.constdata)
    OLED_F6x8                                0x0800404a   Data         570  oled_data.o(.constdata)
    Region$$Table$$Base                      0x080043f8   Number         0  anon$$obj.o(Region$$Table)
    Region$$Table$$Limit                     0x08004418   Number         0  anon$$obj.o(Region$$Table)
    __ctype                                  0x08004441   Data           0  lc_ctype_c.o(locale$$data)
    uwTickFreq                               0x20000000   Data           1  stm32f1xx_hal.o(.data)
    uwTickPrio                               0x20000004   Data           4  stm32f1xx_hal.o(.data)
    uwTick                                   0x20000008   Data           4  stm32f1xx_hal.o(.data)
    SystemCoreClock                          0x2000000c   Data           4  system_stm32f1xx.o(.data)
    OK_Flag                                  0x20000010   Data           1  esp8266.o(.data)
    Error_Cmd                                0x20000011   Data           1  esp8266.o(.data)
    Error_Time                               0x20000014   Data           4  esp8266.o(.data)
    Receive_Flag                             0x20000018   Data           1  uart.o(.data)
    Receive_Data                             0x20000019   Data           2  uart.o(.data)
    Cache_Count                              0x2000001c   Data           4  uart.o(.data)
    htim2                                    0x20000020   Data          72  tim.o(.bss)
    huart1                                   0x20000068   Data          72  usart.o(.bss)
    OLED_DisplayBuf                          0x200000b0   Data        1024  oled.o(.bss)
    Time_YMD                                 0x200004b0   Data          11  esp8266.o(.bss)
    Time_HMS                                 0x200004bb   Data           9  esp8266.o(.bss)
    Time_Receive                             0x200004c4   Data          30  esp8266.o(.bss)
    Cache_Data                               0x200004e2   Data         256  uart.o(.bss)
    __libspace_start                         0x200005e4   Data          96  libspace.o(.bss)
    __temporary_stack_top$libspace           0x20000644   Data           0  libspace.o(.bss)



==============================================================================

Memory Map of the image

  Image Entry point : 0x080000ed

  Load Region LR_IROM1 (Base: 0x08000000, Size: 0x00004564, Max: 0x00010000, ABSOLUTE)

    Execution Region ER_IROM1 (Exec base: 0x08000000, Load base: 0x08000000, Size: 0x00004544, Max: 0x00010000, ABSOLUTE)

    Exec Addr    Load Addr    Size         Type   Attr      Idx    E Section Name        Object

    0x08000000   0x08000000   0x000000ec   Data   RO            3    RESET               startup_stm32f103xb.o
    0x080000ec   0x080000ec   0x00000008   Code   RO         3217  * !!!main             c_w.l(__main.o)
    0x080000f4   0x080000f4   0x00000034   Code   RO         3618    !!!scatter          c_w.l(__scatter.o)
    0x08000128   0x08000128   0x0000001a   Code   RO         3620    !!handler_copy      c_w.l(__scatter_copy.o)
    0x08000142   0x08000142   0x00000002   PAD
    0x08000144   0x08000144   0x0000001c   Code   RO         3622    !!handler_zi        c_w.l(__scatter_zi.o)
    0x08000160   0x08000160   0x00000000   Code   RO         3208    .ARM.Collect$$_printf_percent$$00000000  c_w.l(_printf_percent.o)
    0x08000160   0x08000160   0x00000006   Code   RO         3323    .ARM.Collect$$_printf_percent$$00000001  c_w.l(_printf_n.o)
    0x08000166   0x08000166   0x00000006   Code   RO         3325    .ARM.Collect$$_printf_percent$$00000002  c_w.l(_printf_p.o)
    0x0800016c   0x0800016c   0x00000006   Code   RO         3330    .ARM.Collect$$_printf_percent$$00000003  c_w.l(_printf_f.o)
    0x08000172   0x08000172   0x00000006   Code   RO         3331    .ARM.Collect$$_printf_percent$$00000004  c_w.l(_printf_e.o)
    0x08000178   0x08000178   0x00000006   Code   RO         3332    .ARM.Collect$$_printf_percent$$00000005  c_w.l(_printf_g.o)
    0x0800017e   0x0800017e   0x00000006   Code   RO         3333    .ARM.Collect$$_printf_percent$$00000006  c_w.l(_printf_a.o)
    0x08000184   0x08000184   0x0000000a   Code   RO         3338    .ARM.Collect$$_printf_percent$$00000007  c_w.l(_printf_ll.o)
    0x0800018e   0x0800018e   0x00000006   Code   RO         3327    .ARM.Collect$$_printf_percent$$00000008  c_w.l(_printf_i.o)
    0x08000194   0x08000194   0x00000006   Code   RO         3328    .ARM.Collect$$_printf_percent$$00000009  c_w.l(_printf_d.o)
    0x0800019a   0x0800019a   0x00000006   Code   RO         3329    .ARM.Collect$$_printf_percent$$0000000A  c_w.l(_printf_u.o)
    0x080001a0   0x080001a0   0x00000006   Code   RO         3326    .ARM.Collect$$_printf_percent$$0000000B  c_w.l(_printf_o.o)
    0x080001a6   0x080001a6   0x00000006   Code   RO         3324    .ARM.Collect$$_printf_percent$$0000000C  c_w.l(_printf_x.o)
    0x080001ac   0x080001ac   0x00000006   Code   RO         3335    .ARM.Collect$$_printf_percent$$0000000D  c_w.l(_printf_lli.o)
    0x080001b2   0x080001b2   0x00000006   Code   RO         3336    .ARM.Collect$$_printf_percent$$0000000E  c_w.l(_printf_lld.o)
    0x080001b8   0x080001b8   0x00000006   Code   RO         3337    .ARM.Collect$$_printf_percent$$0000000F  c_w.l(_printf_llu.o)
    0x080001be   0x080001be   0x00000006   Code   RO         3342    .ARM.Collect$$_printf_percent$$00000010  c_w.l(_printf_llo.o)
    0x080001c4   0x080001c4   0x00000006   Code   RO         3343    .ARM.Collect$$_printf_percent$$00000011  c_w.l(_printf_llx.o)
    0x080001ca   0x080001ca   0x0000000a   Code   RO         3339    .ARM.Collect$$_printf_percent$$00000012  c_w.l(_printf_l.o)
    0x080001d4   0x080001d4   0x00000006   Code   RO         3322    .ARM.Collect$$_printf_percent$$00000013  c_w.l(_printf_c.o)
    0x080001da   0x080001da   0x00000006   Code   RO         3207    .ARM.Collect$$_printf_percent$$00000014  c_w.l(_printf_s.o)
    0x080001e0   0x080001e0   0x00000006   Code   RO         3340    .ARM.Collect$$_printf_percent$$00000015  c_w.l(_printf_lc.o)
    0x080001e6   0x080001e6   0x00000006   Code   RO         3341    .ARM.Collect$$_printf_percent$$00000016  c_w.l(_printf_ls.o)
    0x080001ec   0x080001ec   0x00000004   Code   RO         3334    .ARM.Collect$$_printf_percent$$00000017  c_w.l(_printf_percent_end.o)
    0x080001f0   0x080001f0   0x00000002   Code   RO         3480    .ARM.Collect$$libinit$$00000000  c_w.l(libinit.o)
    0x080001f2   0x080001f2   0x00000000   Code   RO         3491    .ARM.Collect$$libinit$$00000002  c_w.l(libinit2.o)
    0x080001f2   0x080001f2   0x00000000   Code   RO         3493    .ARM.Collect$$libinit$$00000004  c_w.l(libinit2.o)
    0x080001f2   0x080001f2   0x00000000   Code   RO         3496    .ARM.Collect$$libinit$$0000000A  c_w.l(libinit2.o)
    0x080001f2   0x080001f2   0x00000000   Code   RO         3498    .ARM.Collect$$libinit$$0000000C  c_w.l(libinit2.o)
    0x080001f2   0x080001f2   0x00000000   Code   RO         3500    .ARM.Collect$$libinit$$0000000E  c_w.l(libinit2.o)
    0x080001f2   0x080001f2   0x00000006   Code   RO         3501    .ARM.Collect$$libinit$$0000000F  c_w.l(libinit2.o)
    0x080001f8   0x080001f8   0x00000000   Code   RO         3503    .ARM.Collect$$libinit$$00000011  c_w.l(libinit2.o)
    0x080001f8   0x080001f8   0x0000000c   Code   RO         3504    .ARM.Collect$$libinit$$00000012  c_w.l(libinit2.o)
    0x08000204   0x08000204   0x00000000   Code   RO         3505    .ARM.Collect$$libinit$$00000013  c_w.l(libinit2.o)
    0x08000204   0x08000204   0x00000000   Code   RO         3507    .ARM.Collect$$libinit$$00000015  c_w.l(libinit2.o)
    0x08000204   0x08000204   0x0000000a   Code   RO         3508    .ARM.Collect$$libinit$$00000016  c_w.l(libinit2.o)
    0x0800020e   0x0800020e   0x00000000   Code   RO         3509    .ARM.Collect$$libinit$$00000017  c_w.l(libinit2.o)
    0x0800020e   0x0800020e   0x00000000   Code   RO         3511    .ARM.Collect$$libinit$$00000019  c_w.l(libinit2.o)
    0x0800020e   0x0800020e   0x00000000   Code   RO         3513    .ARM.Collect$$libinit$$0000001B  c_w.l(libinit2.o)
    0x0800020e   0x0800020e   0x00000000   Code   RO         3515    .ARM.Collect$$libinit$$0000001D  c_w.l(libinit2.o)
    0x0800020e   0x0800020e   0x00000000   Code   RO         3517    .ARM.Collect$$libinit$$0000001F  c_w.l(libinit2.o)
    0x0800020e   0x0800020e   0x00000000   Code   RO         3519    .ARM.Collect$$libinit$$00000021  c_w.l(libinit2.o)
    0x0800020e   0x0800020e   0x00000000   Code   RO         3521    .ARM.Collect$$libinit$$00000023  c_w.l(libinit2.o)
    0x0800020e   0x0800020e   0x00000000   Code   RO         3523    .ARM.Collect$$libinit$$00000025  c_w.l(libinit2.o)
    0x0800020e   0x0800020e   0x00000000   Code   RO         3527    .ARM.Collect$$libinit$$0000002C  c_w.l(libinit2.o)
    0x0800020e   0x0800020e   0x00000000   Code   RO         3529    .ARM.Collect$$libinit$$0000002E  c_w.l(libinit2.o)
    0x0800020e   0x0800020e   0x00000000   Code   RO         3531    .ARM.Collect$$libinit$$00000030  c_w.l(libinit2.o)
    0x0800020e   0x0800020e   0x00000000   Code   RO         3533    .ARM.Collect$$libinit$$00000032  c_w.l(libinit2.o)
    0x0800020e   0x0800020e   0x00000002   Code   RO         3534    .ARM.Collect$$libinit$$00000033  c_w.l(libinit2.o)
    0x08000210   0x08000210   0x00000002   Code   RO         3558    .ARM.Collect$$libshutdown$$00000000  c_w.l(libshutdown.o)
    0x08000212   0x08000212   0x00000000   Code   RO         3571    .ARM.Collect$$libshutdown$$00000002  c_w.l(libshutdown2.o)
    0x08000212   0x08000212   0x00000000   Code   RO         3573    .ARM.Collect$$libshutdown$$00000004  c_w.l(libshutdown2.o)
    0x08000212   0x08000212   0x00000000   Code   RO         3576    .ARM.Collect$$libshutdown$$00000007  c_w.l(libshutdown2.o)
    0x08000212   0x08000212   0x00000000   Code   RO         3579    .ARM.Collect$$libshutdown$$0000000A  c_w.l(libshutdown2.o)
    0x08000212   0x08000212   0x00000000   Code   RO         3581    .ARM.Collect$$libshutdown$$0000000C  c_w.l(libshutdown2.o)
    0x08000212   0x08000212   0x00000000   Code   RO         3584    .ARM.Collect$$libshutdown$$0000000F  c_w.l(libshutdown2.o)
    0x08000212   0x08000212   0x00000002   Code   RO         3585    .ARM.Collect$$libshutdown$$00000010  c_w.l(libshutdown2.o)
    0x08000214   0x08000214   0x00000000   Code   RO         3273    .ARM.Collect$$rtentry$$00000000  c_w.l(__rtentry.o)
    0x08000214   0x08000214   0x00000000   Code   RO         3391    .ARM.Collect$$rtentry$$00000002  c_w.l(__rtentry2.o)
    0x08000214   0x08000214   0x00000006   Code   RO         3403    .ARM.Collect$$rtentry$$00000004  c_w.l(__rtentry4.o)
    0x0800021a   0x0800021a   0x00000000   Code   RO         3393    .ARM.Collect$$rtentry$$00000009  c_w.l(__rtentry2.o)
    0x0800021a   0x0800021a   0x00000004   Code   RO         3394    .ARM.Collect$$rtentry$$0000000A  c_w.l(__rtentry2.o)
    0x0800021e   0x0800021e   0x00000000   Code   RO         3396    .ARM.Collect$$rtentry$$0000000C  c_w.l(__rtentry2.o)
    0x0800021e   0x0800021e   0x00000008   Code   RO         3397    .ARM.Collect$$rtentry$$0000000D  c_w.l(__rtentry2.o)
    0x08000226   0x08000226   0x00000002   Code   RO         3485    .ARM.Collect$$rtexit$$00000000  c_w.l(rtexit.o)
    0x08000228   0x08000228   0x00000000   Code   RO         3538    .ARM.Collect$$rtexit$$00000002  c_w.l(rtexit2.o)
    0x08000228   0x08000228   0x00000004   Code   RO         3539    .ARM.Collect$$rtexit$$00000003  c_w.l(rtexit2.o)
    0x0800022c   0x0800022c   0x00000006   Code   RO         3540    .ARM.Collect$$rtexit$$00000004  c_w.l(rtexit2.o)
    0x08000232   0x08000232   0x00000002   PAD
    0x08000234   0x08000234   0x00000040   Code   RO            4    .text               startup_stm32f103xb.o
    0x08000274   0x08000274   0x00000024   Code   RO         3177    .text               c_w.l(vsprintf.o)
    0x08000298   0x08000298   0x0000002c   Code   RO         3179    .text               c_w.l(__2sprintf.o)
    0x080002c4   0x080002c4   0x00000052   Code   RO         3185    .text               c_w.l(_printf_str.o)
    0x08000316   0x08000316   0x00000002   PAD
    0x08000318   0x08000318   0x00000188   Code   RO         3204    .text               c_w.l(__printf_flags_ss_wp.o)
    0x080004a0   0x080004a0   0x00000044   Code   RO         3209    .text               c_w.l(rt_memclr.o)
    0x080004e4   0x080004e4   0x0000004e   Code   RO         3211    .text               c_w.l(rt_memclr_w.o)
    0x08000532   0x08000532   0x00000002   PAD
    0x08000534   0x08000534   0x00000080   Code   RO         3213    .text               c_w.l(strcmpv7m.o)
    0x080005b4   0x080005b4   0x00000006   Code   RO         3215    .text               c_w.l(heapauxi.o)
    0x080005ba   0x080005ba   0x0000004e   Code   RO         3276    .text               c_w.l(_printf_pad.o)
    0x08000608   0x08000608   0x00000024   Code   RO         3278    .text               c_w.l(_printf_truncate.o)
    0x0800062c   0x0800062c   0x00000078   Code   RO         3280    .text               c_w.l(_printf_dec.o)
    0x080006a4   0x080006a4   0x00000028   Code   RO         3282    .text               c_w.l(_printf_charcount.o)
    0x080006cc   0x080006cc   0x00000030   Code   RO         3284    .text               c_w.l(_printf_char_common.o)
    0x080006fc   0x080006fc   0x0000000a   Code   RO         3286    .text               c_w.l(_sputc.o)
    0x08000706   0x08000706   0x0000002c   Code   RO         3288    .text               c_w.l(_printf_char.o)
    0x08000732   0x08000732   0x00000002   PAD
    0x08000734   0x08000734   0x000000bc   Code   RO         3290    .text               c_w.l(_printf_wctomb.o)
    0x080007f0   0x080007f0   0x0000007c   Code   RO         3293    .text               c_w.l(_printf_longlong_dec.o)
    0x0800086c   0x0800086c   0x00000070   Code   RO         3299    .text               c_w.l(_printf_oct_int_ll.o)
    0x080008dc   0x080008dc   0x00000094   Code   RO         3319    .text               c_w.l(_printf_hex_int_ll_ptr.o)
    0x08000970   0x08000970   0x0000008a   Code   RO         3410    .text               c_w.l(lludiv10.o)
    0x080009fa   0x080009fa   0x000000b2   Code   RO         3412    .text               c_w.l(_printf_intcommon.o)
    0x08000aac   0x08000aac   0x0000041e   Code   RO         3414    .text               c_w.l(_printf_fp_dec.o)
    0x08000eca   0x08000eca   0x00000002   PAD
    0x08000ecc   0x08000ecc   0x000002fc   Code   RO         3416    .text               c_w.l(_printf_fp_hex.o)
    0x080011c8   0x080011c8   0x0000002c   Code   RO         3421    .text               c_w.l(_printf_wchar.o)
    0x080011f4   0x080011f4   0x00000040   Code   RO         3423    .text               c_w.l(_wcrtomb.o)
    0x08001234   0x08001234   0x00000008   Code   RO         3431    .text               c_w.l(libspace.o)
    0x0800123c   0x0800123c   0x0000004a   Code   RO         3434    .text               c_w.l(sys_stackheap_outer.o)
    0x08001286   0x08001286   0x00000002   PAD
    0x08001288   0x08001288   0x00000010   Code   RO         3436    .text               c_w.l(rt_ctype_table.o)
    0x08001298   0x08001298   0x00000008   Code   RO         3441    .text               c_w.l(rt_locale_intlibspace.o)
    0x080012a0   0x080012a0   0x00000080   Code   RO         3443    .text               c_w.l(_printf_fp_infnan.o)
    0x08001320   0x08001320   0x000000e4   Code   RO         3445    .text               c_w.l(bigflt0.o)
    0x08001404   0x08001404   0x00000012   Code   RO         3473    .text               c_w.l(exit.o)
    0x08001416   0x08001416   0x00000002   PAD
    0x08001418   0x08001418   0x0000000c   Code   RO         3550    .text               c_w.l(sys_exit.o)
    0x08001424   0x08001424   0x00000002   Code   RO         3561    .text               c_w.l(use_no_semi.o)
    0x08001426   0x08001426   0x00000000   Code   RO         3563    .text               c_w.l(indicate_semi.o)
    0x08001426   0x08001426   0x0000003e   Code   RO         3448    CL$$btod_d2e        c_w.l(btod.o)
    0x08001464   0x08001464   0x00000046   Code   RO         3450    CL$$btod_d2e_denorm_low  c_w.l(btod.o)
    0x080014aa   0x080014aa   0x00000060   Code   RO         3449    CL$$btod_d2e_norm_op1  c_w.l(btod.o)
    0x0800150a   0x0800150a   0x00000338   Code   RO         3458    CL$$btod_div_common  c_w.l(btod.o)
    0x08001842   0x08001842   0x000000dc   Code   RO         3455    CL$$btod_e2e        c_w.l(btod.o)
    0x0800191e   0x0800191e   0x0000002a   Code   RO         3452    CL$$btod_ediv       c_w.l(btod.o)
    0x08001948   0x08001948   0x0000002a   Code   RO         3451    CL$$btod_emul       c_w.l(btod.o)
    0x08001972   0x08001972   0x00000244   Code   RO         3457    CL$$btod_mult_common  c_w.l(btod.o)
    0x08001bb6   0x08001bb6   0x00000002   PAD
    0x08001bb8   0x08001bb8   0x00000154   Code   RO         3034    i.AT_Send           esp8266.o
    0x08001d0c   0x08001d0c   0x00000002   Code   RO          274    i.BusFault_Handler  stm32f1xx_it.o
    0x08001d0e   0x08001d0e   0x00000002   Code   RO          275    i.DebugMon_Handler  stm32f1xx_it.o
    0x08001d10   0x08001d10   0x00000058   Code   RO         3035    i.ESP8266_GetTime   esp8266.o
    0x08001d68   0x08001d68   0x0000006c   Code   RO         3036    i.ESP8266_Init      esp8266.o
    0x08001dd4   0x08001dd4   0x00000028   Code   RO         3037    i.ESP8266_RST       esp8266.o
    0x08001dfc   0x08001dfc   0x00000028   Code   RO         3038    i.ESP8266_SendString  esp8266.o
    0x08001e24   0x08001e24   0x00000004   Code   RO           13    i.Error_Handler     main.o
    0x08001e28   0x08001e28   0x00000020   Code   RO         3039    i.Exit_CIPMODE_1    esp8266.o
    0x08001e48   0x08001e48   0x00000046   Code   RO         1775    i.HAL_DMA_Abort     stm32f1xx_hal_dma.o
    0x08001e8e   0x08001e8e   0x00000002   PAD
    0x08001e90   0x08001e90   0x00000098   Code   RO         1776    i.HAL_DMA_Abort_IT  stm32f1xx_hal_dma.o
    0x08001f28   0x08001f28   0x00000024   Code   RO         1401    i.HAL_Delay         stm32f1xx_hal.o
    0x08001f4c   0x08001f4c   0x000001e0   Code   RO         1711    i.HAL_GPIO_Init     stm32f1xx_hal_gpio.o
    0x0800212c   0x0800212c   0x0000000a   Code   RO         1715    i.HAL_GPIO_WritePin  stm32f1xx_hal_gpio.o
    0x08002136   0x08002136   0x00000002   PAD
    0x08002138   0x08002138   0x0000000c   Code   RO         1405    i.HAL_GetTick       stm32f1xx_hal.o
    0x08002144   0x08002144   0x00000010   Code   RO         1411    i.HAL_IncTick       stm32f1xx_hal.o
    0x08002154   0x08002154   0x00000024   Code   RO         1412    i.HAL_Init          stm32f1xx_hal.o
    0x08002178   0x08002178   0x00000040   Code   RO         1413    i.HAL_InitTick      stm32f1xx_hal.o
    0x080021b8   0x080021b8   0x0000003c   Code   RO          361    i.HAL_MspInit       stm32f1xx_hal_msp.o
    0x080021f4   0x080021f4   0x0000001a   Code   RO         1871    i.HAL_NVIC_EnableIRQ  stm32f1xx_hal_cortex.o
    0x0800220e   0x0800220e   0x00000002   PAD
    0x08002210   0x08002210   0x00000040   Code   RO         1877    i.HAL_NVIC_SetPriority  stm32f1xx_hal_cortex.o
    0x08002250   0x08002250   0x00000024   Code   RO         1878    i.HAL_NVIC_SetPriorityGrouping  stm32f1xx_hal_cortex.o
    0x08002274   0x08002274   0x0000012c   Code   RO         1569    i.HAL_RCC_ClockConfig  stm32f1xx_hal_rcc.o
    0x080023a0   0x080023a0   0x00000020   Code   RO         1576    i.HAL_RCC_GetPCLK1Freq  stm32f1xx_hal_rcc.o
    0x080023c0   0x080023c0   0x00000020   Code   RO         1577    i.HAL_RCC_GetPCLK2Freq  stm32f1xx_hal_rcc.o
    0x080023e0   0x080023e0   0x0000004c   Code   RO         1578    i.HAL_RCC_GetSysClockFreq  stm32f1xx_hal_rcc.o
    0x0800242c   0x0800242c   0x00000320   Code   RO         1581    i.HAL_RCC_OscConfig  stm32f1xx_hal_rcc.o
    0x0800274c   0x0800274c   0x00000028   Code   RO         1882    i.HAL_SYSTICK_Config  stm32f1xx_hal_cortex.o
    0x08002774   0x08002774   0x00000002   Code   RO         1127    i.HAL_TIMEx_BreakCallback  stm32f1xx_hal_tim_ex.o
    0x08002776   0x08002776   0x00000002   Code   RO         1128    i.HAL_TIMEx_CommutCallback  stm32f1xx_hal_tim_ex.o
    0x08002778   0x08002778   0x00000068   Code   RO         1146    i.HAL_TIMEx_MasterConfigSynchronization  stm32f1xx_hal_tim_ex.o
    0x080027e0   0x080027e0   0x0000005a   Code   RO          423    i.HAL_TIM_Base_Init  stm32f1xx_hal_tim.o
    0x0800283a   0x0800283a   0x00000002   PAD
    0x0800283c   0x0800283c   0x00000038   Code   RO          191    i.HAL_TIM_Base_MspInit  tim.o
    0x08002874   0x08002874   0x00000058   Code   RO          428    i.HAL_TIM_Base_Start_IT  stm32f1xx_hal_tim.o
    0x080028cc   0x080028cc   0x000000dc   Code   RO          432    i.HAL_TIM_ConfigClockSource  stm32f1xx_hal_tim.o
    0x080029a8   0x080029a8   0x00000002   Code   RO          457    i.HAL_TIM_IC_CaptureCallback  stm32f1xx_hal_tim.o
    0x080029aa   0x080029aa   0x00000130   Code   RO          471    i.HAL_TIM_IRQHandler  stm32f1xx_hal_tim.o
    0x08002ada   0x08002ada   0x00000002   Code   RO          474    i.HAL_TIM_OC_DelayElapsedCallback  stm32f1xx_hal_tim.o
    0x08002adc   0x08002adc   0x00000002   Code   RO          501    i.HAL_TIM_PWM_PulseFinishedCallback  stm32f1xx_hal_tim.o
    0x08002ade   0x08002ade   0x00000002   PAD
    0x08002ae0   0x08002ae0   0x00000010   Code   RO         3146    i.HAL_TIM_PeriodElapsedCallback  timer.o
    0x08002af0   0x08002af0   0x00000002   Code   RO          514    i.HAL_TIM_TriggerCallback  stm32f1xx_hal_tim.o
    0x08002af2   0x08002af2   0x0000004e   Code   RO         2382    i.HAL_UARTEx_ReceiveToIdle_IT  stm32f1xx_hal_uart.o
    0x08002b40   0x08002b40   0x000000bc   Code   RO         3103    i.HAL_UARTEx_RxEventCallback  uart.o
    0x08002bfc   0x08002bfc   0x00000002   Code   RO         2397    i.HAL_UART_ErrorCallback  stm32f1xx_hal_uart.o
    0x08002bfe   0x08002bfe   0x00000002   PAD
    0x08002c00   0x08002c00   0x0000026c   Code   RO         2400    i.HAL_UART_IRQHandler  stm32f1xx_hal_uart.o
    0x08002e6c   0x08002e6c   0x00000064   Code   RO         2401    i.HAL_UART_Init     stm32f1xx_hal_uart.o
    0x08002ed0   0x08002ed0   0x00000080   Code   RO          233    i.HAL_UART_MspInit  usart.o
    0x08002f50   0x08002f50   0x00000002   Code   RO         2407    i.HAL_UART_RxCpltCallback  stm32f1xx_hal_uart.o
    0x08002f52   0x08002f52   0x000000a0   Code   RO         2409    i.HAL_UART_Transmit  stm32f1xx_hal_uart.o
    0x08002ff2   0x08002ff2   0x00000002   Code   RO         2412    i.HAL_UART_TxCpltCallback  stm32f1xx_hal_uart.o
    0x08002ff4   0x08002ff4   0x00000002   Code   RO          276    i.HardFault_Handler  stm32f1xx_it.o
    0x08002ff6   0x08002ff6   0x00000002   PAD
    0x08002ff8   0x08002ff8   0x00000098   Code   RO          166    i.MX_GPIO_Init      gpio.o
    0x08003090   0x08003090   0x00000064   Code   RO          192    i.MX_TIM2_Init      tim.o
    0x080030f4   0x080030f4   0x00000038   Code   RO          234    i.MX_USART1_UART_Init  usart.o
    0x0800312c   0x0800312c   0x00000002   Code   RO          277    i.MemManage_Handler  stm32f1xx_it.o
    0x0800312e   0x0800312e   0x00000024   Code   RO         3104    i.My_Strcmp         uart.o
    0x08003152   0x08003152   0x00000002   Code   RO          278    i.NMI_Handler       stm32f1xx_it.o
    0x08003154   0x08003154   0x00000028   Code   RO         2772    i.OLED_Clear        oled.o
    0x0800317c   0x0800317c   0x00000064   Code   RO         2773    i.OLED_ClearArea    oled.o
    0x080031e0   0x080031e0   0x0000002a   Code   RO         2781    i.OLED_GPIO_Init    oled.o
    0x0800320a   0x0800320a   0x0000003a   Code   RO         2783    i.OLED_I2C_SendByte  oled.o
    0x08003244   0x08003244   0x0000001e   Code   RO         2784    i.OLED_I2C_Start    oled.o
    0x08003262   0x08003262   0x00000018   Code   RO         2785    i.OLED_I2C_Stop     oled.o
    0x0800327a   0x0800327a   0x0000009c   Code   RO         2786    i.OLED_Init         oled.o
    0x08003316   0x08003316   0x0000002a   Code   RO         2789    i.OLED_Printf       oled.o
    0x08003340   0x08003340   0x00000022   Code   RO         2792    i.OLED_SetCursor    oled.o
    0x08003362   0x08003362   0x00000002   PAD
    0x08003364   0x08003364   0x00000044   Code   RO         2794    i.OLED_ShowChar     oled.o
    0x080033a8   0x080033a8   0x000000b0   Code   RO         2798    i.OLED_ShowImage    oled.o
    0x08003458   0x08003458   0x0000002c   Code   RO         2801    i.OLED_ShowString   oled.o
    0x08003484   0x08003484   0x00000028   Code   RO         2802    i.OLED_Update       oled.o
    0x080034ac   0x080034ac   0x00000010   Code   RO         2804    i.OLED_W_SCL        oled.o
    0x080034bc   0x080034bc   0x00000010   Code   RO         2805    i.OLED_W_SDA        oled.o
    0x080034cc   0x080034cc   0x00000022   Code   RO         2806    i.OLED_WriteCommand  oled.o
    0x080034ee   0x080034ee   0x00000030   Code   RO         2807    i.OLED_WriteData    oled.o
    0x0800351e   0x0800351e   0x00000002   Code   RO          279    i.PendSV_Handler    stm32f1xx_it.o
    0x08003520   0x08003520   0x00000002   Code   RO          280    i.SVC_Handler       stm32f1xx_it.o
    0x08003522   0x08003522   0x00000014   Code   RO         3040    i.String_Copy       esp8266.o
    0x08003536   0x08003536   0x00000004   Code   RO          281    i.SysTick_Handler   stm32f1xx_it.o
    0x0800353a   0x0800353a   0x0000005e   Code   RO           14    i.SystemClock_Config  main.o
    0x08003598   0x08003598   0x00000002   Code   RO         2735    i.SystemInit        system_stm32f1xx.o
    0x0800359a   0x0800359a   0x00000002   PAD
    0x0800359c   0x0800359c   0x0000000c   Code   RO          282    i.TIM2_IRQHandler   stm32f1xx_it.o
    0x080035a8   0x080035a8   0x00000078   Code   RO          516    i.TIM_Base_SetConfig  stm32f1xx_hal_tim.o
    0x08003620   0x08003620   0x00000014   Code   RO          527    i.TIM_ETR_SetConfig  stm32f1xx_hal_tim.o
    0x08003634   0x08003634   0x00000010   Code   RO          528    i.TIM_ITRx_SetConfig  stm32f1xx_hal_tim.o
    0x08003644   0x08003644   0x00000022   Code   RO          534    i.TIM_TI1_ConfigInputStage  stm32f1xx_hal_tim.o
    0x08003666   0x08003666   0x00000024   Code   RO          536    i.TIM_TI2_ConfigInputStage  stm32f1xx_hal_tim.o
    0x0800368a   0x0800368a   0x00000002   PAD
    0x0800368c   0x0800368c   0x0000000c   Code   RO         3147    i.Timer_Init        timer.o
    0x08003698   0x08003698   0x00000010   Code   RO         2414    i.UART_DMAAbortOnError  stm32f1xx_hal_uart.o
    0x080036a8   0x080036a8   0x0000004e   Code   RO         2424    i.UART_EndRxTransfer  stm32f1xx_hal_uart.o
    0x080036f6   0x080036f6   0x000000c2   Code   RO         2426    i.UART_Receive_IT   stm32f1xx_hal_uart.o
    0x080037b8   0x080037b8   0x000000b8   Code   RO         2427    i.UART_SetConfig    stm32f1xx_hal_uart.o
    0x08003870   0x08003870   0x00000036   Code   RO         2429    i.UART_Start_Receive_IT  stm32f1xx_hal_uart.o
    0x080038a6   0x080038a6   0x00000072   Code   RO         2430    i.UART_WaitOnFlagUntilTimeout  stm32f1xx_hal_uart.o
    0x08003918   0x08003918   0x0000000c   Code   RO          283    i.USART1_IRQHandler  stm32f1xx_it.o
    0x08003924   0x08003924   0x00000014   Code   RO         3105    i.Uart_Init         uart.o
    0x08003938   0x08003938   0x00000002   Code   RO          284    i.UsageFault_Handler  stm32f1xx_it.o
    0x0800393a   0x0800393a   0x00000028   Code   RO         3427    i.__ARM_fpclassify  m_ws.l(fpclassify.o)
    0x08003962   0x08003962   0x00000020   Code   RO         1884    i.__NVIC_SetPriority  stm32f1xx_hal_cortex.o
    0x08003982   0x08003982   0x0000000e   Code   RO         3197    i._is_digit         c_w.l(__printf_wp.o)
    0x08003990   0x08003990   0x00000040   Code   RO           15    i.main              main.o
    0x080039d0   0x080039d0   0x0000002c   Code   RO         3471    locale$$code        c_w.l(lc_numeric_c.o)
    0x080039fc   0x080039fc   0x0000002c   Code   RO         3488    locale$$code        c_w.l(lc_ctype_c.o)
    0x08003a28   0x08003a28   0x00000004   Code   RO         3356    x$fpl$printf1       fz_ws.l(printf1.o)
    0x08003a2c   0x08003a2c   0x00000004   Code   RO         3358    x$fpl$printf2       fz_ws.l(printf2.o)
    0x08003a30   0x08003a30   0x00000000   Code   RO         3364    x$fpl$usenofp       fz_ws.l(usenofp.o)
    0x08003a30   0x08003a30   0x00000012   Data   RO         1582    .constdata          stm32f1xx_hal_rcc.o
    0x08003a42   0x08003a42   0x00000010   Data   RO         2736    .constdata          system_stm32f1xx.o
    0x08003a52   0x08003a52   0x00000008   Data   RO         2737    .constdata          system_stm32f1xx.o
    0x08003a5a   0x08003a5a   0x000005f0   Data   RO         3015    .constdata          oled_data.o
    0x0800404a   0x0800404a   0x0000023a   Data   RO         3016    .constdata          oled_data.o
    0x08004284   0x08004284   0x00000011   Data   RO         3205    .constdata          c_w.l(__printf_flags_ss_wp.o)
    0x08004295   0x08004295   0x00000003   PAD
    0x08004298   0x08004298   0x00000008   Data   RO         3291    .constdata          c_w.l(_printf_wctomb.o)
    0x080042a0   0x080042a0   0x00000028   Data   RO         3320    .constdata          c_w.l(_printf_hex_int_ll_ptr.o)
    0x080042c8   0x080042c8   0x00000026   Data   RO         3417    .constdata          c_w.l(_printf_fp_hex.o)
    0x080042ee   0x080042ee   0x00000002   PAD
    0x080042f0   0x080042f0   0x00000094   Data   RO         3446    .constdata          c_w.l(bigflt0.o)
    0x08004384   0x08004384   0x00000074   Data   RO         3042    .conststring        esp8266.o
    0x080043f8   0x080043f8   0x00000020   Data   RO         3616    Region$$Table       anon$$obj.o
    0x08004418   0x08004418   0x0000001c   Data   RO         3470    locale$$data        c_w.l(lc_numeric_c.o)
    0x08004434   0x08004434   0x00000110   Data   RO         3487    locale$$data        c_w.l(lc_ctype_c.o)


    Execution Region RW_IRAM1 (Exec base: 0x20000000, Load base: 0x08004544, Size: 0x00000c48, Max: 0x00005000, ABSOLUTE)

    Exec Addr    Load Addr    Size         Type   Attr      Idx    E Section Name        Object

    0x20000000   0x08004544   0x0000000c   Data   RW         1419    .data               stm32f1xx_hal.o
    0x2000000c   0x08004550   0x00000004   Data   RW         2738    .data               system_stm32f1xx.o
    0x20000010   0x08004554   0x00000008   Data   RW         3043    .data               esp8266.o
    0x20000018   0x0800455c   0x00000008   Data   RW         3107    .data               uart.o
    0x20000020        -       0x00000048   Zero   RW          193    .bss                tim.o
    0x20000068        -       0x00000048   Zero   RW          235    .bss                usart.o
    0x200000b0        -       0x00000400   Zero   RW         2809    .bss                oled.o
    0x200004b0        -       0x00000032   Zero   RW         3041    .bss                esp8266.o
    0x200004e2        -       0x00000100   Zero   RW         3106    .bss                uart.o
    0x200005e2   0x08004564   0x00000002   PAD
    0x200005e4        -       0x00000060   Zero   RW         3432    .bss                c_w.l(libspace.o)
    0x20000644   0x08004564   0x00000004   PAD
    0x20000648        -       0x00000200   Zero   RW            2    HEAP                startup_stm32f103xb.o
    0x20000848        -       0x00000400   Zero   RW            1    STACK               startup_stm32f103xb.o


==============================================================================

Image component sizes


      Code (inc. data)   RO Data    RW Data    ZI Data      Debug   Object Name

       668        246        116          8         50       5677   esp8266.o
       152         12          0          0          0        967   gpio.o
       162          6          0          0          0     427768   main.o
       968         40          0          0       1024      11243   oled.o
         0          0       2090          0          0       1175   oled_data.o
        64         26        236          0       1536        828   startup_stm32f103xb.o
       164         28          0         12          0       6049   stm32f1xx_hal.o
       198         14          0          0          0      29059   stm32f1xx_hal_cortex.o
       222          4          0          0          0       1823   stm32f1xx_hal_dma.o
       490         34          0          0          0       2940   stm32f1xx_hal_gpio.o
        60          8          0          0          0        910   stm32f1xx_hal_msp.o
      1240         84         18          0          0       5220   stm32f1xx_hal_rcc.o
       936         24          0          0          0      10101   stm32f1xx_hal_tim.o
       108         12          0          0          0       2473   stm32f1xx_hal_tim_ex.o
      1604         10          0          0          0      11361   stm32f1xx_hal_uart.o
        44         12          0          0          0       4936   stm32f1xx_it.o
         2          0         24          4          0       1167   system_stm32f1xx.o
       156         10          0          0         72       1734   tim.o
        28         12          0          0          0       1221   timer.o
       244         52          0          8        256       2592   uart.o
       184         20          0          0         72       1762   usart.o

    ----------------------------------------------------------------------
      7714        654       2516         32       3012     531006   Object Totals
         0          0         32          0          0          0   (incl. Generated)
        20          0          0          0          2          0   (incl. Padding)

    ----------------------------------------------------------------------

      Code (inc. data)   RO Data    RW Data    ZI Data      Debug   Library Member Name

        44          6          0          0          0         84   __2sprintf.o
         8          0          0          0          0         68   __main.o
       392          4         17          0          0         92   __printf_flags_ss_wp.o
        14          0          0          0          0         68   __printf_wp.o
         0          0          0          0          0          0   __rtentry.o
        12          0          0          0          0          0   __rtentry2.o
         6          0          0          0          0          0   __rtentry4.o
        52          8          0          0          0          0   __scatter.o
        26          0          0          0          0          0   __scatter_copy.o
        28          0          0          0          0          0   __scatter_zi.o
         6          0          0          0          0          0   _printf_a.o
         6          0          0          0          0          0   _printf_c.o
        44          0          0          0          0        108   _printf_char.o
        48          6          0          0          0         96   _printf_char_common.o
        40          0          0          0          0         68   _printf_charcount.o
         6          0          0          0          0          0   _printf_d.o
       120         16          0          0          0         92   _printf_dec.o
         6          0          0          0          0          0   _printf_e.o
         6          0          0          0          0          0   _printf_f.o
      1054          0          0          0          0        216   _printf_fp_dec.o
       764          8         38          0          0        100   _printf_fp_hex.o
       128         16          0          0          0         84   _printf_fp_infnan.o
         6          0          0          0          0          0   _printf_g.o
       148          4         40          0          0        160   _printf_hex_int_ll_ptr.o
         6          0          0          0          0          0   _printf_i.o
       178          0          0          0          0         88   _printf_intcommon.o
        10          0          0          0          0          0   _printf_l.o
         6          0          0          0          0          0   _printf_lc.o
        10          0          0          0          0          0   _printf_ll.o
         6          0          0          0          0          0   _printf_lld.o
         6          0          0          0          0          0   _printf_lli.o
         6          0          0          0          0          0   _printf_llo.o
         6          0          0          0          0          0   _printf_llu.o
         6          0          0          0          0          0   _printf_llx.o
       124         16          0          0          0         92   _printf_longlong_dec.o
         6          0          0          0          0          0   _printf_ls.o
         6          0          0          0          0          0   _printf_n.o
         6          0          0          0          0          0   _printf_o.o
       112         10          0          0          0        124   _printf_oct_int_ll.o
         6          0          0          0          0          0   _printf_p.o
        78          0          0          0          0        108   _printf_pad.o
         0          0          0          0          0          0   _printf_percent.o
         4          0          0          0          0          0   _printf_percent_end.o
         6          0          0          0          0          0   _printf_s.o
        82          0          0          0          0         80   _printf_str.o
        36          0          0          0          0         84   _printf_truncate.o
         6          0          0          0          0          0   _printf_u.o
        44          0          0          0          0        108   _printf_wchar.o
       188          6          8          0          0         92   _printf_wctomb.o
         6          0          0          0          0          0   _printf_x.o
        10          0          0          0          0         68   _sputc.o
        64          0          0          0          0         92   _wcrtomb.o
       228          4        148          0          0         96   bigflt0.o
      1936        128          0          0          0        672   btod.o
        18          0          0          0          0         80   exit.o
         6          0          0          0          0        152   heapauxi.o
         0          0          0          0          0          0   indicate_semi.o
        44         10        272          0          0         76   lc_ctype_c.o
        44         10         28          0          0         76   lc_numeric_c.o
         2          0          0          0          0          0   libinit.o
        30          0          0          0          0          0   libinit2.o
         2          0          0          0          0          0   libshutdown.o
         2          0          0          0          0          0   libshutdown2.o
         8          4          0          0         96         68   libspace.o
       138          0          0          0          0         80   lludiv10.o
        16          4          0          0          0         76   rt_ctype_table.o
         8          4          0          0          0         68   rt_locale_intlibspace.o
        68          0          0          0          0         68   rt_memclr.o
        78          0          0          0          0         80   rt_memclr_w.o
         2          0          0          0          0          0   rtexit.o
        10          0          0          0          0          0   rtexit2.o
       128          0          0          0          0         68   strcmpv7m.o
        12          4          0          0          0         68   sys_exit.o
        74          0          0          0          0         80   sys_stackheap_outer.o
         2          0          0          0          0         68   use_no_semi.o
        36          4          0          0          0         76   vsprintf.o
         4          0          0          0          0         68   printf1.o
         4          0          0          0          0         68   printf2.o
         0          0          0          0          0          0   usenofp.o
        40          0          0          0          0         68   fpclassify.o

    ----------------------------------------------------------------------
      6946        272        556          0        100       4328   Library Totals
        18          0          5          0          4          0   (incl. Padding)

    ----------------------------------------------------------------------

      Code (inc. data)   RO Data    RW Data    ZI Data      Debug   Library Name

      6880        272        551          0         96       4124   c_w.l
         8          0          0          0          0        136   fz_ws.l
        40          0          0          0          0         68   m_ws.l

    ----------------------------------------------------------------------
      6946        272        556          0        100       4328   Library Totals

    ----------------------------------------------------------------------

==============================================================================


      Code (inc. data)   RO Data    RW Data    ZI Data      Debug   

     14660        926       3072         32       3112     528102   Grand Totals
     14660        926       3072         32       3112     528102   ELF Image Totals
     14660        926       3072         32          0          0   ROM Totals

==============================================================================

    Total RO  Size (Code + RO Data)                17732 (  17.32kB)
    Total RW  Size (RW Data + ZI Data)              3144 (   3.07kB)
    Total ROM Size (Code + RO Data + RW Data)      17764 (  17.35kB)

==============================================================================

